
> backend@1.0.0 test
> vitest run


 RUN  v4.0.18 /app

stdout | tests/kitchen.test.js
[dotenv@17.3.1] injecting env (0) from .env -- tip: 🤖 agentic secret storage: https://dotenvx.com/as2

stdout | tests/admin-floor.test.js
[dotenv@17.3.1] injecting env (0) from .env -- tip: ⚙️  load multiple .env files with { path: ['.env.local', '.env'] }

stdout | tests/admin-inventory.test.js
[dotenv@17.3.1] injecting env (0) from .env -- tip: 🔐 encrypt with Dotenvx: https://dotenvx.com

stdout | tests/admin-employee.test.js
[dotenv@17.3.1] injecting env (0) from .env -- tip: 🔐 encrypt with Dotenvx: https://dotenvx.com

stdout | tests/menu-digital.test.js
[dotenv@17.3.1] injecting env (0) from .env -- tip: 🔐 encrypt with Dotenvx: https://dotenvx.com

stdout | tests/cashier.test.js
[dotenv@17.3.1] injecting env (0) from .env -- tip: 🛡️ auth for agents: https://vestauth.com

stdout | tests/inventory-transfers.test.js
[dotenv@17.3.1] injecting env (0) from .env -- tip: ⚙️  write to custom object with { processEnv: myObject }

stdout | tests/admin-menu.test.js
[dotenv@17.3.1] injecting env (0) from .env -- tip: 🤖 agentic secret storage: https://dotenvx.com/as2

stdout | tests/waiter.test.js
[dotenv@17.3.1] injecting env (0) from .env -- tip: 🛠️  run anywhere with `dotenvx run -- yourcommand`

stdout | tests/kitchen-kds.test.js
[dotenv@17.3.1] injecting env (0) from .env -- tip: ⚙️  override existing env vars with { override: true }

stdout | tests/e2e-operacion.test.js
[dotenv@17.3.1] injecting env (0) from .env -- tip: ⚙️  suppress all logs with { quiet: true }

stdout | tests/admin-employee.test.js
[SchemaRouter] Registering POST /assignments -> Workflow: Crear Asignación
[SchemaRouter] Registering DELETE /assignments/:id -> Workflow: Eliminar Asignación
[SchemaRouter] Registering GET /assignments -> Workflow: Obtener Asignaciones
[SchemaRouter] Registering POST /auth/login -> Workflow: Login Web
[SchemaRouter] Registering POST /auth/pin -> Workflow: Login PIN (POS)
[SchemaRouter] Registering GET /cashier/board -> Workflow: Cashier Board
[SchemaRouter] Registering GET /cashier/corte -> Workflow: Cashier Corte Z
[SchemaRouter] Registering GET /cashier/employees -> Workflow: Cashier Get Eligible Employees
[SchemaRouter] Registering GET /cashier/tickets/:folio -> Workflow: Cashier Get Ticket by Folio
[SchemaRouter] Registering POST /cashier/tickets/:folio/invoice -> Workflow: Solicitar Factura CFDI
[SchemaRouter] Registering POST /cashier/login -> Workflow: Cashier Login
[SchemaRouter] Registering POST /cashier/tables/:tableCode/pay -> Workflow: Cashier Process Payment
[SchemaRouter] Registering POST /employees/areas/bulk-deactivate -> Workflow: Bulk Deactivate Areas
[SchemaRouter] Registering POST /employees/job-titles/bulk-deactivate -> Workflow: Bulk Deactivate Job Titles
[SchemaRouter] Registering PUT /employees/areas/bulk -> Workflow: Bulk Update Areas
[SchemaRouter] Registering PUT /employees/job-titles/bulk -> Workflow: Bulk Update Job Titles
[SchemaRouter] Registering POST /employees/areas -> Workflow: Create Area
[SchemaRouter] Registering POST /employees/job-titles -> Workflow: Create Job Title
[SchemaRouter] Registering DELETE /employees/areas/:code -> Workflow: Deactivate Area
[SchemaRouter] Registering DELETE /employees/job-titles/:code -> Workflow: Deactivate Job Title
[SchemaRouter] Registering GET /employees/areas -> Workflow: Get Active Areas
[SchemaRouter] Registering GET /employees/job-titles -> Workflow: Get Active Job Titles
[SchemaRouter] Registering PUT /employees/areas/:code -> Workflow: Update Area
[SchemaRouter] Registering PUT /employees/job-titles/:code -> Workflow: Update Job Title
[SchemaRouter] Registering POST /employees/bulk -> Workflow: Bulk Save Employees
[SchemaRouter] Registering POST /employees -> Workflow: Registrar Nuevo Empleado
[SchemaRouter] Registering DELETE /employees/:employeeNumber -> Workflow: Desactivar Empleado
[SchemaRouter] Registering GET /employees -> Workflow: Obtener Empleados
[SchemaRouter] Registering POST /employees/webhook -> Workflow: HR External Injection (PUSH)
[SchemaRouter] Registering POST /employees/sync-catalogs -> Workflow: Sync HR Catalogs
[SchemaRouter] Registering PUT /employees/:employeeNumber -> Workflow: Actualizar Registro de Empleado
[SchemaRouter] Registering POST /menu/categories -> Workflow: Crear Categoría de Menú
[SchemaRouter] Registering POST /menu/dishes -> Workflow: Crear Platillo
[SchemaRouter] Registering DELETE /menu/categories/:code -> Workflow: Eliminar Categoría
[SchemaRouter] Registering DELETE /menu/dishes/:code -> Workflow: Eliminar Platillo
[SchemaRouter] Registering GET /menu/categories -> Workflow: Obtener Categorías de Menú
[SchemaRouter] Registering GET /menu/dishes -> Workflow: Obtener Platillos del Menú
[SchemaRouter] Registering PUT /menu/categories/:code -> Workflow: Actualizar Categoría
[SchemaRouter] Registering PUT /menu/dishes/:code -> Workflow: Actualizar Platillo
[SchemaRouter] Registering POST /tables -> Workflow: Create Table
[SchemaRouter] Registering DELETE /tables/:id -> Workflow: Delete Table (Smart Delete)
[SchemaRouter] Registering GET /tables -> Workflow: Get Tables
[SchemaRouter] Registering PUT /tables/:id -> Workflow: Update Table
[SchemaRouter] Registering POST /zones -> Workflow: Create Zone
[SchemaRouter] Registering DELETE /zones/:code -> Workflow: Delete Zone (Smart Delete)
[SchemaRouter] Registering GET /zones -> Workflow: Get Zones
[SchemaRouter] Registering PUT /zones/:code -> Workflow: Update Zone
[SchemaRouter] Dynamic route mounting complete. (admin)
[SchemaRouter] Registering GET /board -> Workflow: Kitchen Display Board
[SchemaRouter] Registering PUT /items/:itemId/status -> Workflow: Actualizar Estado de Item en Cocina
[SchemaRouter] Registering POST /recipes/items -> Workflow: Agregar Ingrediente a Receta
[SchemaRouter] Registering POST /ingredients -> Workflow: Alta de Insumo
[SchemaRouter] Registering GET /dishes/finished -> Workflow: Catálogo de Recetario
[SchemaRouter] Registering GET /ingredients -> Workflow: Obtener Insumos
[SchemaRouter] Registering GET /dishes/pending -> Workflow: Bandeja de Platillos Pendientes
[SchemaRouter] Registering GET /recipes/:dishCode/bom -> Workflow: Obtener Ingredientes de Platillo
[SchemaRouter] Registering PUT /recipes/:dishCode/tech-sheet -> Workflow: Actualizar Ficha Técnica
[SchemaRouter] Dynamic route mounting complete. (kitchen)
[SchemaRouter] Registering POST /adjustments -> Workflow: Registrar Ajuste o Merma Física
[SchemaRouter] Registering POST /suppliers -> Workflow: Crear Proveedor
[SchemaRouter] Registering POST /transfers -> Workflow: Registrar Traspaso de Bodega
[SchemaRouter] Registering GET /stock -> Workflow: Obtener Inventario y Kardex
[SchemaRouter] Registering GET /kardex -> Workflow: Obtener Libro Mayor (Kardex)
[SchemaRouter] Registering GET /suppliers -> Workflow: Obtener Proveedores
[SchemaRouter] Registering POST /suppliers/prices -> Workflow: Guardar Precio de Proveedor
[SchemaRouter] Registering POST /sync -> Workflow: Sincronización PULL de Compras
[SchemaRouter] Registering POST /webhook -> Workflow: Ingesta de Webhook PUSH de Compras
[SchemaRouter] Dynamic route mounting complete. (inventory)
[SchemaRouter] Registering GET /menu/public -> Workflow: Consultar Menú Público para Clientes
[SchemaRouter] Registering POST /waiters/tables/:tableCode/close -> Workflow: Waiter Close Table
[SchemaRouter] Registering PUT /waiters/tables/:tableCode/items/:itemId/collect -> Workflow: Waiter Collect Item
[SchemaRouter] Registering PUT /waiters/tables/:tableCode/items/:itemId/deliver -> Workflow: Waiter Deliver Item
[SchemaRouter] Registering GET /waiters/layout -> Workflow: Waiter Floor Layout
[SchemaRouter] Registering POST /waiters/login -> Workflow: Waiter Login (PIN)
[SchemaRouter] Registering POST /waiters/tables/:tableCode/open -> Workflow: Waiter Open Table
[SchemaRouter] Registering GET /waiters/tables/:tableCode/order -> Workflow: Waiter Table Order Status
[SchemaRouter] Registering POST /waiters/tables/:tableCode/orders -> Workflow: Waiter Submit Order
[SchemaRouter] Registering POST /tables/:tableCode/call-waiter -> Workflow: Llamar al Mesero (Menú Digital)
[SchemaRouter] Dynamic route mounting complete. (public)

stdout | tests/admin-menu.test.js
[SchemaRouter] Registering POST /assignments -> Workflow: Crear Asignación
[SchemaRouter] Registering DELETE /assignments/:id -> Workflow: Eliminar Asignación
[SchemaRouter] Registering GET /assignments -> Workflow: Obtener Asignaciones
[SchemaRouter] Registering POST /auth/login -> Workflow: Login Web
[SchemaRouter] Registering POST /auth/pin -> Workflow: Login PIN (POS)
[SchemaRouter] Registering GET /cashier/board -> Workflow: Cashier Board
[SchemaRouter] Registering GET /cashier/corte -> Workflow: Cashier Corte Z
[SchemaRouter] Registering GET /cashier/employees -> Workflow: Cashier Get Eligible Employees
[SchemaRouter] Registering GET /cashier/tickets/:folio -> Workflow: Cashier Get Ticket by Folio
[SchemaRouter] Registering POST /cashier/tickets/:folio/invoice -> Workflow: Solicitar Factura CFDI
[SchemaRouter] Registering POST /cashier/login -> Workflow: Cashier Login
[SchemaRouter] Registering POST /cashier/tables/:tableCode/pay -> Workflow: Cashier Process Payment
[SchemaRouter] Registering POST /employees/areas/bulk-deactivate -> Workflow: Bulk Deactivate Areas
[SchemaRouter] Registering POST /employees/job-titles/bulk-deactivate -> Workflow: Bulk Deactivate Job Titles
[SchemaRouter] Registering PUT /employees/areas/bulk -> Workflow: Bulk Update Areas
[SchemaRouter] Registering PUT /employees/job-titles/bulk -> Workflow: Bulk Update Job Titles
[SchemaRouter] Registering POST /employees/areas -> Workflow: Create Area
[SchemaRouter] Registering POST /employees/job-titles -> Workflow: Create Job Title
[SchemaRouter] Registering DELETE /employees/areas/:code -> Workflow: Deactivate Area
[SchemaRouter] Registering DELETE /employees/job-titles/:code -> Workflow: Deactivate Job Title
[SchemaRouter] Registering GET /employees/areas -> Workflow: Get Active Areas
[SchemaRouter] Registering GET /employees/job-titles -> Workflow: Get Active Job Titles
[SchemaRouter] Registering PUT /employees/areas/:code -> Workflow: Update Area
[SchemaRouter] Registering PUT /employees/job-titles/:code -> Workflow: Update Job Title
[SchemaRouter] Registering POST /employees/bulk -> Workflow: Bulk Save Employees
[SchemaRouter] Registering POST /employees -> Workflow: Registrar Nuevo Empleado
[SchemaRouter] Registering DELETE /employees/:employeeNumber -> Workflow: Desactivar Empleado
[SchemaRouter] Registering GET /employees -> Workflow: Obtener Empleados
[SchemaRouter] Registering POST /employees/webhook -> Workflow: HR External Injection (PUSH)
[SchemaRouter] Registering POST /employees/sync-catalogs -> Workflow: Sync HR Catalogs
[SchemaRouter] Registering PUT /employees/:employeeNumber -> Workflow: Actualizar Registro de Empleado
[SchemaRouter] Registering POST /menu/categories -> Workflow: Crear Categoría de Menú
[SchemaRouter] Registering POST /menu/dishes -> Workflow: Crear Platillo
[SchemaRouter] Registering DELETE /menu/categories/:code -> Workflow: Eliminar Categoría
[SchemaRouter] Registering DELETE /menu/dishes/:code -> Workflow: Eliminar Platillo
[SchemaRouter] Registering GET /menu/categories -> Workflow: Obtener Categorías de Menú
[SchemaRouter] Registering GET /menu/dishes -> Workflow: Obtener Platillos del Menú
[SchemaRouter] Registering PUT /menu/categories/:code -> Workflow: Actualizar Categoría
[SchemaRouter] Registering PUT /menu/dishes/:code -> Workflow: Actualizar Platillo
[SchemaRouter] Registering POST /tables -> Workflow: Create Table
[SchemaRouter] Registering DELETE /tables/:id -> Workflow: Delete Table (Smart Delete)
[SchemaRouter] Registering GET /tables -> Workflow: Get Tables
[SchemaRouter] Registering PUT /tables/:id -> Workflow: Update Table
[SchemaRouter] Registering POST /zones -> Workflow: Create Zone
[SchemaRouter] Registering DELETE /zones/:code -> Workflow: Delete Zone (Smart Delete)
[SchemaRouter] Registering GET /zones -> Workflow: Get Zones
[SchemaRouter] Registering PUT /zones/:code -> Workflow: Update Zone
[SchemaRouter] Dynamic route mounting complete. (admin)
[SchemaRouter] Registering GET /board -> Workflow: Kitchen Display Board
[SchemaRouter] Registering PUT /items/:itemId/status -> Workflow: Actualizar Estado de Item en Cocina
[SchemaRouter] Registering POST /recipes/items -> Workflow: Agregar Ingrediente a Receta
[SchemaRouter] Registering POST /ingredients -> Workflow: Alta de Insumo
[SchemaRouter] Registering GET /dishes/finished -> Workflow: Catálogo de Recetario
[SchemaRouter] Registering GET /ingredients -> Workflow: Obtener Insumos
[SchemaRouter] Registering GET /dishes/pending -> Workflow: Bandeja de Platillos Pendientes
[SchemaRouter] Registering GET /recipes/:dishCode/bom -> Workflow: Obtener Ingredientes de Platillo
[SchemaRouter] Registering PUT /recipes/:dishCode/tech-sheet -> Workflow: Actualizar Ficha Técnica
[SchemaRouter] Dynamic route mounting complete. (kitchen)
[SchemaRouter] Registering POST /adjustments -> Workflow: Registrar Ajuste o Merma Física
[SchemaRouter] Registering POST /suppliers -> Workflow: Crear Proveedor
[SchemaRouter] Registering POST /transfers -> Workflow: Registrar Traspaso de Bodega
[SchemaRouter] Registering GET /stock -> Workflow: Obtener Inventario y Kardex
[SchemaRouter] Registering GET /kardex -> Workflow: Obtener Libro Mayor (Kardex)
[SchemaRouter] Registering GET /suppliers -> Workflow: Obtener Proveedores
[SchemaRouter] Registering POST /suppliers/prices -> Workflow: Guardar Precio de Proveedor
[SchemaRouter] Registering POST /sync -> Workflow: Sincronización PULL de Compras
[SchemaRouter] Registering POST /webhook -> Workflow: Ingesta de Webhook PUSH de Compras
[SchemaRouter] Dynamic route mounting complete. (inventory)
[SchemaRouter] Registering GET /menu/public -> Workflow: Consultar Menú Público para Clientes
[SchemaRouter] Registering POST /waiters/tables/:tableCode/close -> Workflow: Waiter Close Table
[SchemaRouter] Registering PUT /waiters/tables/:tableCode/items/:itemId/collect -> Workflow: Waiter Collect Item
[SchemaRouter] Registering PUT /waiters/tables/:tableCode/items/:itemId/deliver -> Workflow: Waiter Deliver Item
[SchemaRouter] Registering GET /waiters/layout -> Workflow: Waiter Floor Layout
[SchemaRouter] Registering POST /waiters/login -> Workflow: Waiter Login (PIN)
[SchemaRouter] Registering POST /waiters/tables/:tableCode/open -> Workflow: Waiter Open Table
[SchemaRouter] Registering GET /waiters/tables/:tableCode/order -> Workflow: Waiter Table Order Status
[SchemaRouter] Registering POST /waiters/tables/:tableCode/orders -> Workflow: Waiter Submit Order
[SchemaRouter] Registering POST /tables/:tableCode/call-waiter -> Workflow: Llamar al Mesero (Menú Digital)
[SchemaRouter] Dynamic route mounting complete. (public)

stdout | tests/admin-inventory.test.js
[SchemaRouter] Registering POST /assignments -> Workflow: Crear Asignación
[SchemaRouter] Registering DELETE /assignments/:id -> Workflow: Eliminar Asignación
[SchemaRouter] Registering GET /assignments -> Workflow: Obtener Asignaciones
[SchemaRouter] Registering POST /auth/login -> Workflow: Login Web
[SchemaRouter] Registering POST /auth/pin -> Workflow: Login PIN (POS)
[SchemaRouter] Registering GET /cashier/board -> Workflow: Cashier Board
[SchemaRouter] Registering GET /cashier/corte -> Workflow: Cashier Corte Z
[SchemaRouter] Registering GET /cashier/employees -> Workflow: Cashier Get Eligible Employees
[SchemaRouter] Registering GET /cashier/tickets/:folio -> Workflow: Cashier Get Ticket by Folio
[SchemaRouter] Registering POST /cashier/tickets/:folio/invoice -> Workflow: Solicitar Factura CFDI
[SchemaRouter] Registering POST /cashier/login -> Workflow: Cashier Login
[SchemaRouter] Registering POST /cashier/tables/:tableCode/pay -> Workflow: Cashier Process Payment
[SchemaRouter] Registering POST /employees/areas/bulk-deactivate -> Workflow: Bulk Deactivate Areas
[SchemaRouter] Registering POST /employees/job-titles/bulk-deactivate -> Workflow: Bulk Deactivate Job Titles
[SchemaRouter] Registering PUT /employees/areas/bulk -> Workflow: Bulk Update Areas
[SchemaRouter] Registering PUT /employees/job-titles/bulk -> Workflow: Bulk Update Job Titles
[SchemaRouter] Registering POST /employees/areas -> Workflow: Create Area
[SchemaRouter] Registering POST /employees/job-titles -> Workflow: Create Job Title
[SchemaRouter] Registering DELETE /employees/areas/:code -> Workflow: Deactivate Area
[SchemaRouter] Registering DELETE /employees/job-titles/:code -> Workflow: Deactivate Job Title
[SchemaRouter] Registering GET /employees/areas -> Workflow: Get Active Areas
[SchemaRouter] Registering GET /employees/job-titles -> Workflow: Get Active Job Titles
[SchemaRouter] Registering PUT /employees/areas/:code -> Workflow: Update Area
[SchemaRouter] Registering PUT /employees/job-titles/:code -> Workflow: Update Job Title
[SchemaRouter] Registering POST /employees/bulk -> Workflow: Bulk Save Employees
[SchemaRouter] Registering POST /employees -> Workflow: Registrar Nuevo Empleado
[SchemaRouter] Registering DELETE /employees/:employeeNumber -> Workflow: Desactivar Empleado
[SchemaRouter] Registering GET /employees -> Workflow: Obtener Empleados
[SchemaRouter] Registering POST /employees/webhook -> Workflow: HR External Injection (PUSH)
[SchemaRouter] Registering POST /employees/sync-catalogs -> Workflow: Sync HR Catalogs
[SchemaRouter] Registering PUT /employees/:employeeNumber -> Workflow: Actualizar Registro de Empleado
[SchemaRouter] Registering POST /menu/categories -> Workflow: Crear Categoría de Menú
[SchemaRouter] Registering POST /menu/dishes -> Workflow: Crear Platillo
[SchemaRouter] Registering DELETE /menu/categories/:code -> Workflow: Eliminar Categoría
[SchemaRouter] Registering DELETE /menu/dishes/:code -> Workflow: Eliminar Platillo
[SchemaRouter] Registering GET /menu/categories -> Workflow: Obtener Categorías de Menú
[SchemaRouter] Registering GET /menu/dishes -> Workflow: Obtener Platillos del Menú
[SchemaRouter] Registering PUT /menu/categories/:code -> Workflow: Actualizar Categoría
[SchemaRouter] Registering PUT /menu/dishes/:code -> Workflow: Actualizar Platillo
[SchemaRouter] Registering POST /tables -> Workflow: Create Table
[SchemaRouter] Registering DELETE /tables/:id -> Workflow: Delete Table (Smart Delete)
[SchemaRouter] Registering GET /tables -> Workflow: Get Tables
[SchemaRouter] Registering PUT /tables/:id -> Workflow: Update Table
[SchemaRouter] Registering POST /zones -> Workflow: Create Zone
[SchemaRouter] Registering DELETE /zones/:code -> Workflow: Delete Zone (Smart Delete)
[SchemaRouter] Registering GET /zones -> Workflow: Get Zones
[SchemaRouter] Registering PUT /zones/:code -> Workflow: Update Zone
[SchemaRouter] Dynamic route mounting complete. (admin)
[SchemaRouter] Registering GET /board -> Workflow: Kitchen Display Board
[SchemaRouter] Registering PUT /items/:itemId/status -> Workflow: Actualizar Estado de Item en Cocina
[SchemaRouter] Registering POST /recipes/items -> Workflow: Agregar Ingrediente a Receta
[SchemaRouter] Registering POST /ingredients -> Workflow: Alta de Insumo
[SchemaRouter] Registering GET /dishes/finished -> Workflow: Catálogo de Recetario
[SchemaRouter] Registering GET /ingredients -> Workflow: Obtener Insumos
[SchemaRouter] Registering GET /dishes/pending -> Workflow: Bandeja de Platillos Pendientes
[SchemaRouter] Registering GET /recipes/:dishCode/bom -> Workflow: Obtener Ingredientes de Platillo
[SchemaRouter] Registering PUT /recipes/:dishCode/tech-sheet -> Workflow: Actualizar Ficha Técnica
[SchemaRouter] Dynamic route mounting complete. (kitchen)
[SchemaRouter] Registering POST /adjustments -> Workflow: Registrar Ajuste o Merma Física
[SchemaRouter] Registering POST /suppliers -> Workflow: Crear Proveedor
[SchemaRouter] Registering POST /transfers -> Workflow: Registrar Traspaso de Bodega
[SchemaRouter] Registering GET /stock -> Workflow: Obtener Inventario y Kardex
[SchemaRouter] Registering GET /kardex -> Workflow: Obtener Libro Mayor (Kardex)
[SchemaRouter] Registering GET /suppliers -> Workflow: Obtener Proveedores
[SchemaRouter] Registering POST /suppliers/prices -> Workflow: Guardar Precio de Proveedor
[SchemaRouter] Registering POST /sync -> Workflow: Sincronización PULL de Compras
[SchemaRouter] Registering POST /webhook -> Workflow: Ingesta de Webhook PUSH de Compras
[SchemaRouter] Dynamic route mounting complete. (inventory)
[SchemaRouter] Registering GET /menu/public -> Workflow: Consultar Menú Público para Clientes
[SchemaRouter] Registering POST /waiters/tables/:tableCode/close -> Workflow: Waiter Close Table
[SchemaRouter] Registering PUT /waiters/tables/:tableCode/items/:itemId/collect -> Workflow: Waiter Collect Item
[SchemaRouter] Registering PUT /waiters/tables/:tableCode/items/:itemId/deliver -> Workflow: Waiter Deliver Item
[SchemaRouter] Registering GET /waiters/layout -> Workflow: Waiter Floor Layout
[SchemaRouter] Registering POST /waiters/login -> Workflow: Waiter Login (PIN)
[SchemaRouter] Registering POST /waiters/tables/:tableCode/open -> Workflow: Waiter Open Table
[SchemaRouter] Registering GET /waiters/tables/:tableCode/order -> Workflow: Waiter Table Order Status
[SchemaRouter] Registering POST /waiters/tables/:tableCode/orders -> Workflow: Waiter Submit Order
[SchemaRouter] Registering POST /tables/:tableCode/call-waiter -> Workflow: Llamar al Mesero (Menú Digital)
[SchemaRouter] Dynamic route mounting complete. (public)

stdout | tests/cashier.test.js
[SchemaRouter] Registering POST /assignments -> Workflow: Crear Asignación
[SchemaRouter] Registering DELETE /assignments/:id -> Workflow: Eliminar Asignación
[SchemaRouter] Registering GET /assignments -> Workflow: Obtener Asignaciones
[SchemaRouter] Registering POST /auth/login -> Workflow: Login Web
[SchemaRouter] Registering POST /auth/pin -> Workflow: Login PIN (POS)
[SchemaRouter] Registering GET /cashier/board -> Workflow: Cashier Board
[SchemaRouter] Registering GET /cashier/corte -> Workflow: Cashier Corte Z
[SchemaRouter] Registering GET /cashier/employees -> Workflow: Cashier Get Eligible Employees
[SchemaRouter] Registering GET /cashier/tickets/:folio -> Workflow: Cashier Get Ticket by Folio
[SchemaRouter] Registering POST /cashier/tickets/:folio/invoice -> Workflow: Solicitar Factura CFDI
[SchemaRouter] Registering POST /cashier/login -> Workflow: Cashier Login
[SchemaRouter] Registering POST /cashier/tables/:tableCode/pay -> Workflow: Cashier Process Payment
[SchemaRouter] Registering POST /employees/areas/bulk-deactivate -> Workflow: Bulk Deactivate Areas
[SchemaRouter] Registering POST /employees/job-titles/bulk-deactivate -> Workflow: Bulk Deactivate Job Titles
[SchemaRouter] Registering PUT /employees/areas/bulk -> Workflow: Bulk Update Areas
[SchemaRouter] Registering PUT /employees/job-titles/bulk -> Workflow: Bulk Update Job Titles
[SchemaRouter] Registering POST /employees/areas -> Workflow: Create Area
[SchemaRouter] Registering POST /employees/job-titles -> Workflow: Create Job Title
[SchemaRouter] Registering DELETE /employees/areas/:code -> Workflow: Deactivate Area
[SchemaRouter] Registering DELETE /employees/job-titles/:code -> Workflow: Deactivate Job Title
[SchemaRouter] Registering GET /employees/areas -> Workflow: Get Active Areas
[SchemaRouter] Registering GET /employees/job-titles -> Workflow: Get Active Job Titles
[SchemaRouter] Registering PUT /employees/areas/:code -> Workflow: Update Area
[SchemaRouter] Registering PUT /employees/job-titles/:code -> Workflow: Update Job Title
[SchemaRouter] Registering POST /employees/bulk -> Workflow: Bulk Save Employees
[SchemaRouter] Registering POST /employees -> Workflow: Registrar Nuevo Empleado
[SchemaRouter] Registering DELETE /employees/:employeeNumber -> Workflow: Desactivar Empleado
[SchemaRouter] Registering GET /employees -> Workflow: Obtener Empleados
[SchemaRouter] Registering POST /employees/webhook -> Workflow: HR External Injection (PUSH)
[SchemaRouter] Registering POST /employees/sync-catalogs -> Workflow: Sync HR Catalogs
[SchemaRouter] Registering PUT /employees/:employeeNumber -> Workflow: Actualizar Registro de Empleado
[SchemaRouter] Registering POST /menu/categories -> Workflow: Crear Categoría de Menú
[SchemaRouter] Registering POST /menu/dishes -> Workflow: Crear Platillo
[SchemaRouter] Registering DELETE /menu/categories/:code -> Workflow: Eliminar Categoría
[SchemaRouter] Registering DELETE /menu/dishes/:code -> Workflow: Eliminar Platillo
[SchemaRouter] Registering GET /menu/categories -> Workflow: Obtener Categorías de Menú
[SchemaRouter] Registering GET /menu/dishes -> Workflow: Obtener Platillos del Menú
[SchemaRouter] Registering PUT /menu/categories/:code -> Workflow: Actualizar Categoría
[SchemaRouter] Registering PUT /menu/dishes/:code -> Workflow: Actualizar Platillo
[SchemaRouter] Registering POST /tables -> Workflow: Create Table
[SchemaRouter] Registering DELETE /tables/:id -> Workflow: Delete Table (Smart Delete)
[SchemaRouter] Registering GET /tables -> Workflow: Get Tables
[SchemaRouter] Registering PUT /tables/:id -> Workflow: Update Table
[SchemaRouter] Registering POST /zones -> Workflow: Create Zone
[SchemaRouter] Registering DELETE /zones/:code -> Workflow: Delete Zone (Smart Delete)
[SchemaRouter] Registering GET /zones -> Workflow: Get Zones
[SchemaRouter] Registering PUT /zones/:code -> Workflow: Update Zone
[SchemaRouter] Dynamic route mounting complete. (admin)
[SchemaRouter] Registering GET /board -> Workflow: Kitchen Display Board
[SchemaRouter] Registering PUT /items/:itemId/status -> Workflow: Actualizar Estado de Item en Cocina
[SchemaRouter] Registering POST /recipes/items -> Workflow: Agregar Ingrediente a Receta
[SchemaRouter] Registering POST /ingredients -> Workflow: Alta de Insumo
[SchemaRouter] Registering GET /dishes/finished -> Workflow: Catálogo de Recetario
[SchemaRouter] Registering GET /ingredients -> Workflow: Obtener Insumos
[SchemaRouter] Registering GET /dishes/pending -> Workflow: Bandeja de Platillos Pendientes
[SchemaRouter] Registering GET /recipes/:dishCode/bom -> Workflow: Obtener Ingredientes de Platillo
[SchemaRouter] Registering PUT /recipes/:dishCode/tech-sheet -> Workflow: Actualizar Ficha Técnica
[SchemaRouter] Dynamic route mounting complete. (kitchen)
[SchemaRouter] Registering POST /adjustments -> Workflow: Registrar Ajuste o Merma Física
[SchemaRouter] Registering POST /suppliers -> Workflow: Crear Proveedor
[SchemaRouter] Registering POST /transfers -> Workflow: Registrar Traspaso de Bodega
[SchemaRouter] Registering GET /stock -> Workflow: Obtener Inventario y Kardex
[SchemaRouter] Registering GET /kardex -> Workflow: Obtener Libro Mayor (Kardex)
[SchemaRouter] Registering GET /suppliers -> Workflow: Obtener Proveedores
[SchemaRouter] Registering POST /suppliers/prices -> Workflow: Guardar Precio de Proveedor
[SchemaRouter] Registering POST /sync -> Workflow: Sincronización PULL de Compras
[SchemaRouter] Registering POST /webhook -> Workflow: Ingesta de Webhook PUSH de Compras
[SchemaRouter] Dynamic route mounting complete. (inventory)
[SchemaRouter] Registering GET /menu/public -> Workflow: Consultar Menú Público para Clientes
[SchemaRouter] Registering POST /waiters/tables/:tableCode/close -> Workflow: Waiter Close Table
[SchemaRouter] Registering PUT /waiters/tables/:tableCode/items/:itemId/collect -> Workflow: Waiter Collect Item
[SchemaRouter] Registering PUT /waiters/tables/:tableCode/items/:itemId/deliver -> Workflow: Waiter Deliver Item
[SchemaRouter] Registering GET /waiters/layout -> Workflow: Waiter Floor Layout
[SchemaRouter] Registering POST /waiters/login -> Workflow: Waiter Login (PIN)
[SchemaRouter] Registering POST /waiters/tables/:tableCode/open -> Workflow: Waiter Open Table
[SchemaRouter] Registering GET /waiters/tables/:tableCode/order -> Workflow: Waiter Table Order Status
[SchemaRouter] Registering POST /waiters/tables/:tableCode/orders -> Workflow: Waiter Submit Order
[SchemaRouter] Registering POST /tables/:tableCode/call-waiter -> Workflow: Llamar al Mesero (Menú Digital)
[SchemaRouter] Dynamic route mounting complete. (public)

stdout | tests/kitchen-kds.test.js
[SchemaRouter] Registering POST /assignments -> Workflow: Crear Asignación
[SchemaRouter] Registering DELETE /assignments/:id -> Workflow: Eliminar Asignación
[SchemaRouter] Registering GET /assignments -> Workflow: Obtener Asignaciones
[SchemaRouter] Registering POST /auth/login -> Workflow: Login Web
[SchemaRouter] Registering POST /auth/pin -> Workflow: Login PIN (POS)
[SchemaRouter] Registering GET /cashier/board -> Workflow: Cashier Board
[SchemaRouter] Registering GET /cashier/corte -> Workflow: Cashier Corte Z
[SchemaRouter] Registering GET /cashier/employees -> Workflow: Cashier Get Eligible Employees
[SchemaRouter] Registering GET /cashier/tickets/:folio -> Workflow: Cashier Get Ticket by Folio
[SchemaRouter] Registering POST /cashier/tickets/:folio/invoice -> Workflow: Solicitar Factura CFDI
[SchemaRouter] Registering POST /cashier/login -> Workflow: Cashier Login
[SchemaRouter] Registering POST /cashier/tables/:tableCode/pay -> Workflow: Cashier Process Payment
[SchemaRouter] Registering POST /employees/areas/bulk-deactivate -> Workflow: Bulk Deactivate Areas
[SchemaRouter] Registering POST /employees/job-titles/bulk-deactivate -> Workflow: Bulk Deactivate Job Titles
[SchemaRouter] Registering PUT /employees/areas/bulk -> Workflow: Bulk Update Areas
[SchemaRouter] Registering PUT /employees/job-titles/bulk -> Workflow: Bulk Update Job Titles
[SchemaRouter] Registering POST /employees/areas -> Workflow: Create Area
[SchemaRouter] Registering POST /employees/job-titles -> Workflow: Create Job Title
[SchemaRouter] Registering DELETE /employees/areas/:code -> Workflow: Deactivate Area
[SchemaRouter] Registering DELETE /employees/job-titles/:code -> Workflow: Deactivate Job Title
[SchemaRouter] Registering GET /employees/areas -> Workflow: Get Active Areas
[SchemaRouter] Registering GET /employees/job-titles -> Workflow: Get Active Job Titles
[SchemaRouter] Registering PUT /employees/areas/:code -> Workflow: Update Area
[SchemaRouter] Registering PUT /employees/job-titles/:code -> Workflow: Update Job Title
[SchemaRouter] Registering POST /employees/bulk -> Workflow: Bulk Save Employees
[SchemaRouter] Registering POST /employees -> Workflow: Registrar Nuevo Empleado
[SchemaRouter] Registering DELETE /employees/:employeeNumber -> Workflow: Desactivar Empleado
[SchemaRouter] Registering GET /employees -> Workflow: Obtener Empleados
[SchemaRouter] Registering POST /employees/webhook -> Workflow: HR External Injection (PUSH)
[SchemaRouter] Registering POST /employees/sync-catalogs -> Workflow: Sync HR Catalogs
[SchemaRouter] Registering PUT /employees/:employeeNumber -> Workflow: Actualizar Registro de Empleado
[SchemaRouter] Registering POST /menu/categories -> Workflow: Crear Categoría de Menú
[SchemaRouter] Registering POST /menu/dishes -> Workflow: Crear Platillo
[SchemaRouter] Registering DELETE /menu/categories/:code -> Workflow: Eliminar Categoría
[SchemaRouter] Registering DELETE /menu/dishes/:code -> Workflow: Eliminar Platillo
[SchemaRouter] Registering GET /menu/categories -> Workflow: Obtener Categorías de Menú
[SchemaRouter] Registering GET /menu/dishes -> Workflow: Obtener Platillos del Menú
[SchemaRouter] Registering PUT /menu/categories/:code -> Workflow: Actualizar Categoría
[SchemaRouter] Registering PUT /menu/dishes/:code -> Workflow: Actualizar Platillo
[SchemaRouter] Registering POST /tables -> Workflow: Create Table
[SchemaRouter] Registering DELETE /tables/:id -> Workflow: Delete Table (Smart Delete)
[SchemaRouter] Registering GET /tables -> Workflow: Get Tables
[SchemaRouter] Registering PUT /tables/:id -> Workflow: Update Table
[SchemaRouter] Registering POST /zones -> Workflow: Create Zone
[SchemaRouter] Registering DELETE /zones/:code -> Workflow: Delete Zone (Smart Delete)
[SchemaRouter] Registering GET /zones -> Workflow: Get Zones
[SchemaRouter] Registering PUT /zones/:code -> Workflow: Update Zone
[SchemaRouter] Dynamic route mounting complete. (admin)
[SchemaRouter] Registering GET /board -> Workflow: Kitchen Display Board
[SchemaRouter] Registering PUT /items/:itemId/status -> Workflow: Actualizar Estado de Item en Cocina
[SchemaRouter] Registering POST /recipes/items -> Workflow: Agregar Ingrediente a Receta
[SchemaRouter] Registering POST /ingredients -> Workflow: Alta de Insumo
[SchemaRouter] Registering GET /dishes/finished -> Workflow: Catálogo de Recetario
[SchemaRouter] Registering GET /ingredients -> Workflow: Obtener Insumos
[SchemaRouter] Registering GET /dishes/pending -> Workflow: Bandeja de Platillos Pendientes
[SchemaRouter] Registering GET /recipes/:dishCode/bom -> Workflow: Obtener Ingredientes de Platillo
[SchemaRouter] Registering PUT /recipes/:dishCode/tech-sheet -> Workflow: Actualizar Ficha Técnica
[SchemaRouter] Dynamic route mounting complete. (kitchen)
[SchemaRouter] Registering POST /adjustments -> Workflow: Registrar Ajuste o Merma Física
[SchemaRouter] Registering POST /suppliers -> Workflow: Crear Proveedor
[SchemaRouter] Registering POST /transfers -> Workflow: Registrar Traspaso de Bodega
[SchemaRouter] Registering GET /stock -> Workflow: Obtener Inventario y Kardex
[SchemaRouter] Registering GET /kardex -> Workflow: Obtener Libro Mayor (Kardex)
[SchemaRouter] Registering GET /suppliers -> Workflow: Obtener Proveedores
[SchemaRouter] Registering POST /suppliers/prices -> Workflow: Guardar Precio de Proveedor
[SchemaRouter] Registering POST /sync -> Workflow: Sincronización PULL de Compras
[SchemaRouter] Registering POST /webhook -> Workflow: Ingesta de Webhook PUSH de Compras
[SchemaRouter] Dynamic route mounting complete. (inventory)
[SchemaRouter] Registering GET /menu/public -> Workflow: Consultar Menú Público para Clientes
[SchemaRouter] Registering POST /waiters/tables/:tableCode/close -> Workflow: Waiter Close Table
[SchemaRouter] Registering PUT /waiters/tables/:tableCode/items/:itemId/collect -> Workflow: Waiter Collect Item
[SchemaRouter] Registering PUT /waiters/tables/:tableCode/items/:itemId/deliver -> Workflow: Waiter Deliver Item
[SchemaRouter] Registering GET /waiters/layout -> Workflow: Waiter Floor Layout
[SchemaRouter] Registering POST /waiters/login -> Workflow: Waiter Login (PIN)
[SchemaRouter] Registering POST /waiters/tables/:tableCode/open -> Workflow: Waiter Open Table
[SchemaRouter] Registering GET /waiters/tables/:tableCode/order -> Workflow: Waiter Table Order Status
[SchemaRouter] Registering POST /waiters/tables/:tableCode/orders -> Workflow: Waiter Submit Order
[SchemaRouter] Registering POST /tables/:tableCode/call-waiter -> Workflow: Llamar al Mesero (Menú Digital)
[SchemaRouter] Dynamic route mounting complete. (public)

stdout | tests/e2e-operacion.test.js
[SchemaRouter] Registering POST /assignments -> Workflow: Crear Asignación
[SchemaRouter] Registering DELETE /assignments/:id -> Workflow: Eliminar Asignación
[SchemaRouter] Registering GET /assignments -> Workflow: Obtener Asignaciones
[SchemaRouter] Registering POST /auth/login -> Workflow: Login Web
[SchemaRouter] Registering POST /auth/pin -> Workflow: Login PIN (POS)
[SchemaRouter] Registering GET /cashier/board -> Workflow: Cashier Board
[SchemaRouter] Registering GET /cashier/corte -> Workflow: Cashier Corte Z
[SchemaRouter] Registering GET /cashier/employees -> Workflow: Cashier Get Eligible Employees
[SchemaRouter] Registering GET /cashier/tickets/:folio -> Workflow: Cashier Get Ticket by Folio
[SchemaRouter] Registering POST /cashier/tickets/:folio/invoice -> Workflow: Solicitar Factura CFDI
[SchemaRouter] Registering POST /cashier/login -> Workflow: Cashier Login
[SchemaRouter] Registering POST /cashier/tables/:tableCode/pay -> Workflow: Cashier Process Payment
[SchemaRouter] Registering POST /employees/areas/bulk-deactivate -> Workflow: Bulk Deactivate Areas
[SchemaRouter] Registering POST /employees/job-titles/bulk-deactivate -> Workflow: Bulk Deactivate Job Titles
[SchemaRouter] Registering PUT /employees/areas/bulk -> Workflow: Bulk Update Areas
[SchemaRouter] Registering PUT /employees/job-titles/bulk -> Workflow: Bulk Update Job Titles
[SchemaRouter] Registering POST /employees/areas -> Workflow: Create Area
[SchemaRouter] Registering POST /employees/job-titles -> Workflow: Create Job Title
[SchemaRouter] Registering DELETE /employees/areas/:code -> Workflow: Deactivate Area
[SchemaRouter] Registering DELETE /employees/job-titles/:code -> Workflow: Deactivate Job Title
[SchemaRouter] Registering GET /employees/areas -> Workflow: Get Active Areas
[SchemaRouter] Registering GET /employees/job-titles -> Workflow: Get Active Job Titles
[SchemaRouter] Registering PUT /employees/areas/:code -> Workflow: Update Area
[SchemaRouter] Registering PUT /employees/job-titles/:code -> Workflow: Update Job Title
[SchemaRouter] Registering POST /employees/bulk -> Workflow: Bulk Save Employees
[SchemaRouter] Registering POST /employees -> Workflow: Registrar Nuevo Empleado
[SchemaRouter] Registering DELETE /employees/:employeeNumber -> Workflow: Desactivar Empleado
[SchemaRouter] Registering GET /employees -> Workflow: Obtener Empleados
[SchemaRouter] Registering POST /employees/webhook -> Workflow: HR External Injection (PUSH)
[SchemaRouter] Registering POST /employees/sync-catalogs -> Workflow: Sync HR Catalogs
[SchemaRouter] Registering PUT /employees/:employeeNumber -> Workflow: Actualizar Registro de Empleado
[SchemaRouter] Registering POST /menu/categories -> Workflow: Crear Categoría de Menú
[SchemaRouter] Registering POST /menu/dishes -> Workflow: Crear Platillo
[SchemaRouter] Registering DELETE /menu/categories/:code -> Workflow: Eliminar Categoría
[SchemaRouter] Registering DELETE /menu/dishes/:code -> Workflow: Eliminar Platillo
[SchemaRouter] Registering GET /menu/categories -> Workflow: Obtener Categorías de Menú
[SchemaRouter] Registering GET /menu/dishes -> Workflow: Obtener Platillos del Menú
[SchemaRouter] Registering PUT /menu/categories/:code -> Workflow: Actualizar Categoría
[SchemaRouter] Registering PUT /menu/dishes/:code -> Workflow: Actualizar Platillo
[SchemaRouter] Registering POST /tables -> Workflow: Create Table
[SchemaRouter] Registering DELETE /tables/:id -> Workflow: Delete Table (Smart Delete)
[SchemaRouter] Registering GET /tables -> Workflow: Get Tables
[SchemaRouter] Registering PUT /tables/:id -> Workflow: Update Table
[SchemaRouter] Registering POST /zones -> Workflow: Create Zone
[SchemaRouter] Registering DELETE /zones/:code -> Workflow: Delete Zone (Smart Delete)
[SchemaRouter] Registering GET /zones -> Workflow: Get Zones
[SchemaRouter] Registering PUT /zones/:code -> Workflow: Update Zone
[SchemaRouter] Dynamic route mounting complete. (admin)
[SchemaRouter] Registering GET /board -> Workflow: Kitchen Display Board
[SchemaRouter] Registering PUT /items/:itemId/status -> Workflow: Actualizar Estado de Item en Cocina
[SchemaRouter] Registering POST /recipes/items -> Workflow: Agregar Ingrediente a Receta
[SchemaRouter] Registering POST /ingredients -> Workflow: Alta de Insumo
[SchemaRouter] Registering GET /dishes/finished -> Workflow: Catálogo de Recetario
[SchemaRouter] Registering GET /ingredients -> Workflow: Obtener Insumos
[SchemaRouter] Registering GET /dishes/pending -> Workflow: Bandeja de Platillos Pendientes
[SchemaRouter] Registering GET /recipes/:dishCode/bom -> Workflow: Obtener Ingredientes de Platillo
[SchemaRouter] Registering PUT /recipes/:dishCode/tech-sheet -> Workflow: Actualizar Ficha Técnica
[SchemaRouter] Dynamic route mounting complete. (kitchen)
[SchemaRouter] Registering POST /adjustments -> Workflow: Registrar Ajuste o Merma Física
[SchemaRouter] Registering POST /suppliers -> Workflow: Crear Proveedor
[SchemaRouter] Registering POST /transfers -> Workflow: Registrar Traspaso de Bodega
[SchemaRouter] Registering GET /stock -> Workflow: Obtener Inventario y Kardex
[SchemaRouter] Registering GET /kardex -> Workflow: Obtener Libro Mayor (Kardex)
[SchemaRouter] Registering GET /suppliers -> Workflow: Obtener Proveedores
[SchemaRouter] Registering POST /suppliers/prices -> Workflow: Guardar Precio de Proveedor
[SchemaRouter] Registering POST /sync -> Workflow: Sincronización PULL de Compras
[SchemaRouter] Registering POST /webhook -> Workflow: Ingesta de Webhook PUSH de Compras
[SchemaRouter] Dynamic route mounting complete. (inventory)
[SchemaRouter] Registering GET /menu/public -> Workflow: Consultar Menú Público para Clientes
[SchemaRouter] Registering POST /waiters/tables/:tableCode/close -> Workflow: Waiter Close Table
[SchemaRouter] Registering PUT /waiters/tables/:tableCode/items/:itemId/collect -> Workflow: Waiter Collect Item
[SchemaRouter] Registering PUT /waiters/tables/:tableCode/items/:itemId/deliver -> Workflow: Waiter Deliver Item
[SchemaRouter] Registering GET /waiters/layout -> Workflow: Waiter Floor Layout
[SchemaRouter] Registering POST /waiters/login -> Workflow: Waiter Login (PIN)
[SchemaRouter] Registering POST /waiters/tables/:tableCode/open -> Workflow: Waiter Open Table
[SchemaRouter] Registering GET /waiters/tables/:tableCode/order -> Workflow: Waiter Table Order Status
[SchemaRouter] Registering POST /waiters/tables/:tableCode/orders -> Workflow: Waiter Submit Order
[SchemaRouter] Registering POST /tables/:tableCode/call-waiter -> Workflow: Llamar al Mesero (Menú Digital)
[SchemaRouter] Dynamic route mounting complete. (public)

stdout | tests/menu-digital.test.js
[SchemaRouter] Registering POST /assignments -> Workflow: Crear Asignación
[SchemaRouter] Registering DELETE /assignments/:id -> Workflow: Eliminar Asignación
[SchemaRouter] Registering GET /assignments -> Workflow: Obtener Asignaciones
[SchemaRouter] Registering POST /auth/login -> Workflow: Login Web
[SchemaRouter] Registering POST /auth/pin -> Workflow: Login PIN (POS)
[SchemaRouter] Registering GET /cashier/board -> Workflow: Cashier Board
[SchemaRouter] Registering GET /cashier/corte -> Workflow: Cashier Corte Z
[SchemaRouter] Registering GET /cashier/employees -> Workflow: Cashier Get Eligible Employees
[SchemaRouter] Registering GET /cashier/tickets/:folio -> Workflow: Cashier Get Ticket by Folio
[SchemaRouter] Registering POST /cashier/tickets/:folio/invoice -> Workflow: Solicitar Factura CFDI
[SchemaRouter] Registering POST /cashier/login -> Workflow: Cashier Login
[SchemaRouter] Registering POST /cashier/tables/:tableCode/pay -> Workflow: Cashier Process Payment
[SchemaRouter] Registering POST /employees/areas/bulk-deactivate -> Workflow: Bulk Deactivate Areas
[SchemaRouter] Registering POST /employees/job-titles/bulk-deactivate -> Workflow: Bulk Deactivate Job Titles
[SchemaRouter] Registering PUT /employees/areas/bulk -> Workflow: Bulk Update Areas
[SchemaRouter] Registering PUT /employees/job-titles/bulk -> Workflow: Bulk Update Job Titles
[SchemaRouter] Registering POST /employees/areas -> Workflow: Create Area
[SchemaRouter] Registering POST /employees/job-titles -> Workflow: Create Job Title
[SchemaRouter] Registering DELETE /employees/areas/:code -> Workflow: Deactivate Area
[SchemaRouter] Registering DELETE /employees/job-titles/:code -> Workflow: Deactivate Job Title
[SchemaRouter] Registering GET /employees/areas -> Workflow: Get Active Areas
[SchemaRouter] Registering GET /employees/job-titles -> Workflow: Get Active Job Titles
[SchemaRouter] Registering PUT /employees/areas/:code -> Workflow: Update Area
[SchemaRouter] Registering PUT /employees/job-titles/:code -> Workflow: Update Job Title
[SchemaRouter] Registering POST /employees/bulk -> Workflow: Bulk Save Employees
[SchemaRouter] Registering POST /employees -> Workflow: Registrar Nuevo Empleado
[SchemaRouter] Registering DELETE /employees/:employeeNumber -> Workflow: Desactivar Empleado
[SchemaRouter] Registering GET /employees -> Workflow: Obtener Empleados
[SchemaRouter] Registering POST /employees/webhook -> Workflow: HR External Injection (PUSH)
[SchemaRouter] Registering POST /employees/sync-catalogs -> Workflow: Sync HR Catalogs
[SchemaRouter] Registering PUT /employees/:employeeNumber -> Workflow: Actualizar Registro de Empleado
[SchemaRouter] Registering POST /menu/categories -> Workflow: Crear Categoría de Menú
[SchemaRouter] Registering POST /menu/dishes -> Workflow: Crear Platillo
[SchemaRouter] Registering DELETE /menu/categories/:code -> Workflow: Eliminar Categoría
[SchemaRouter] Registering DELETE /menu/dishes/:code -> Workflow: Eliminar Platillo
[SchemaRouter] Registering GET /menu/categories -> Workflow: Obtener Categorías de Menú
[SchemaRouter] Registering GET /menu/dishes -> Workflow: Obtener Platillos del Menú
[SchemaRouter] Registering PUT /menu/categories/:code -> Workflow: Actualizar Categoría
[SchemaRouter] Registering PUT /menu/dishes/:code -> Workflow: Actualizar Platillo
[SchemaRouter] Registering POST /tables -> Workflow: Create Table
[SchemaRouter] Registering DELETE /tables/:id -> Workflow: Delete Table (Smart Delete)
[SchemaRouter] Registering GET /tables -> Workflow: Get Tables
[SchemaRouter] Registering PUT /tables/:id -> Workflow: Update Table
[SchemaRouter] Registering POST /zones -> Workflow: Create Zone
[SchemaRouter] Registering DELETE /zones/:code -> Workflow: Delete Zone (Smart Delete)
[SchemaRouter] Registering GET /zones -> Workflow: Get Zones
[SchemaRouter] Registering PUT /zones/:code -> Workflow: Update Zone
[SchemaRouter] Dynamic route mounting complete. (admin)
[SchemaRouter] Registering GET /board -> Workflow: Kitchen Display Board
[SchemaRouter] Registering PUT /items/:itemId/status -> Workflow: Actualizar Estado de Item en Cocina
[SchemaRouter] Registering POST /recipes/items -> Workflow: Agregar Ingrediente a Receta
[SchemaRouter] Registering POST /ingredients -> Workflow: Alta de Insumo
[SchemaRouter] Registering GET /dishes/finished -> Workflow: Catálogo de Recetario
[SchemaRouter] Registering GET /ingredients -> Workflow: Obtener Insumos
[SchemaRouter] Registering GET /dishes/pending -> Workflow: Bandeja de Platillos Pendientes
[SchemaRouter] Registering GET /recipes/:dishCode/bom -> Workflow: Obtener Ingredientes de Platillo
[SchemaRouter] Registering PUT /recipes/:dishCode/tech-sheet -> Workflow: Actualizar Ficha Técnica
[SchemaRouter] Dynamic route mounting complete. (kitchen)
[SchemaRouter] Registering POST /adjustments -> Workflow: Registrar Ajuste o Merma Física
[SchemaRouter] Registering POST /suppliers -> Workflow: Crear Proveedor
[SchemaRouter] Registering POST /transfers -> Workflow: Registrar Traspaso de Bodega
[SchemaRouter] Registering GET /stock -> Workflow: Obtener Inventario y Kardex
[SchemaRouter] Registering GET /kardex -> Workflow: Obtener Libro Mayor (Kardex)
[SchemaRouter] Registering GET /suppliers -> Workflow: Obtener Proveedores
[SchemaRouter] Registering POST /suppliers/prices -> Workflow: Guardar Precio de Proveedor
[SchemaRouter] Registering POST /sync -> Workflow: Sincronización PULL de Compras
[SchemaRouter] Registering POST /webhook -> Workflow: Ingesta de Webhook PUSH de Compras
[SchemaRouter] Dynamic route mounting complete. (inventory)
[SchemaRouter] Registering GET /menu/public -> Workflow: Consultar Menú Público para Clientes
[SchemaRouter] Registering POST /waiters/tables/:tableCode/close -> Workflow: Waiter Close Table
[SchemaRouter] Registering PUT /waiters/tables/:tableCode/items/:itemId/collect -> Workflow: Waiter Collect Item
[SchemaRouter] Registering PUT /waiters/tables/:tableCode/items/:itemId/deliver -> Workflow: Waiter Deliver Item
[SchemaRouter] Registering GET /waiters/layout -> Workflow: Waiter Floor Layout
[SchemaRouter] Registering POST /waiters/login -> Workflow: Waiter Login (PIN)
[SchemaRouter] Registering POST /waiters/tables/:tableCode/open -> Workflow: Waiter Open Table
[SchemaRouter] Registering GET /waiters/tables/:tableCode/order -> Workflow: Waiter Table Order Status
[SchemaRouter] Registering POST /waiters/tables/:tableCode/orders -> Workflow: Waiter Submit Order
[SchemaRouter] Registering POST /tables/:tableCode/call-waiter -> Workflow: Llamar al Mesero (Menú Digital)
[SchemaRouter] Dynamic route mounting complete. (public)

stdout | tests/kitchen.test.js
[SchemaRouter] Registering POST /assignments -> Workflow: Crear Asignación
[SchemaRouter] Registering DELETE /assignments/:id -> Workflow: Eliminar Asignación
[SchemaRouter] Registering GET /assignments -> Workflow: Obtener Asignaciones
[SchemaRouter] Registering POST /auth/login -> Workflow: Login Web
[SchemaRouter] Registering POST /auth/pin -> Workflow: Login PIN (POS)
[SchemaRouter] Registering GET /cashier/board -> Workflow: Cashier Board
[SchemaRouter] Registering GET /cashier/corte -> Workflow: Cashier Corte Z
[SchemaRouter] Registering GET /cashier/employees -> Workflow: Cashier Get Eligible Employees
[SchemaRouter] Registering GET /cashier/tickets/:folio -> Workflow: Cashier Get Ticket by Folio
[SchemaRouter] Registering POST /cashier/tickets/:folio/invoice -> Workflow: Solicitar Factura CFDI
[SchemaRouter] Registering POST /cashier/login -> Workflow: Cashier Login
[SchemaRouter] Registering POST /cashier/tables/:tableCode/pay -> Workflow: Cashier Process Payment
[SchemaRouter] Registering POST /employees/areas/bulk-deactivate -> Workflow: Bulk Deactivate Areas
[SchemaRouter] Registering POST /employees/job-titles/bulk-deactivate -> Workflow: Bulk Deactivate Job Titles
[SchemaRouter] Registering PUT /employees/areas/bulk -> Workflow: Bulk Update Areas
[SchemaRouter] Registering PUT /employees/job-titles/bulk -> Workflow: Bulk Update Job Titles
[SchemaRouter] Registering POST /employees/areas -> Workflow: Create Area
[SchemaRouter] Registering POST /employees/job-titles -> Workflow: Create Job Title
[SchemaRouter] Registering DELETE /employees/areas/:code -> Workflow: Deactivate Area
[SchemaRouter] Registering DELETE /employees/job-titles/:code -> Workflow: Deactivate Job Title
[SchemaRouter] Registering GET /employees/areas -> Workflow: Get Active Areas
[SchemaRouter] Registering GET /employees/job-titles -> Workflow: Get Active Job Titles
[SchemaRouter] Registering PUT /employees/areas/:code -> Workflow: Update Area
[SchemaRouter] Registering PUT /employees/job-titles/:code -> Workflow: Update Job Title
[SchemaRouter] Registering POST /employees/bulk -> Workflow: Bulk Save Employees
[SchemaRouter] Registering POST /employees -> Workflow: Registrar Nuevo Empleado
[SchemaRouter] Registering DELETE /employees/:employeeNumber -> Workflow: Desactivar Empleado
[SchemaRouter] Registering GET /employees -> Workflow: Obtener Empleados
[SchemaRouter] Registering POST /employees/webhook -> Workflow: HR External Injection (PUSH)
[SchemaRouter] Registering POST /employees/sync-catalogs -> Workflow: Sync HR Catalogs
[SchemaRouter] Registering PUT /employees/:employeeNumber -> Workflow: Actualizar Registro de Empleado
[SchemaRouter] Registering POST /menu/categories -> Workflow: Crear Categoría de Menú
[SchemaRouter] Registering POST /menu/dishes -> Workflow: Crear Platillo
[SchemaRouter] Registering DELETE /menu/categories/:code -> Workflow: Eliminar Categoría
[SchemaRouter] Registering DELETE /menu/dishes/:code -> Workflow: Eliminar Platillo
[SchemaRouter] Registering GET /menu/categories -> Workflow: Obtener Categorías de Menú
[SchemaRouter] Registering GET /menu/dishes -> Workflow: Obtener Platillos del Menú
[SchemaRouter] Registering PUT /menu/categories/:code -> Workflow: Actualizar Categoría
[SchemaRouter] Registering PUT /menu/dishes/:code -> Workflow: Actualizar Platillo
[SchemaRouter] Registering POST /tables -> Workflow: Create Table
[SchemaRouter] Registering DELETE /tables/:id -> Workflow: Delete Table (Smart Delete)
[SchemaRouter] Registering GET /tables -> Workflow: Get Tables
[SchemaRouter] Registering PUT /tables/:id -> Workflow: Update Table
[SchemaRouter] Registering POST /zones -> Workflow: Create Zone
[SchemaRouter] Registering DELETE /zones/:code -> Workflow: Delete Zone (Smart Delete)
[SchemaRouter] Registering GET /zones -> Workflow: Get Zones
[SchemaRouter] Registering PUT /zones/:code -> Workflow: Update Zone
[SchemaRouter] Dynamic route mounting complete. (admin)
[SchemaRouter] Registering GET /board -> Workflow: Kitchen Display Board
[SchemaRouter] Registering PUT /items/:itemId/status -> Workflow: Actualizar Estado de Item en Cocina
[SchemaRouter] Registering POST /recipes/items -> Workflow: Agregar Ingrediente a Receta
[SchemaRouter] Registering POST /ingredients -> Workflow: Alta de Insumo
[SchemaRouter] Registering GET /dishes/finished -> Workflow: Catálogo de Recetario
[SchemaRouter] Registering GET /ingredients -> Workflow: Obtener Insumos
[SchemaRouter] Registering GET /dishes/pending -> Workflow: Bandeja de Platillos Pendientes
[SchemaRouter] Registering GET /recipes/:dishCode/bom -> Workflow: Obtener Ingredientes de Platillo
[SchemaRouter] Registering PUT /recipes/:dishCode/tech-sheet -> Workflow: Actualizar Ficha Técnica
[SchemaRouter] Dynamic route mounting complete. (kitchen)
[SchemaRouter] Registering POST /adjustments -> Workflow: Registrar Ajuste o Merma Física
[SchemaRouter] Registering POST /suppliers -> Workflow: Crear Proveedor
[SchemaRouter] Registering POST /transfers -> Workflow: Registrar Traspaso de Bodega
[SchemaRouter] Registering GET /stock -> Workflow: Obtener Inventario y Kardex
[SchemaRouter] Registering GET /kardex -> Workflow: Obtener Libro Mayor (Kardex)
[SchemaRouter] Registering GET /suppliers -> Workflow: Obtener Proveedores
[SchemaRouter] Registering POST /suppliers/prices -> Workflow: Guardar Precio de Proveedor
[SchemaRouter] Registering POST /sync -> Workflow: Sincronización PULL de Compras
[SchemaRouter] Registering POST /webhook -> Workflow: Ingesta de Webhook PUSH de Compras
[SchemaRouter] Dynamic route mounting complete. (inventory)
[SchemaRouter] Registering GET /menu/public -> Workflow: Consultar Menú Público para Clientes
[SchemaRouter] Registering POST /waiters/tables/:tableCode/close -> Workflow: Waiter Close Table
[SchemaRouter] Registering PUT /waiters/tables/:tableCode/items/:itemId/collect -> Workflow: Waiter Collect Item
[SchemaRouter] Registering PUT /waiters/tables/:tableCode/items/:itemId/deliver -> Workflow: Waiter Deliver Item
[SchemaRouter] Registering GET /waiters/layout -> Workflow: Waiter Floor Layout
[SchemaRouter] Registering POST /waiters/login -> Workflow: Waiter Login (PIN)
[SchemaRouter] Registering POST /waiters/tables/:tableCode/open -> Workflow: Waiter Open Table
[SchemaRouter] Registering GET /waiters/tables/:tableCode/order -> Workflow: Waiter Table Order Status
[SchemaRouter] Registering POST /waiters/tables/:tableCode/orders -> Workflow: Waiter Submit Order
[SchemaRouter] Registering POST /tables/:tableCode/call-waiter -> Workflow: Llamar al Mesero (Menú Digital)
[SchemaRouter] Dynamic route mounting complete. (public)

stdout | tests/admin-floor.test.js
[SchemaRouter] Registering POST /assignments -> Workflow: Crear Asignación
[SchemaRouter] Registering DELETE /assignments/:id -> Workflow: Eliminar Asignación
[SchemaRouter] Registering GET /assignments -> Workflow: Obtener Asignaciones
[SchemaRouter] Registering POST /auth/login -> Workflow: Login Web
[SchemaRouter] Registering POST /auth/pin -> Workflow: Login PIN (POS)
[SchemaRouter] Registering GET /cashier/board -> Workflow: Cashier Board
[SchemaRouter] Registering GET /cashier/corte -> Workflow: Cashier Corte Z
[SchemaRouter] Registering GET /cashier/employees -> Workflow: Cashier Get Eligible Employees
[SchemaRouter] Registering GET /cashier/tickets/:folio -> Workflow: Cashier Get Ticket by Folio
[SchemaRouter] Registering POST /cashier/tickets/:folio/invoice -> Workflow: Solicitar Factura CFDI
[SchemaRouter] Registering POST /cashier/login -> Workflow: Cashier Login
[SchemaRouter] Registering POST /cashier/tables/:tableCode/pay -> Workflow: Cashier Process Payment
[SchemaRouter] Registering POST /employees/areas/bulk-deactivate -> Workflow: Bulk Deactivate Areas
[SchemaRouter] Registering POST /employees/job-titles/bulk-deactivate -> Workflow: Bulk Deactivate Job Titles
[SchemaRouter] Registering PUT /employees/areas/bulk -> Workflow: Bulk Update Areas
[SchemaRouter] Registering PUT /employees/job-titles/bulk -> Workflow: Bulk Update Job Titles
[SchemaRouter] Registering POST /employees/areas -> Workflow: Create Area
[SchemaRouter] Registering POST /employees/job-titles -> Workflow: Create Job Title
[SchemaRouter] Registering DELETE /employees/areas/:code -> Workflow: Deactivate Area
[SchemaRouter] Registering DELETE /employees/job-titles/:code -> Workflow: Deactivate Job Title
[SchemaRouter] Registering GET /employees/areas -> Workflow: Get Active Areas
[SchemaRouter] Registering GET /employees/job-titles -> Workflow: Get Active Job Titles
[SchemaRouter] Registering PUT /employees/areas/:code -> Workflow: Update Area
[SchemaRouter] Registering PUT /employees/job-titles/:code -> Workflow: Update Job Title
[SchemaRouter] Registering POST /employees/bulk -> Workflow: Bulk Save Employees
[SchemaRouter] Registering POST /employees -> Workflow: Registrar Nuevo Empleado
[SchemaRouter] Registering DELETE /employees/:employeeNumber -> Workflow: Desactivar Empleado
[SchemaRouter] Registering GET /employees -> Workflow: Obtener Empleados
[SchemaRouter] Registering POST /employees/webhook -> Workflow: HR External Injection (PUSH)
[SchemaRouter] Registering POST /employees/sync-catalogs -> Workflow: Sync HR Catalogs
[SchemaRouter] Registering PUT /employees/:employeeNumber -> Workflow: Actualizar Registro de Empleado
[SchemaRouter] Registering POST /menu/categories -> Workflow: Crear Categoría de Menú
[SchemaRouter] Registering POST /menu/dishes -> Workflow: Crear Platillo
[SchemaRouter] Registering DELETE /menu/categories/:code -> Workflow: Eliminar Categoría
[SchemaRouter] Registering DELETE /menu/dishes/:code -> Workflow: Eliminar Platillo
[SchemaRouter] Registering GET /menu/categories -> Workflow: Obtener Categorías de Menú
[SchemaRouter] Registering GET /menu/dishes -> Workflow: Obtener Platillos del Menú
[SchemaRouter] Registering PUT /menu/categories/:code -> Workflow: Actualizar Categoría
[SchemaRouter] Registering PUT /menu/dishes/:code -> Workflow: Actualizar Platillo
[SchemaRouter] Registering POST /tables -> Workflow: Create Table
[SchemaRouter] Registering DELETE /tables/:id -> Workflow: Delete Table (Smart Delete)
[SchemaRouter] Registering GET /tables -> Workflow: Get Tables
[SchemaRouter] Registering PUT /tables/:id -> Workflow: Update Table
[SchemaRouter] Registering POST /zones -> Workflow: Create Zone
[SchemaRouter] Registering DELETE /zones/:code -> Workflow: Delete Zone (Smart Delete)
[SchemaRouter] Registering GET /zones -> Workflow: Get Zones
[SchemaRouter] Registering PUT /zones/:code -> Workflow: Update Zone
[SchemaRouter] Dynamic route mounting complete. (admin)
[SchemaRouter] Registering GET /board -> Workflow: Kitchen Display Board
[SchemaRouter] Registering PUT /items/:itemId/status -> Workflow: Actualizar Estado de Item en Cocina
[SchemaRouter] Registering POST /recipes/items -> Workflow: Agregar Ingrediente a Receta
[SchemaRouter] Registering POST /ingredients -> Workflow: Alta de Insumo
[SchemaRouter] Registering GET /dishes/finished -> Workflow: Catálogo de Recetario
[SchemaRouter] Registering GET /ingredients -> Workflow: Obtener Insumos
[SchemaRouter] Registering GET /dishes/pending -> Workflow: Bandeja de Platillos Pendientes
[SchemaRouter] Registering GET /recipes/:dishCode/bom -> Workflow: Obtener Ingredientes de Platillo
[SchemaRouter] Registering PUT /recipes/:dishCode/tech-sheet -> Workflow: Actualizar Ficha Técnica
[SchemaRouter] Dynamic route mounting complete. (kitchen)
[SchemaRouter] Registering POST /adjustments -> Workflow: Registrar Ajuste o Merma Física
[SchemaRouter] Registering POST /suppliers -> Workflow: Crear Proveedor
[SchemaRouter] Registering POST /transfers -> Workflow: Registrar Traspaso de Bodega
[SchemaRouter] Registering GET /stock -> Workflow: Obtener Inventario y Kardex
[SchemaRouter] Registering GET /kardex -> Workflow: Obtener Libro Mayor (Kardex)
[SchemaRouter] Registering GET /suppliers -> Workflow: Obtener Proveedores
[SchemaRouter] Registering POST /suppliers/prices -> Workflow: Guardar Precio de Proveedor
[SchemaRouter] Registering POST /sync -> Workflow: Sincronización PULL de Compras
[SchemaRouter] Registering POST /webhook -> Workflow: Ingesta de Webhook PUSH de Compras
[SchemaRouter] Dynamic route mounting complete. (inventory)
[SchemaRouter] Registering GET /menu/public -> Workflow: Consultar Menú Público para Clientes
[SchemaRouter] Registering POST /waiters/tables/:tableCode/close -> Workflow: Waiter Close Table
[SchemaRouter] Registering PUT /waiters/tables/:tableCode/items/:itemId/collect -> Workflow: Waiter Collect Item
[SchemaRouter] Registering PUT /waiters/tables/:tableCode/items/:itemId/deliver -> Workflow: Waiter Deliver Item
[SchemaRouter] Registering GET /waiters/layout -> Workflow: Waiter Floor Layout
[SchemaRouter] Registering POST /waiters/login -> Workflow: Waiter Login (PIN)
[SchemaRouter] Registering POST /waiters/tables/:tableCode/open -> Workflow: Waiter Open Table
[SchemaRouter] Registering GET /waiters/tables/:tableCode/order -> Workflow: Waiter Table Order Status
[SchemaRouter] Registering POST /waiters/tables/:tableCode/orders -> Workflow: Waiter Submit Order
[SchemaRouter] Registering POST /tables/:tableCode/call-waiter -> Workflow: Llamar al Mesero (Menú Digital)
[SchemaRouter] Dynamic route mounting complete. (public)

stdout | tests/waiter.test.js
[SchemaRouter] Registering POST /assignments -> Workflow: Crear Asignación
[SchemaRouter] Registering DELETE /assignments/:id -> Workflow: Eliminar Asignación
[SchemaRouter] Registering GET /assignments -> Workflow: Obtener Asignaciones
[SchemaRouter] Registering POST /auth/login -> Workflow: Login Web
[SchemaRouter] Registering POST /auth/pin -> Workflow: Login PIN (POS)
[SchemaRouter] Registering GET /cashier/board -> Workflow: Cashier Board
[SchemaRouter] Registering GET /cashier/corte -> Workflow: Cashier Corte Z
[SchemaRouter] Registering GET /cashier/employees -> Workflow: Cashier Get Eligible Employees
[SchemaRouter] Registering GET /cashier/tickets/:folio -> Workflow: Cashier Get Ticket by Folio
[SchemaRouter] Registering POST /cashier/tickets/:folio/invoice -> Workflow: Solicitar Factura CFDI
[SchemaRouter] Registering POST /cashier/login -> Workflow: Cashier Login
[SchemaRouter] Registering POST /cashier/tables/:tableCode/pay -> Workflow: Cashier Process Payment
[SchemaRouter] Registering POST /employees/areas/bulk-deactivate -> Workflow: Bulk Deactivate Areas
[SchemaRouter] Registering POST /employees/job-titles/bulk-deactivate -> Workflow: Bulk Deactivate Job Titles
[SchemaRouter] Registering PUT /employees/areas/bulk -> Workflow: Bulk Update Areas
[SchemaRouter] Registering PUT /employees/job-titles/bulk -> Workflow: Bulk Update Job Titles
[SchemaRouter] Registering POST /employees/areas -> Workflow: Create Area
[SchemaRouter] Registering POST /employees/job-titles -> Workflow: Create Job Title
[SchemaRouter] Registering DELETE /employees/areas/:code -> Workflow: Deactivate Area
[SchemaRouter] Registering DELETE /employees/job-titles/:code -> Workflow: Deactivate Job Title
[SchemaRouter] Registering GET /employees/areas -> Workflow: Get Active Areas
[SchemaRouter] Registering GET /employees/job-titles -> Workflow: Get Active Job Titles
[SchemaRouter] Registering PUT /employees/areas/:code -> Workflow: Update Area
[SchemaRouter] Registering PUT /employees/job-titles/:code -> Workflow: Update Job Title
[SchemaRouter] Registering POST /employees/bulk -> Workflow: Bulk Save Employees
[SchemaRouter] Registering POST /employees -> Workflow: Registrar Nuevo Empleado
[SchemaRouter] Registering DELETE /employees/:employeeNumber -> Workflow: Desactivar Empleado
[SchemaRouter] Registering GET /employees -> Workflow: Obtener Empleados
[SchemaRouter] Registering POST /employees/webhook -> Workflow: HR External Injection (PUSH)
[SchemaRouter] Registering POST /employees/sync-catalogs -> Workflow: Sync HR Catalogs
[SchemaRouter] Registering PUT /employees/:employeeNumber -> Workflow: Actualizar Registro de Empleado
[SchemaRouter] Registering POST /menu/categories -> Workflow: Crear Categoría de Menú
[SchemaRouter] Registering POST /menu/dishes -> Workflow: Crear Platillo
[SchemaRouter] Registering DELETE /menu/categories/:code -> Workflow: Eliminar Categoría
[SchemaRouter] Registering DELETE /menu/dishes/:code -> Workflow: Eliminar Platillo
[SchemaRouter] Registering GET /menu/categories -> Workflow: Obtener Categorías de Menú
[SchemaRouter] Registering GET /menu/dishes -> Workflow: Obtener Platillos del Menú
[SchemaRouter] Registering PUT /menu/categories/:code -> Workflow: Actualizar Categoría
[SchemaRouter] Registering PUT /menu/dishes/:code -> Workflow: Actualizar Platillo
[SchemaRouter] Registering POST /tables -> Workflow: Create Table
[SchemaRouter] Registering DELETE /tables/:id -> Workflow: Delete Table (Smart Delete)
[SchemaRouter] Registering GET /tables -> Workflow: Get Tables
[SchemaRouter] Registering PUT /tables/:id -> Workflow: Update Table
[SchemaRouter] Registering POST /zones -> Workflow: Create Zone
[SchemaRouter] Registering DELETE /zones/:code -> Workflow: Delete Zone (Smart Delete)
[SchemaRouter] Registering GET /zones -> Workflow: Get Zones
[SchemaRouter] Registering PUT /zones/:code -> Workflow: Update Zone
[SchemaRouter] Dynamic route mounting complete. (admin)
[SchemaRouter] Registering GET /board -> Workflow: Kitchen Display Board
[SchemaRouter] Registering PUT /items/:itemId/status -> Workflow: Actualizar Estado de Item en Cocina
[SchemaRouter] Registering POST /recipes/items -> Workflow: Agregar Ingrediente a Receta
[SchemaRouter] Registering POST /ingredients -> Workflow: Alta de Insumo
[SchemaRouter] Registering GET /dishes/finished -> Workflow: Catálogo de Recetario
[SchemaRouter] Registering GET /ingredients -> Workflow: Obtener Insumos
[SchemaRouter] Registering GET /dishes/pending -> Workflow: Bandeja de Platillos Pendientes
[SchemaRouter] Registering GET /recipes/:dishCode/bom -> Workflow: Obtener Ingredientes de Platillo
[SchemaRouter] Registering PUT /recipes/:dishCode/tech-sheet -> Workflow: Actualizar Ficha Técnica
[SchemaRouter] Dynamic route mounting complete. (kitchen)
[SchemaRouter] Registering POST /adjustments -> Workflow: Registrar Ajuste o Merma Física
[SchemaRouter] Registering POST /suppliers -> Workflow: Crear Proveedor
[SchemaRouter] Registering POST /transfers -> Workflow: Registrar Traspaso de Bodega
[SchemaRouter] Registering GET /stock -> Workflow: Obtener Inventario y Kardex
[SchemaRouter] Registering GET /kardex -> Workflow: Obtener Libro Mayor (Kardex)
[SchemaRouter] Registering GET /suppliers -> Workflow: Obtener Proveedores
[SchemaRouter] Registering POST /suppliers/prices -> Workflow: Guardar Precio de Proveedor
[SchemaRouter] Registering POST /sync -> Workflow: Sincronización PULL de Compras
[SchemaRouter] Registering POST /webhook -> Workflow: Ingesta de Webhook PUSH de Compras
[SchemaRouter] Dynamic route mounting complete. (inventory)
[SchemaRouter] Registering GET /menu/public -> Workflow: Consultar Menú Público para Clientes
[SchemaRouter] Registering POST /waiters/tables/:tableCode/close -> Workflow: Waiter Close Table
[SchemaRouter] Registering PUT /waiters/tables/:tableCode/items/:itemId/collect -> Workflow: Waiter Collect Item
[SchemaRouter] Registering PUT /waiters/tables/:tableCode/items/:itemId/deliver -> Workflow: Waiter Deliver Item
[SchemaRouter] Registering GET /waiters/layout -> Workflow: Waiter Floor Layout
[SchemaRouter] Registering POST /waiters/login -> Workflow: Waiter Login (PIN)
[SchemaRouter] Registering POST /waiters/tables/:tableCode/open -> Workflow: Waiter Open Table
[SchemaRouter] Registering GET /waiters/tables/:tableCode/order -> Workflow: Waiter Table Order Status
[SchemaRouter] Registering POST /waiters/tables/:tableCode/orders -> Workflow: Waiter Submit Order
[SchemaRouter] Registering POST /tables/:tableCode/call-waiter -> Workflow: Llamar al Mesero (Menú Digital)
[SchemaRouter] Dynamic route mounting complete. (public)

stdout | tests/inventory-transfers.test.js
[SchemaRouter] Registering POST /assignments -> Workflow: Crear Asignación
[SchemaRouter] Registering DELETE /assignments/:id -> Workflow: Eliminar Asignación
[SchemaRouter] Registering GET /assignments -> Workflow: Obtener Asignaciones
[SchemaRouter] Registering POST /auth/login -> Workflow: Login Web
[SchemaRouter] Registering POST /auth/pin -> Workflow: Login PIN (POS)
[SchemaRouter] Registering GET /cashier/board -> Workflow: Cashier Board
[SchemaRouter] Registering GET /cashier/corte -> Workflow: Cashier Corte Z
[SchemaRouter] Registering GET /cashier/employees -> Workflow: Cashier Get Eligible Employees
[SchemaRouter] Registering GET /cashier/tickets/:folio -> Workflow: Cashier Get Ticket by Folio
[SchemaRouter] Registering POST /cashier/tickets/:folio/invoice -> Workflow: Solicitar Factura CFDI
[SchemaRouter] Registering POST /cashier/login -> Workflow: Cashier Login
[SchemaRouter] Registering POST /cashier/tables/:tableCode/pay -> Workflow: Cashier Process Payment
[SchemaRouter] Registering POST /employees/areas/bulk-deactivate -> Workflow: Bulk Deactivate Areas
[SchemaRouter] Registering POST /employees/job-titles/bulk-deactivate -> Workflow: Bulk Deactivate Job Titles
[SchemaRouter] Registering PUT /employees/areas/bulk -> Workflow: Bulk Update Areas
[SchemaRouter] Registering PUT /employees/job-titles/bulk -> Workflow: Bulk Update Job Titles
[SchemaRouter] Registering POST /employees/areas -> Workflow: Create Area
[SchemaRouter] Registering POST /employees/job-titles -> Workflow: Create Job Title
[SchemaRouter] Registering DELETE /employees/areas/:code -> Workflow: Deactivate Area
[SchemaRouter] Registering DELETE /employees/job-titles/:code -> Workflow: Deactivate Job Title
[SchemaRouter] Registering GET /employees/areas -> Workflow: Get Active Areas
[SchemaRouter] Registering GET /employees/job-titles -> Workflow: Get Active Job Titles
[SchemaRouter] Registering PUT /employees/areas/:code -> Workflow: Update Area
[SchemaRouter] Registering PUT /employees/job-titles/:code -> Workflow: Update Job Title
[SchemaRouter] Registering POST /employees/bulk -> Workflow: Bulk Save Employees
[SchemaRouter] Registering POST /employees -> Workflow: Registrar Nuevo Empleado
[SchemaRouter] Registering DELETE /employees/:employeeNumber -> Workflow: Desactivar Empleado
[SchemaRouter] Registering GET /employees -> Workflow: Obtener Empleados
[SchemaRouter] Registering POST /employees/webhook -> Workflow: HR External Injection (PUSH)
[SchemaRouter] Registering POST /employees/sync-catalogs -> Workflow: Sync HR Catalogs
[SchemaRouter] Registering PUT /employees/:employeeNumber -> Workflow: Actualizar Registro de Empleado
[SchemaRouter] Registering POST /menu/categories -> Workflow: Crear Categoría de Menú
[SchemaRouter] Registering POST /menu/dishes -> Workflow: Crear Platillo
[SchemaRouter] Registering DELETE /menu/categories/:code -> Workflow: Eliminar Categoría
[SchemaRouter] Registering DELETE /menu/dishes/:code -> Workflow: Eliminar Platillo
[SchemaRouter] Registering GET /menu/categories -> Workflow: Obtener Categorías de Menú
[SchemaRouter] Registering GET /menu/dishes -> Workflow: Obtener Platillos del Menú
[SchemaRouter] Registering PUT /menu/categories/:code -> Workflow: Actualizar Categoría
[SchemaRouter] Registering PUT /menu/dishes/:code -> Workflow: Actualizar Platillo
[SchemaRouter] Registering POST /tables -> Workflow: Create Table
[SchemaRouter] Registering DELETE /tables/:id -> Workflow: Delete Table (Smart Delete)
[SchemaRouter] Registering GET /tables -> Workflow: Get Tables
[SchemaRouter] Registering PUT /tables/:id -> Workflow: Update Table
[SchemaRouter] Registering POST /zones -> Workflow: Create Zone
[SchemaRouter] Registering DELETE /zones/:code -> Workflow: Delete Zone (Smart Delete)
[SchemaRouter] Registering GET /zones -> Workflow: Get Zones
[SchemaRouter] Registering PUT /zones/:code -> Workflow: Update Zone
[SchemaRouter] Dynamic route mounting complete. (admin)
[SchemaRouter] Registering GET /board -> Workflow: Kitchen Display Board
[SchemaRouter] Registering PUT /items/:itemId/status -> Workflow: Actualizar Estado de Item en Cocina
[SchemaRouter] Registering POST /recipes/items -> Workflow: Agregar Ingrediente a Receta
[SchemaRouter] Registering POST /ingredients -> Workflow: Alta de Insumo
[SchemaRouter] Registering GET /dishes/finished -> Workflow: Catálogo de Recetario
[SchemaRouter] Registering GET /ingredients -> Workflow: Obtener Insumos
[SchemaRouter] Registering GET /dishes/pending -> Workflow: Bandeja de Platillos Pendientes
[SchemaRouter] Registering GET /recipes/:dishCode/bom -> Workflow: Obtener Ingredientes de Platillo
[SchemaRouter] Registering PUT /recipes/:dishCode/tech-sheet -> Workflow: Actualizar Ficha Técnica
[SchemaRouter] Dynamic route mounting complete. (kitchen)
[SchemaRouter] Registering POST /adjustments -> Workflow: Registrar Ajuste o Merma Física
[SchemaRouter] Registering POST /suppliers -> Workflow: Crear Proveedor
[SchemaRouter] Registering POST /transfers -> Workflow: Registrar Traspaso de Bodega
[SchemaRouter] Registering GET /stock -> Workflow: Obtener Inventario y Kardex
[SchemaRouter] Registering GET /kardex -> Workflow: Obtener Libro Mayor (Kardex)
[SchemaRouter] Registering GET /suppliers -> Workflow: Obtener Proveedores
[SchemaRouter] Registering POST /suppliers/prices -> Workflow: Guardar Precio de Proveedor
[SchemaRouter] Registering POST /sync -> Workflow: Sincronización PULL de Compras
[SchemaRouter] Registering POST /webhook -> Workflow: Ingesta de Webhook PUSH de Compras
[SchemaRouter] Dynamic route mounting complete. (inventory)
[SchemaRouter] Registering GET /menu/public -> Workflow: Consultar Menú Público para Clientes
[SchemaRouter] Registering POST /waiters/tables/:tableCode/close -> Workflow: Waiter Close Table
[SchemaRouter] Registering PUT /waiters/tables/:tableCode/items/:itemId/collect -> Workflow: Waiter Collect Item
[SchemaRouter] Registering PUT /waiters/tables/:tableCode/items/:itemId/deliver -> Workflow: Waiter Deliver Item
[SchemaRouter] Registering GET /waiters/layout -> Workflow: Waiter Floor Layout
[SchemaRouter] Registering POST /waiters/login -> Workflow: Waiter Login (PIN)
[SchemaRouter] Registering POST /waiters/tables/:tableCode/open -> Workflow: Waiter Open Table
[SchemaRouter] Registering GET /waiters/tables/:tableCode/order -> Workflow: Waiter Table Order Status
[SchemaRouter] Registering POST /waiters/tables/:tableCode/orders -> Workflow: Waiter Submit Order
[SchemaRouter] Registering POST /tables/:tableCode/call-waiter -> Workflow: Llamar al Mesero (Menú Digital)
[SchemaRouter] Dynamic route mounting complete. (public)

stdout | tests/menu-digital.test.js > Módulo Público — Menú Digital > PUB-00 Setup: crea datos de prueba para el menú público
[Engine] Starting Workflow: undefined at node: save_category
[Engine] Step 1: Executing node 'save_category' with handler 'saveCategory'

stdout | tests/admin-floor.test.js > Módulo Admin — Gestión de Piso > PISO-01 Crea una zona nueva exitosamente
[Engine] Starting Workflow: undefined at node: save_zone
[Engine] Step 1: Executing node 'save_zone' with handler 'saveZone'

stdout | tests/admin-inventory.test.js > Módulo Admin — Inventario y Proveedores > INV-01 Crea un proveedor nuevo
[Engine] Starting Workflow: undefined at node: save_supplier
[Engine] Step 1: Executing node 'save_supplier' with handler 'createSupplier'

stdout | tests/admin-menu.test.js > Módulo Admin — Menú > MENU-01 Crea una categoría nueva
[Engine] Starting Workflow: undefined at node: save_category
[Engine] Step 1: Executing node 'save_category' with handler 'saveCategory'

stdout | tests/admin-employee.test.js > Módulo Admin — Empleados y Catálogos > EMP-01 Crea un empleado nuevo mediante sp_upsert_employee
[Engine] Starting Workflow: undefined at node: save_employee_data
[Engine] Step 1: Executing node 'save_employee_data' with handler 'saveEmployee'

stdout | tests/menu-digital.test.js > Módulo Público — Menú Digital > PUB-00 Setup: crea datos de prueba para el menú público
[Engine] Workflow 'undefined' completed successfully after 1 steps.

stdout | tests/admin-menu.test.js > Módulo Admin — Menú > MENU-01 Crea una categoría nueva
[Engine] Workflow 'undefined' completed successfully after 1 steps.

stdout | tests/admin-inventory.test.js > Módulo Admin — Inventario y Proveedores > INV-01 Crea un proveedor nuevo
[Engine] Workflow 'undefined' completed successfully after 1 steps.

stdout | tests/menu-digital.test.js > Módulo Público — Menú Digital > PUB-00 Setup: crea datos de prueba para el menú público
[Engine] Starting Workflow: undefined at node: save_category
[Engine] Step 1: Executing node 'save_category' with handler 'saveCategory'

stdout | tests/admin-floor.test.js > Módulo Admin — Gestión de Piso > PISO-01 Crea una zona nueva exitosamente
[Engine] Workflow 'undefined' completed successfully after 1 steps.

stdout | tests/admin-menu.test.js > Módulo Admin — Menú > MENU-02 Rechaza si el código de categoría ya existe
[Engine] Starting Workflow: undefined at node: save_category
[Engine] Step 1: Executing node 'save_category' with handler 'saveCategory'

stdout | tests/admin-inventory.test.js > Módulo Admin — Inventario y Proveedores > INV-02 Devuelve el catálogo de proveedores con sus precios
[Engine] Starting Workflow: undefined at node: fetch_suppliers
[Engine] Step 1: Executing node 'fetch_suppliers' with handler 'getSuppliers'

stdout | tests/admin-floor.test.js > Módulo Admin — Gestión de Piso > PISO-02 Rechaza si el código de zona ya existe
[Engine] Starting Workflow: undefined at node: save_zone
[Engine] Step 1: Executing node 'save_zone' with handler 'saveZone'

stdout | tests/admin-employee.test.js > Módulo Admin — Empleados y Catálogos > EMP-01 Crea un empleado nuevo mediante sp_upsert_employee
[Engine] Workflow 'undefined' completed successfully after 1 steps.

stdout | tests/admin-employee.test.js > Módulo Admin — Empleados y Catálogos > EMP-03 Devuelve el directorio completo de empleados
[Engine] Starting Workflow: undefined at node: fetch_employees
[Engine] Step 1: Executing node 'fetch_employees' with handler 'getEmployees'

stdout | tests/menu-digital.test.js > Módulo Público — Menú Digital > PUB-00 Setup: crea datos de prueba para el menú público
[Engine] Workflow 'undefined' completed successfully after 1 steps.

stdout | tests/menu-digital.test.js > Módulo Público — Menú Digital > PUB-00 Setup: crea datos de prueba para el menú público
[Engine] Starting Workflow: undefined at node: update_category
[Engine] Step 1: Executing node 'update_category' with handler 'updateCategory'

stdout | tests/kitchen.test.js > Módulo Cocina — Recetario > COC-01 Devuelve la bandeja de platillos sin receta (has_recipe = false)
[Engine] Starting Workflow: undefined at node: fetch_pending
[Engine] Step 1: Executing node 'fetch_pending' with handler 'getPendingDishes'

stdout | tests/admin-inventory.test.js > Módulo Admin — Inventario y Proveedores > INV-02 Devuelve el catálogo de proveedores con sus precios
[Engine] Workflow 'undefined' completed successfully after 1 steps.

stdout | tests/admin-inventory.test.js > Módulo Admin — Inventario y Proveedores > INV-03 Devuelve el stock actual por insumo
[Engine] Starting Workflow: undefined at node: fetch_stock
[Engine] Step 1: Executing node 'fetch_stock' with handler 'getInventoryStock'

stderr | tests/admin-floor.test.js > Módulo Admin — Gestión de Piso > PISO-02 Rechaza si el código de zona ya existe
PostgreSQL Query Error: error: duplicate key value violates unique constraint "restaurant_zones_code_key"
    at /app/node_modules/pg/lib/client.js:631:17
    at processTicksAndRejections (node:internal/process/task_queues:95:5)
    at executeQuery (/app/src/db/connection.js:51:28)
    at executeStoredProcedure (/app/src/db/connection.js:80:12)
    at Module.createZone (/app/src/models/admin-floor.model.js:6:5)
    at saveZone (/app/src/helpers/admin-floor.helper.js:10:9)
    at executeWorkflow (/app/src/engine/orchestrator.js:53:13)
    at /app/src/engine/schemaRouter.js:169:36
    at dispatch (file:///app/node_modules/hono/dist/compose.js:22:17)
    at /app/src/middleware/auth.middleware.js:66:35 {
  length: 408,
  severity: 'ERROR',
  code: '23505',
  detail: 'Key (code)=(TEST-TERR) already exists.',
  hint: undefined,
  position: undefined,
  internalPosition: undefined,
  internalQuery: undefined,
  where: 'SQL statement "INSERT INTO restaurant_zones (code, name) VALUES (p_code, p_name)"\n' +
    'PL/pgSQL function sp_create_zone(character varying,character varying) line 3 at SQL statement',
  schema: 'public',
  table: 'restaurant_zones',
  column: undefined,
  dataType: undefined,
  constraint: 'restaurant_zones_code_key',
  file: 'nbtinsert.c',
  line: '664',
  routine: '_bt_check_unique'
}

stderr | tests/admin-menu.test.js > Módulo Admin — Menú > MENU-02 Rechaza si el código de categoría ya existe
PostgreSQL Query Error: error: duplicate key value violates unique constraint "menu_categories_code_key"
    at /app/node_modules/pg/lib/client.js:631:17
    at processTicksAndRejections (node:internal/process/task_queues:95:5)
    at executeQuery (/app/src/db/connection.js:51:28)
    at executeStoredProcedure (/app/src/db/connection.js:80:12)
    at Module.createCategory (/app/src/models/admin-menu.model.js:6:5)
    at createCategoryHandler (/app/src/helpers/admin-menu.helper.js:10:9)
    at executeWorkflow (/app/src/engine/orchestrator.js:53:13)
    at /app/src/engine/schemaRouter.js:169:36
    at dispatch (file:///app/node_modules/hono/dist/compose.js:22:17)
    at /app/src/middleware/auth.middleware.js:66:35 {
  length: 449,
  severity: 'ERROR',
  code: '23505',
  detail: 'Key (code)=(TEST-CAT) already exists.',
  hint: undefined,
  position: undefined,
  internalPosition: undefined,
  internalQuery: undefined,
  where: 'SQL statement "INSERT INTO menu_categories (code, name, description)\n' +
    '    VALUES (p_code, p_name, p_description)"\n' +
    'PL/pgSQL function sp_create_menu_category(character varying,character varying,text) line 3 at SQL statement',
  schema: 'public',
  table: 'menu_categories',
  column: undefined,
  dataType: undefined,
  constraint: 'menu_categories_code_key',
  file: 'nbtinsert.c',
  line: '664',
  routine: '_bt_check_unique'
}

stdout | tests/inventory-transfers.test.js > Módulo Inventario — Traspasos y Kardex > TRF-02 Rechaza traspaso con items sin `qty` (Gatekeeper 400)
[Engine] Starting Workflow: undefined at node: transfer_logic
[Engine] Step 1: Executing node 'transfer_logic' with handler 'saveKardexTransfer'

stdout | tests/cashier.test.js > Módulo Caja > CAJA-01 Devuelve empleados con acceso a caja
[Engine] Starting Workflow: undefined at node: fetch_employees
[Engine] Step 1: Executing node 'fetch_employees' with handler 'getCashierEmployees'

stderr | tests/admin-floor.test.js > Módulo Admin — Gestión de Piso > PISO-02 Rechaza si el código de zona ya existe
[SchemaRouter] Execution Failed for /zones: AppError: El código de zona ya existe
    at saveZone (/app/src/helpers/admin-floor.helper.js:13:43)
    at processTicksAndRejections (node:internal/process/task_queues:95:5)
    at executeWorkflow (/app/src/engine/orchestrator.js:53:13)
    at /app/src/engine/schemaRouter.js:169:36
    at dispatch (file:///app/node_modules/hono/dist/compose.js:22:17)
    at /app/src/middleware/auth.middleware.js:66:35
    at dispatch (file:///app/node_modules/hono/dist/compose.js:22:17)
    at cors2 (file:///app/node_modules/hono/dist/middleware/cors/index.js:79:5)
    at dispatch (file:///app/node_modules/hono/dist/compose.js:22:17)
    at file:///app/node_modules/hono/dist/hono-base.js:301:25 {
  statusCode: 400,
  status: 'fail',
  isOperational: true
}

stdout | tests/kitchen.test.js > Módulo Cocina — Recetario > COC-01 Devuelve la bandeja de platillos sin receta (has_recipe = false)
[Engine] Workflow 'undefined' completed successfully after 1 steps.

stdout | tests/kitchen.test.js > Módulo Cocina — Recetario > COC-02 Crea un insumo nuevo en inventory_items
[Engine] Starting Workflow: undefined at node: save_ingredient
[Engine] Step 1: Executing node 'save_ingredient' with handler 'createIngredient'

stdout | tests/admin-employee.test.js > Módulo Admin — Empleados y Catálogos > EMP-03 Devuelve el directorio completo de empleados
[Engine] Workflow 'undefined' completed successfully after 1 steps.

stdout | tests/admin-employee.test.js > Módulo Admin — Empleados y Catálogos > EMP-04 Actualiza un empleado existente exitosamente
[Engine] Starting Workflow: undefined at node: validate_employee
[Engine] Step 1: Executing node 'validate_employee' with handler 'validateEmployeeExists'

stderr | tests/admin-menu.test.js > Módulo Admin — Menú > MENU-02 Rechaza si el código de categoría ya existe
[SchemaRouter] Execution Failed for /menu/categories: AppError: El código de categoría ya existe
    at createCategoryHandler (/app/src/helpers/admin-menu.helper.js:13:43)
    at processTicksAndRejections (node:internal/process/task_queues:95:5)
    at executeWorkflow (/app/src/engine/orchestrator.js:53:13)
    at /app/src/engine/schemaRouter.js:169:36
    at dispatch (file:///app/node_modules/hono/dist/compose.js:22:17)
    at /app/src/middleware/auth.middleware.js:66:35
    at dispatch (file:///app/node_modules/hono/dist/compose.js:22:17)
    at cors2 (file:///app/node_modules/hono/dist/middleware/cors/index.js:79:5)
    at dispatch (file:///app/node_modules/hono/dist/compose.js:22:17)
    at file:///app/node_modules/hono/dist/hono-base.js:301:25 {
  statusCode: 400,
  status: 'fail',
  isOperational: true
}

stdout | tests/admin-menu.test.js > Módulo Admin — Menú > MENU-03 Devuelve la lista de categorías incluyendo la creada
[Engine] Starting Workflow: undefined at node: fetch_categories
[Engine] Step 1: Executing node 'fetch_categories' with handler 'getCategories'

stdout | tests/admin-floor.test.js > Módulo Admin — Gestión de Piso > PISO-04 Actualiza el nombre de una zona
[Engine] Starting Workflow: undefined at node: update_zone_data
[Engine] Step 1: Executing node 'update_zone_data' with handler 'updateZone'

stdout | tests/admin-inventory.test.js > Módulo Admin — Inventario y Proveedores > INV-03 Devuelve el stock actual por insumo
[Engine] Workflow 'undefined' completed successfully after 1 steps.

stdout | tests/admin-inventory.test.js > Módulo Admin — Inventario y Proveedores > INV-04 Devuelve el kardex de movimientos
[Engine] Starting Workflow: undefined at node: fetch_kardex
[Engine] Step 1: Executing node 'fetch_kardex' with handler 'getKardex'

stdout | tests/menu-digital.test.js > Módulo Público — Menú Digital > PUB-00 Setup: crea datos de prueba para el menú público
[Engine] Workflow 'undefined' completed successfully after 1 steps.

stdout | tests/menu-digital.test.js > Módulo Público — Menú Digital > PUB-00 Setup: crea datos de prueba para el menú público
[Engine] Starting Workflow: undefined at node: save_dish
[Engine] Step 1: Executing node 'save_dish' with handler 'saveDish'

stderr | tests/inventory-transfers.test.js > Módulo Inventario — Traspasos y Kardex > TRF-02 Rechaza traspaso con items sin `qty` (Gatekeeper 400)
[SchemaRouter] Execution Failed for /transfers: AppError: Faltan campos requeridos en los insumos (itemCode, qty)
    at saveKardexTransfer (/app/src/helpers/inventory-transfers.helper.js:17:19)
    at executeWorkflow (/app/src/engine/orchestrator.js:53:19)
    at /app/src/engine/schemaRouter.js:169:42
    at processTicksAndRejections (node:internal/process/task_queues:95:5)
    at dispatch (file:///app/node_modules/hono/dist/compose.js:22:17)
    at /app/src/middleware/auth.middleware.js:66:35
    at dispatch (file:///app/node_modules/hono/dist/compose.js:22:17)
    at cors2 (file:///app/node_modules/hono/dist/middleware/cors/index.js:79:5)
    at dispatch (file:///app/node_modules/hono/dist/compose.js:22:17)
    at file:///app/node_modules/hono/dist/hono-base.js:301:25 {
  statusCode: 400,
  status: 'fail',
  isOperational: true
}

stdout | tests/inventory-transfers.test.js > Módulo Inventario — Traspasos y Kardex > TRF-03 Rechaza traspaso si no hay stock suficiente en origen
[Engine] Starting Workflow: undefined at node: transfer_logic
[Engine] Step 1: Executing node 'transfer_logic' with handler 'saveKardexTransfer'

stdout | tests/cashier.test.js > Módulo Caja > CAJA-01 Devuelve empleados con acceso a caja
[Engine] Workflow 'undefined' completed successfully after 2 steps.

stdout | tests/admin-menu.test.js > Módulo Admin — Menú > MENU-03 Devuelve la lista de categorías incluyendo la creada
[Engine] Workflow 'undefined' completed successfully after 1 steps.

stdout | tests/admin-employee.test.js > Módulo Admin — Empleados y Catálogos > EMP-04 Actualiza un empleado existente exitosamente
[Engine] Step 2: Executing node 'update_employee_data' with handler 'updateEmployee'

stdout | tests/admin-menu.test.js > Módulo Admin — Menú > MENU-04 Actualiza el nombre de una categoría
[Engine] Starting Workflow: undefined at node: update_category
[Engine] Step 1: Executing node 'update_category' with handler 'updateCategory'

stdout | tests/admin-inventory.test.js > Módulo Admin — Inventario y Proveedores > INV-04 Devuelve el kardex de movimientos
[Engine] Workflow 'undefined' completed successfully after 1 steps.

stdout | tests/cashier.test.js > Módulo Caja > CAJA-02 Autentica cajero con PIN correcto
[Engine] Starting Workflow: undefined at node: fetch_areas
[Engine] Step 1: Executing node 'fetch_areas' with handler 'getAreas'

stdout | tests/admin-inventory.test.js > Módulo Admin — Inventario y Proveedores > INV-05 Guarda el precio de un insumo por proveedor
[Engine] Starting Workflow: undefined at node: save_price
[Engine] Step 1: Executing node 'save_price' with handler 'saveSupplierPrice'

stdout | tests/kitchen.test.js > Módulo Cocina — Recetario > COC-02 Crea un insumo nuevo en inventory_items
[Engine] Workflow 'undefined' completed successfully after 1 steps.

stdout | tests/admin-floor.test.js > Módulo Admin — Gestión de Piso > PISO-04 Actualiza el nombre de una zona
[Engine] Workflow 'undefined' completed successfully after 1 steps.

stdout | tests/menu-digital.test.js > Módulo Público — Menú Digital > PUB-00 Setup: crea datos de prueba para el menú público
[Engine] Workflow 'undefined' completed successfully after 1 steps.

stdout | tests/kitchen.test.js > Módulo Cocina — Recetario > COC-03 Devuelve el catálogo de insumos activos
[Engine] Starting Workflow: undefined at node: fetch_ingredients
[Engine] Step 1: Executing node 'fetch_ingredients' with handler 'getIngredients'

stdout | tests/menu-digital.test.js > Módulo Público — Menú Digital > PUB-00 Setup: crea datos de prueba para el menú público
[Engine] Starting Workflow: undefined at node: save_dish
[Engine] Step 1: Executing node 'save_dish' with handler 'saveDish'

stdout | tests/admin-floor.test.js > Módulo Admin — Gestión de Piso > PISO-05 Devuelve el catálogo de zonas
[Engine] Starting Workflow: undefined at node: fetch_zones
[Engine] Step 1: Executing node 'fetch_zones' with handler 'getZones'

stderr | tests/inventory-transfers.test.js > Módulo Inventario — Traspasos y Kardex > TRF-03 Rechaza traspaso si no hay stock suficiente en origen
PostgreSQL Query Error: error: Stock insuficiente en ubicación origen para: INS-TEQUILA-TRF
    at /app/node_modules/pg/lib/client.js:631:17
    at processTicksAndRejections (node:internal/process/task_queues:95:5)
    at executeQuery (/app/src/db/connection.js:51:28)
    at executeStoredProcedure (/app/src/db/connection.js:80:12)
    at Module.kardexTransfer (/app/src/models/inventory-transfers.model.js:4:5)
    at saveKardexTransfer (/app/src/helpers/inventory-transfers.helper.js:23:13)
    at executeWorkflow (/app/src/engine/orchestrator.js:53:13)
    at /app/src/engine/schemaRouter.js:169:36
    at dispatch (file:///app/node_modules/hono/dist/compose.js:22:17)
    at /app/src/middleware/auth.middleware.js:66:35 {
  length: 264,
  severity: 'ERROR',
  code: 'P0001',
  detail: undefined,
  hint: undefined,
  position: undefined,
  internalPosition: undefined,
  internalQuery: undefined,
  where: 'PL/pgSQL function sp_kardex_transfer(character varying,character varying,character varying,numeric,uuid,character varying) line 29 at RAISE',
  schema: undefined,
  table: undefined,
  column: undefined,
  dataType: undefined,
  constraint: undefined,
  file: 'pl_exec.c',
  line: '3905',
  routine: 'exec_stmt_raise'
}

stderr | tests/inventory-transfers.test.js > Módulo Inventario — Traspasos y Kardex > TRF-03 Rechaza traspaso si no hay stock suficiente en origen
Raw DB Error in saveKardexTransfer: error: Stock insuficiente en ubicación origen para: INS-TEQUILA-TRF
    at /app/node_modules/pg/lib/client.js:631:17
    at processTicksAndRejections (node:internal/process/task_queues:95:5)
    at executeQuery (/app/src/db/connection.js:51:28)
    at executeStoredProcedure (/app/src/db/connection.js:80:12)
    at Module.kardexTransfer (/app/src/models/inventory-transfers.model.js:4:5)
    at saveKardexTransfer (/app/src/helpers/inventory-transfers.helper.js:23:13)
    at executeWorkflow (/app/src/engine/orchestrator.js:53:13)
    at /app/src/engine/schemaRouter.js:169:36
    at dispatch (file:///app/node_modules/hono/dist/compose.js:22:17)
    at /app/src/middleware/auth.middleware.js:66:35 {
  length: 264,
  severity: 'ERROR',
  code: 'P0001',
  detail: undefined,
  hint: undefined,
  position: undefined,
  internalPosition: undefined,
  internalQuery: undefined,
  where: 'PL/pgSQL function sp_kardex_transfer(character varying,character varying,character varying,numeric,uuid,character varying) line 29 at RAISE',
  schema: undefined,
  table: undefined,
  column: undefined,
  dataType: undefined,
  constraint: undefined,
  file: 'pl_exec.c',
  line: '3905',
  routine: 'exec_stmt_raise'
}

stderr | tests/inventory-transfers.test.js > Módulo Inventario — Traspasos y Kardex > TRF-03 Rechaza traspaso si no hay stock suficiente en origen
[SchemaRouter] Execution Failed for /transfers: AppError: Error en transacción de Kardex: Stock insuficiente en ubicación origen para: INS-TEQUILA-TRF
    at saveKardexTransfer (/app/src/helpers/inventory-transfers.helper.js:36:15)
    at processTicksAndRejections (node:internal/process/task_queues:95:5)
    at executeWorkflow (/app/src/engine/orchestrator.js:53:13)
    at /app/src/engine/schemaRouter.js:169:36
    at dispatch (file:///app/node_modules/hono/dist/compose.js:22:17)
    at /app/src/middleware/auth.middleware.js:66:35
    at dispatch (file:///app/node_modules/hono/dist/compose.js:22:17)
    at cors2 (file:///app/node_modules/hono/dist/middleware/cors/index.js:79:5)
    at dispatch (file:///app/node_modules/hono/dist/compose.js:22:17)
    at file:///app/node_modules/hono/dist/hono-base.js:301:25 {
  statusCode: 500,
  status: 'error',
  isOperational: true
}

stdout | tests/cashier.test.js > Módulo Caja > CAJA-02 Autentica cajero con PIN correcto
[Engine] Workflow 'undefined' completed successfully after 1 steps.

stdout | tests/inventory-transfers.test.js > Módulo Inventario — Traspasos y Kardex > TRF-04 Ejecuta el traspaso correctamente y actualiza kardex
[Engine] Starting Workflow: undefined at node: transfer_logic
[Engine] Step 1: Executing node 'transfer_logic' with handler 'saveKardexTransfer'

stdout | tests/admin-menu.test.js > Módulo Admin — Menú > MENU-04 Actualiza el nombre de una categoría
[Engine] Workflow 'undefined' completed successfully after 1 steps.

stdout | tests/admin-employee.test.js > Módulo Admin — Empleados y Catálogos > EMP-04 Actualiza un empleado existente exitosamente
[Engine] Workflow 'undefined' completed successfully after 2 steps.

stdout | tests/cashier.test.js > Módulo Caja > CAJA-02 Autentica cajero con PIN correcto
[Engine] Starting Workflow: undefined at node: validate_employee
[Engine] Step 1: Executing node 'validate_employee' with handler 'validateEmployeeExists'

stdout | tests/admin-menu.test.js > Módulo Admin — Menú > MENU-05 Elimina una categoría sin platillos exitosamente
[Engine] Starting Workflow: undefined at node: delete_category
[Engine] Step 1: Executing node 'delete_category' with handler 'deleteCategory'

stdout | tests/kitchen.test.js > Módulo Cocina — Recetario > COC-03 Devuelve el catálogo de insumos activos
[Engine] Workflow 'undefined' completed successfully after 1 steps.

stdout | tests/kitchen.test.js > Módulo Cocina — Recetario > COC-04 Agrega un ingrediente a la receta y activa has_recipe en el platillo
[Engine] Starting Workflow: undefined at node: add_item
[Engine] Step 1: Executing node 'add_item' with handler 'addRecipeItem'

stdout | tests/admin-inventory.test.js > Módulo Admin — Inventario y Proveedores > INV-05 Guarda el precio de un insumo por proveedor
[Engine] Workflow 'undefined' completed successfully after 1 steps.

stdout | tests/admin-floor.test.js > Módulo Admin — Gestión de Piso > PISO-05 Devuelve el catálogo de zonas
[Engine] Workflow 'undefined' completed successfully after 1 steps.

stdout | tests/waiter.test.js > Módulo POS — Mesero > POS-01 Autentica al mesero con PIN correcto
[Engine] Starting Workflow: undefined at node: validate_pin
[Engine] Step 1: Executing node 'validate_pin' with handler 'validateWaiterPin'

stdout | tests/admin-floor.test.js > Módulo Admin — Gestión de Piso > PISO-06 Crea una mesa dentro de una zona existente
[Engine] Starting Workflow: undefined at node: save_table
[Engine] Step 1: Executing node 'save_table' with handler 'saveTable'

stdout | tests/admin-inventory.test.js > Módulo Admin — Inventario y Proveedores > INV-07 Registra un ajuste físico (merma a 0)
[Engine] Starting Workflow: undefined at node: adjustment_logic
[Engine] Step 1: Executing node 'adjustment_logic' with handler 'saveKardexAdjustment'

stdout | tests/menu-digital.test.js > Módulo Público — Menú Digital > PUB-00 Setup: crea datos de prueba para el menú público
[Engine] Workflow 'undefined' completed successfully after 1 steps.

stdout | tests/menu-digital.test.js > Módulo Público — Menú Digital > PUB-00 Setup: crea datos de prueba para el menú público
[Engine] Starting Workflow: undefined at node: update_dish
[Engine] Step 1: Executing node 'update_dish' with handler 'updateDish'

stdout | tests/admin-employee.test.js > Módulo Admin — Empleados y Catálogos > EMP-05 Devuelve 404 al actualizar un empleado inexistente
[Engine] Starting Workflow: undefined at node: validate_employee
[Engine] Step 1: Executing node 'validate_employee' with handler 'validateEmployeeExists'

stdout | tests/cashier.test.js > Módulo Caja > CAJA-02 Autentica cajero con PIN correcto
[Engine] Step 2: Executing node 'update_employee_data' with handler 'updateEmployee'

stdout | tests/inventory-transfers.test.js > Módulo Inventario — Traspasos y Kardex > TRF-04 Ejecuta el traspaso correctamente y actualiza kardex
[Engine] Workflow 'undefined' completed successfully after 1 steps.

stdout | tests/kitchen-kds.test.js > Módulo KDS — Tablero de Cocina > KDS-01 Devuelve el tablero Kanban de cocina con grupos pending/preparing/ready
[Engine] Starting Workflow: undefined at node: fetch_board
[Engine] Step 1: Executing node 'fetch_board' with handler 'getKitchenBoard'

stdout | tests/waiter.test.js > Módulo POS — Mesero > POS-01 Autentica al mesero con PIN correcto
[Engine] Workflow 'undefined' completed successfully after 2 steps.

stdout | tests/kitchen.test.js > Módulo Cocina — Recetario > COC-04 Agrega un ingrediente a la receta y activa has_recipe en el platillo
[Engine] Workflow 'undefined' completed successfully after 1 steps.

stdout | tests/admin-inventory.test.js > Módulo Admin — Inventario y Proveedores > INV-07 Registra un ajuste físico (merma a 0)
[Engine] Workflow 'undefined' completed successfully after 1 steps.

stdout | tests/kitchen.test.js > Módulo Cocina — Recetario > COC-04 Agrega un ingrediente a la receta y activa has_recipe en el platillo
[Engine] Starting Workflow: undefined at node: fetch_pending
[Engine] Step 1: Executing node 'fetch_pending' with handler 'getPendingDishes'

stdout | tests/admin-floor.test.js > Módulo Admin — Gestión de Piso > PISO-06 Crea una mesa dentro de una zona existente
[Engine] Workflow 'undefined' completed successfully after 1 steps.

stdout | tests/admin-menu.test.js > Módulo Admin — Menú > MENU-05 Elimina una categoría sin platillos exitosamente
[Engine] Workflow 'undefined' completed successfully after 1 steps.

stdout | tests/admin-inventory.test.js > Módulo Admin — Inventario y Proveedores > INV-08 Ingesta compras masivamente vía webhook (PUSH)
[Engine] Starting Workflow: undefined at node: sync_action
[Engine] Step 1: Executing node 'sync_action' with handler 'syncPurchasesToKardex'

stdout | tests/waiter.test.js > Módulo POS — Mesero > POS-02 Rechaza PIN incorrecto con 401
[Engine] Starting Workflow: undefined at node: validate_pin
[Engine] Step 1: Executing node 'validate_pin' with handler 'validateWaiterPin'

stdout | tests/admin-floor.test.js > Módulo Admin — Gestión de Piso > PISO-07 Rechaza mesa con capacidad 0
[Engine] Starting Workflow: undefined at node: save_table
[Engine] Step 1: Executing node 'save_table' with handler 'saveTable'

stdout | tests/admin-menu.test.js > Módulo Admin — Menú > MENU-06 Crea una categoría base para los platillos (setup)
[Engine] Starting Workflow: undefined at node: save_category
[Engine] Step 1: Executing node 'save_category' with handler 'saveCategory'

stdout | tests/menu-digital.test.js > Módulo Público — Menú Digital > PUB-00 Setup: crea datos de prueba para el menú público
[Engine] Workflow 'undefined' completed successfully after 1 steps.

stdout | tests/menu-digital.test.js > Módulo Público — Menú Digital > PUB-01 Devuelve el menú público agrupado por categoría ocultando inactivos
[Engine] Starting Workflow: undefined at node: get_menu
[Engine] Step 1: Executing node 'get_menu' with handler 'getPublicMenu'

stdout | tests/e2e-operacion.test.js > E2E — Operación Completa de un Turno > E2E-01 Mesero abre la mesa E2E-T01
[Engine] Starting Workflow: undefined at node: open_session
[Engine] Step 1: Executing node 'open_session' with handler 'openTable'

stdout | tests/kitchen.test.js > Módulo Cocina — Recetario > COC-04 Agrega un ingrediente a la receta y activa has_recipe en el platillo
[Engine] Workflow 'undefined' completed successfully after 1 steps.

stdout | tests/kitchen-kds.test.js > Módulo KDS — Tablero de Cocina > KDS-01 Devuelve el tablero Kanban de cocina con grupos pending/preparing/ready
[Engine] Workflow 'undefined' completed successfully after 1 steps.

stdout | tests/kitchen.test.js > Módulo Cocina — Recetario > COC-05 Devuelve el catálogo de recetario (has_recipe = true)
[Engine] Starting Workflow: undefined at node: fetch_finished
[Engine] Step 1: Executing node 'fetch_finished' with handler 'getFinishedDishes'

stdout | tests/admin-menu.test.js > Módulo Admin — Menú > MENU-06 Crea una categoría base para los platillos (setup)
[Engine] Workflow 'undefined' completed successfully after 1 steps.

stderr | tests/admin-floor.test.js > Módulo Admin — Gestión de Piso > PISO-07 Rechaza mesa con capacidad 0
PostgreSQL Query Error: error: new row for relation "restaurant_tables" violates check constraint "restaurant_tables_capacity_check"
    at /app/node_modules/pg/lib/client.js:631:17
    at processTicksAndRejections (node:internal/process/task_queues:95:5)
    at executeQuery (/app/src/db/connection.js:51:28)
    at executeStoredProcedure (/app/src/db/connection.js:80:12)
    at Module.createTable (/app/src/models/admin-floor.model.js:29:5)
    at saveTable (/app/src/helpers/admin-floor.helper.js:60:9)
    at executeWorkflow (/app/src/engine/orchestrator.js:53:13)
    at /app/src/engine/schemaRouter.js:169:36
    at dispatch (file:///app/node_modules/hono/dist/compose.js:22:17)
    at /app/src/middleware/auth.middleware.js:66:35 {
  length: 628,
  severity: 'ERROR',
  code: '23514',
  detail: 'Failing row contains (963f57c2-4638-4e1f-b88e-b4ab61cd9d91, TEST-T02, 65c1984f-1858-47c7-a002-c965a8382203, 0, t, 2026-03-19 17:27:56.289839+00, 2026-03-19 17:27:56.289839+00).',
  hint: undefined,
  position: undefined,
  internalPosition: undefined,
  internalQuery: undefined,
  where: 'SQL statement "INSERT INTO restaurant_tables (code, zone_id, capacity)\n' +
    '    VALUES (p_table_code, v_zone_id, p_capacity)"\n' +
    'PL/pgSQL function sp_create_table(character varying,character varying,integer) line 8 at SQL statement',
  schema: 'public',
  table: 'restaurant_tables',
  column: undefined,
  dataType: undefined,
  constraint: 'restaurant_tables_capacity_check',
  file: 'execMain.c',
  line: '2074',
  routine: 'ExecConstraints'
}

stdout | tests/cashier.test.js > Módulo Caja > CAJA-02 Autentica cajero con PIN correcto
[Engine] Workflow 'undefined' completed successfully after 2 steps.

stdout | tests/admin-menu.test.js > Módulo Admin — Menú > MENU-07 Crea un platillo nuevo en una categoría existente
[Engine] Starting Workflow: undefined at node: save_dish
[Engine] Step 1: Executing node 'save_dish' with handler 'saveDish'

stderr | tests/admin-floor.test.js > Módulo Admin — Gestión de Piso > PISO-07 Rechaza mesa con capacidad 0
[SchemaRouter] Execution Failed for /tables: AppError: La capacidad debe ser mayor a 0
    at saveTable (/app/src/helpers/admin-floor.helper.js:65:43)
    at processTicksAndRejections (node:internal/process/task_queues:95:5)
    at executeWorkflow (/app/src/engine/orchestrator.js:53:13)
    at /app/src/engine/schemaRouter.js:169:36
    at dispatch (file:///app/node_modules/hono/dist/compose.js:22:17)
    at /app/src/middleware/auth.middleware.js:66:35
    at dispatch (file:///app/node_modules/hono/dist/compose.js:22:17)
    at cors2 (file:///app/node_modules/hono/dist/middleware/cors/index.js:79:5)
    at dispatch (file:///app/node_modules/hono/dist/compose.js:22:17)
    at file:///app/node_modules/hono/dist/hono-base.js:301:25 {
  statusCode: 400,
  status: 'fail',
  isOperational: true
}

stdout | tests/cashier.test.js > Módulo Caja > CAJA-02 Autentica cajero con PIN correcto
[Engine] Starting Workflow: undefined at node: validate_pin
[Engine] Step 1: Executing node 'validate_pin' with handler 'validateCashierPin'

stdout | tests/admin-floor.test.js > Módulo Admin — Gestión de Piso > PISO-08 Rechaza mesa si la zona no existe
[Engine] Starting Workflow: undefined at node: save_table
[Engine] Step 1: Executing node 'save_table' with handler 'saveTable'

stdout | tests/kitchen-kds.test.js > Módulo KDS — Tablero de Cocina > KDS-02 Avanza item de PENDING_KITCHEN a PREPARING y registra started_at
[Engine] Starting Workflow: undefined at node: update_status
[Engine] Step 1: Executing node 'update_status' with handler 'updateKitchenItemStatus'

stderr | tests/admin-employee.test.js > Módulo Admin — Empleados y Catálogos > EMP-05 Devuelve 404 al actualizar un empleado inexistente
[SchemaRouter] Execution Failed for /employees/:employeeNumber: AppError: Rechazado: El empleado con número 'NO-EXISTO' no existe.
    at validateEmployeeExists (/app/src/helpers/admin-employee.helper.js:96:30)
    at processTicksAndRejections (node:internal/process/task_queues:95:5)
    at executeWorkflow (/app/src/engine/orchestrator.js:53:13)
    at /app/src/engine/schemaRouter.js:169:36
    at dispatch (file:///app/node_modules/hono/dist/compose.js:22:17)
    at /app/src/middleware/auth.middleware.js:66:35
    at dispatch (file:///app/node_modules/hono/dist/compose.js:22:17)
    at cors2 (file:///app/node_modules/hono/dist/middleware/cors/index.js:79:5)
    at dispatch (file:///app/node_modules/hono/dist/compose.js:22:17)
    at file:///app/node_modules/hono/dist/hono-base.js:301:25 {
  statusCode: 404,
  status: 'fail',
  isOperational: true
}

stdout | tests/menu-digital.test.js > Módulo Público — Menú Digital > PUB-01 Devuelve el menú público agrupado por categoría ocultando inactivos
[Engine] Workflow 'undefined' completed successfully after 1 steps.

stdout | tests/admin-employee.test.js > Módulo Admin — Empleados y Catálogos > EMP-06 Da de baja lógica a un empleado
[Engine] Starting Workflow: undefined at node: validate_employee
[Engine] Step 1: Executing node 'validate_employee' with handler 'validateEmployeeExists'

stderr | tests/waiter.test.js > Módulo POS — Mesero > POS-02 Rechaza PIN incorrecto con 401
[SchemaRouter] Execution Failed for /waiters/login: AppError: Número de empleado o PIN incorrecto
    at validateWaiterPin (/app/src/helpers/waiter.helper.js:8:40)
    at processTicksAndRejections (node:internal/process/task_queues:95:5)
    at executeWorkflow (/app/src/engine/orchestrator.js:53:13)
    at /app/src/engine/schemaRouter.js:169:36
    at dispatch (file:///app/node_modules/hono/dist/compose.js:22:17)
    at /app/src/middleware/auth.middleware.js:66:35
    at dispatch (file:///app/node_modules/hono/dist/compose.js:22:17)
    at cors2 (file:///app/node_modules/hono/dist/middleware/cors/index.js:79:5)
    at dispatch (file:///app/node_modules/hono/dist/compose.js:22:17)
    at file:///app/node_modules/hono/dist/hono-base.js:301:25 {
  statusCode: 401,
  status: 'fail',
  isOperational: true
}

stdout | tests/admin-inventory.test.js > Módulo Admin — Inventario y Proveedores > INV-08 Ingesta compras masivamente vía webhook (PUSH)
[Engine] Workflow 'undefined' completed successfully after 1 steps.

stdout | tests/waiter.test.js > Módulo POS — Mesero > POS-04 Devuelve el plano de zonas y mesas con su estado de ocupación
[Engine] Starting Workflow: undefined at node: fetch_layout
[Engine] Step 1: Executing node 'fetch_layout' with handler 'getWaiterLayout'

stdout | tests/kitchen.test.js > Módulo Cocina — Recetario > COC-05 Devuelve el catálogo de recetario (has_recipe = true)
[Engine] Workflow 'undefined' completed successfully after 1 steps.

stderr | tests/admin-floor.test.js > Módulo Admin — Gestión de Piso > PISO-08 Rechaza mesa si la zona no existe
PostgreSQL Query Error: error: La zona ZONA-FALSA no existe
    at /app/node_modules/pg/lib/client.js:631:17
    at processTicksAndRejections (node:internal/process/task_queues:95:5)
    at executeQuery (/app/src/db/connection.js:51:28)
    at executeStoredProcedure (/app/src/db/connection.js:80:12)
    at Module.createTable (/app/src/models/admin-floor.model.js:29:5)
    at saveTable (/app/src/helpers/admin-floor.helper.js:60:9)
    at executeWorkflow (/app/src/engine/orchestrator.js:53:13)
    at /app/src/engine/schemaRouter.js:169:36
    at dispatch (file:///app/node_modules/hono/dist/compose.js:22:17)
    at /app/src/middleware/auth.middleware.js:66:35 {
  length: 186,
  severity: 'ERROR',
  code: 'P0002',
  detail: undefined,
  hint: undefined,
  position: undefined,
  internalPosition: undefined,
  internalQuery: undefined,
  where: 'PL/pgSQL function sp_create_table(character varying,character varying,integer) line 6 at RAISE',
  schema: undefined,
  table: undefined,
  column: undefined,
  dataType: undefined,
  constraint: undefined,
  file: 'pl_exec.c',
  line: '3905',
  routine: 'exec_stmt_raise'
}

stderr | tests/admin-floor.test.js > Módulo Admin — Gestión de Piso > PISO-08 Rechaza mesa si la zona no existe
[SchemaRouter] Execution Failed for /tables: AppError: La zona asignada no existe
    at saveTable (/app/src/helpers/admin-floor.helper.js:63:43)
    at processTicksAndRejections (node:internal/process/task_queues:95:5)
    at executeWorkflow (/app/src/engine/orchestrator.js:53:13)
    at /app/src/engine/schemaRouter.js:169:36
    at dispatch (file:///app/node_modules/hono/dist/compose.js:22:17)
    at /app/src/middleware/auth.middleware.js:66:35
    at dispatch (file:///app/node_modules/hono/dist/compose.js:22:17)
    at cors2 (file:///app/node_modules/hono/dist/middleware/cors/index.js:79:5)
    at dispatch (file:///app/node_modules/hono/dist/compose.js:22:17)
    at file:///app/node_modules/hono/dist/hono-base.js:301:25 {
  statusCode: 400,
  status: 'fail',
  isOperational: true
}

stdout | tests/kitchen.test.js > Módulo Cocina — Recetario > COC-06 Devuelve el BOM (ingredientes) de un platillo
[Engine] Starting Workflow: undefined at node: fetch_bom
[Engine] Step 1: Executing node 'fetch_bom' with handler 'getRecipeBOM'

stdout | tests/cashier.test.js > Módulo Caja > CAJA-02 Autentica cajero con PIN correcto
[Engine] Workflow 'undefined' completed successfully after 2 steps.

stdout | tests/admin-menu.test.js > Módulo Admin — Menú > MENU-07 Crea un platillo nuevo en una categoría existente
[Engine] Workflow 'undefined' completed successfully after 1 steps.

stdout | tests/admin-floor.test.js > Módulo Admin — Gestión de Piso > PISO-09 Actualiza la capacidad de una mesa
[Engine] Starting Workflow: undefined at node: update_table_data
[Engine] Step 1: Executing node 'update_table_data' with handler 'updateTable'

stdout | tests/admin-menu.test.js > Módulo Admin — Menú > MENU-08 Rechaza platillo si la categoría no existe
[Engine] Starting Workflow: undefined at node: save_dish
[Engine] Step 1: Executing node 'save_dish' with handler 'saveDish'

stdout | tests/kitchen-kds.test.js > Módulo KDS — Tablero de Cocina > KDS-02 Avanza item de PENDING_KITCHEN a PREPARING y registra started_at
[Engine] Workflow 'undefined' completed successfully after 1 steps.

stdout | tests/cashier.test.js > Módulo Caja > CAJA-03 Rechaza PIN incorrecto con 401
[Engine] Starting Workflow: undefined at node: validate_pin
[Engine] Step 1: Executing node 'validate_pin' with handler 'validateCashierPin'

stdout | tests/admin-employee.test.js > Módulo Admin — Empleados y Catálogos > EMP-06 Da de baja lógica a un empleado
[Engine] Step 2: Executing node 'deactivate_employee_data' with handler 'deactivateEmployeeData'

stdout | tests/waiter.test.js > Módulo POS — Mesero > POS-04 Devuelve el plano de zonas y mesas con su estado de ocupación
[Engine] Workflow 'undefined' completed successfully after 2 steps.

stderr | tests/admin-menu.test.js > Módulo Admin — Menú > MENU-08 Rechaza platillo si la categoría no existe
PostgreSQL Query Error: error: Categoría CAT-FANTASMA no existe
    at /app/node_modules/pg/lib/client.js:631:17
    at processTicksAndRejections (node:internal/process/task_queues:95:5)
    at executeQuery (/app/src/db/connection.js:51:28)
    at executeStoredProcedure (/app/src/db/connection.js:80:12)
    at Module.createDish (/app/src/models/admin-menu.model.js:34:5)
    at createDishHandler (/app/src/helpers/admin-menu.helper.js:62:9)
    at executeWorkflow (/app/src/engine/orchestrator.js:53:13)
    at /app/src/engine/schemaRouter.js:169:36
    at dispatch (file:///app/node_modules/hono/dist/compose.js:22:17)
    at /app/src/middleware/auth.middleware.js:66:35 {
  length: 236,
  severity: 'ERROR',
  code: 'P0002',
  detail: undefined,
  hint: undefined,
  position: undefined,
  internalPosition: undefined,
  internalQuery: undefined,
  where: 'PL/pgSQL function sp_create_menu_dish(character varying,character varying,character varying,text,numeric,character varying) line 6 at RAISE',
  schema: undefined,
  table: undefined,
  column: undefined,
  dataType: undefined,
  constraint: undefined,
  file: 'pl_exec.c',
  line: '3905',
  routine: 'exec_stmt_raise'
}

stdout | tests/kitchen.test.js > Módulo Cocina — Recetario > COC-06 Devuelve el BOM (ingredientes) de un platillo
[Engine] Workflow 'undefined' completed successfully after 1 steps.

stdout | tests/kitchen.test.js > Módulo Cocina — Recetario > COC-07 Devuelve 404 para el BOM de un platillo sin receta
[Engine] Starting Workflow: undefined at node: fetch_bom
[Engine] Step 1: Executing node 'fetch_bom' with handler 'getRecipeBOM'

stderr | tests/admin-menu.test.js > Módulo Admin — Menú > MENU-08 Rechaza platillo si la categoría no existe
[SchemaRouter] Execution Failed for /menu/dishes: AppError: La categoría asignada no existe
    at createDishHandler (/app/src/helpers/admin-menu.helper.js:66:43)
    at processTicksAndRejections (node:internal/process/task_queues:95:5)
    at executeWorkflow (/app/src/engine/orchestrator.js:53:13)
    at /app/src/engine/schemaRouter.js:169:36
    at dispatch (file:///app/node_modules/hono/dist/compose.js:22:17)
    at /app/src/middleware/auth.middleware.js:66:35
    at dispatch (file:///app/node_modules/hono/dist/compose.js:22:17)
    at cors2 (file:///app/node_modules/hono/dist/middleware/cors/index.js:79:5)
    at dispatch (file:///app/node_modules/hono/dist/compose.js:22:17)
    at file:///app/node_modules/hono/dist/hono-base.js:301:25 {
  statusCode: 400,
  status: 'fail',
  isOperational: true
}

stdout | tests/admin-floor.test.js > Módulo Admin — Gestión de Piso > PISO-09 Actualiza la capacidad de una mesa
[Engine] Workflow 'undefined' completed successfully after 1 steps.

stdout | tests/kitchen-kds.test.js > Módulo KDS — Tablero de Cocina > KDS-03 Avanza item de PREPARING a READY
[Engine] Starting Workflow: undefined at node: update_status
[Engine] Step 1: Executing node 'update_status' with handler 'updateKitchenItemStatus'

stdout | tests/admin-menu.test.js > Módulo Admin — Menú > MENU-09 Devuelve la lista de platillos con datos de categoría
[Engine] Starting Workflow: undefined at node: fetch_dishes
[Engine] Step 1: Executing node 'fetch_dishes' with handler 'getDishes'

stdout | tests/admin-floor.test.js > Módulo Admin — Gestión de Piso > PISO-10 Devuelve el catálogo de mesas
[Engine] Starting Workflow: undefined at node: fetch_tables
[Engine] Step 1: Executing node 'fetch_tables' with handler 'getTables'

stdout | tests/menu-digital.test.js > Módulo Público — Menú Digital > PUB-03 Registra un llamado al mesero desde una mesa válida
[Engine] Starting Workflow: undefined at node: register_call
[Engine] Step 1: Executing node 'register_call' with handler 'registerWaiterCall'

stdout | tests/admin-employee.test.js > Módulo Admin — Empleados y Catálogos > EMP-06 Da de baja lógica a un empleado
[Engine] Workflow 'undefined' completed successfully after 2 steps.

stdout | tests/waiter.test.js > Módulo POS — Mesero > POS-05 Abre una mesa creando la cabecera de comanda
[Engine] Starting Workflow: undefined at node: open_session
[Engine] Step 1: Executing node 'open_session' with handler 'openTable'

stdout | tests/admin-menu.test.js > Módulo Admin — Menú > MENU-09 Devuelve la lista de platillos con datos de categoría
[Engine] Workflow 'undefined' completed successfully after 1 steps.

stdout | tests/admin-floor.test.js > Módulo Admin — Gestión de Piso > PISO-10 Devuelve el catálogo de mesas
[Engine] Workflow 'undefined' completed successfully after 1 steps.

stdout | tests/admin-menu.test.js > Módulo Admin — Menú > MENU-10 Actualiza precio y estado de un platillo
[Engine] Starting Workflow: undefined at node: update_dish
[Engine] Step 1: Executing node 'update_dish' with handler 'updateDish'

stderr | tests/cashier.test.js > Módulo Caja > CAJA-03 Rechaza PIN incorrecto con 401
[SchemaRouter] Execution Failed for /cashier/login: AppError: Número de empleado o PIN incorrecto
    at validateCashierPin (/app/src/helpers/cashier.helper.js:59:42)
    at processTicksAndRejections (node:internal/process/task_queues:95:5)
    at executeWorkflow (/app/src/engine/orchestrator.js:53:13)
    at /app/src/engine/schemaRouter.js:169:36
    at dispatch (file:///app/node_modules/hono/dist/compose.js:22:17)
    at /app/src/middleware/auth.middleware.js:66:35
    at dispatch (file:///app/node_modules/hono/dist/compose.js:22:17)
    at cors2 (file:///app/node_modules/hono/dist/middleware/cors/index.js:79:5)
    at dispatch (file:///app/node_modules/hono/dist/compose.js:22:17)
    at file:///app/node_modules/hono/dist/hono-base.js:301:25 {
  statusCode: 401,
  status: 'fail',
  isOperational: true
}

stdout | tests/e2e-operacion.test.js > E2E — Operación Completa de un Turno > E2E-01 Mesero abre la mesa E2E-T01
[Engine] Workflow 'undefined' completed successfully after 2 steps.

stdout | tests/admin-floor.test.js > Módulo Admin — Gestión de Piso > PISO-11 Crea una asignación para un día
[Engine] Starting Workflow: undefined at node: save_assignment
[Engine] Step 1: Executing node 'save_assignment' with handler 'saveAssignment'

stdout | tests/kitchen-kds.test.js > Módulo KDS — Tablero de Cocina > KDS-03 Avanza item de PREPARING a READY
[Engine] Workflow 'undefined' completed successfully after 1 steps.

stdout | tests/admin-employee.test.js > Módulo Admin — Empleados y Catálogos > EMP-07 Inserta múltiples empleados en una sola transacción
[Engine] Starting Workflow: undefined at node: bulk_save_node
[Engine] Step 1: Executing node 'bulk_save_node' with handler 'bulkSaveEmployees'

stdout | tests/e2e-operacion.test.js > E2E — Operación Completa de un Turno > E2E-02 Mesero envía la comanda con un taco
[Engine] Starting Workflow: undefined at node: process_order
[Engine] Step 1: Executing node 'process_order' with handler 'submitOrder'

stderr | tests/kitchen.test.js > Módulo Cocina — Recetario > COC-07 Devuelve 404 para el BOM de un platillo sin receta
[SchemaRouter] Execution Failed for /recipes/:dishCode/bom: AppError: No se encontró receta para el platillo 'PLATILLO-FALSO'
    at getRecipeBOM (/app/src/helpers/kitchen.helper.js:63:38)
    at processTicksAndRejections (node:internal/process/task_queues:95:5)
    at executeWorkflow (/app/src/engine/orchestrator.js:53:13)
    at /app/src/engine/schemaRouter.js:169:36
    at dispatch (file:///app/node_modules/hono/dist/compose.js:22:17)
    at /app/src/middleware/auth.middleware.js:66:35
    at dispatch (file:///app/node_modules/hono/dist/compose.js:22:17)
    at cors2 (file:///app/node_modules/hono/dist/middleware/cors/index.js:79:5)
    at dispatch (file:///app/node_modules/hono/dist/compose.js:22:17)
    at file:///app/node_modules/hono/dist/hono-base.js:301:25 {
  statusCode: 404,
  status: 'fail',
  isOperational: true
}

stdout | tests/menu-digital.test.js > Módulo Público — Menú Digital > PUB-03 Registra un llamado al mesero desde una mesa válida
[Engine] Workflow 'undefined' completed successfully after 1 steps.

stdout | tests/menu-digital.test.js > Módulo Público — Menú Digital > PUB-04 Rechaza llamada si la mesa no existe
[Engine] Starting Workflow: undefined at node: register_call
[Engine] Step 1: Executing node 'register_call' with handler 'registerWaiterCall'

stdout | tests/kitchen.test.js > Módulo Cocina — Recetario > COC-08 Actualiza la ficha técnica (método de preparación e imagen)
[Engine] Starting Workflow: undefined at node: save_tech_sheet
[Engine] Step 1: Executing node 'save_tech_sheet' with handler 'updateTechSheet'

stdout | tests/admin-menu.test.js > Módulo Admin — Menú > MENU-10 Actualiza precio y estado de un platillo
[Engine] Workflow 'undefined' completed successfully after 1 steps.

stdout | tests/admin-menu.test.js > Módulo Admin — Menú > MENU-11 Impide borrar una categoría con platillos activos
[Engine] Starting Workflow: undefined at node: delete_category
[Engine] Step 1: Executing node 'delete_category' with handler 'deleteCategory'

stdout | tests/admin-floor.test.js > Módulo Admin — Gestión de Piso > PISO-11 Crea una asignación para un día
[Engine] Workflow 'undefined' completed successfully after 1 steps.

stdout | tests/admin-floor.test.js > Módulo Admin — Gestión de Piso > PISO-12 Rechaza asignación si la zona no existe
[Engine] Starting Workflow: undefined at node: save_assignment
[Engine] Step 1: Executing node 'save_assignment' with handler 'saveAssignment'

stdout | tests/kitchen-kds.test.js > Módulo KDS — Tablero de Cocina > KDS-04 Rechaza status inválido (Gatekeeper 400)
[Engine] Starting Workflow: undefined at node: update_status
[Engine] Step 1: Executing node 'update_status' with handler 'updateKitchenItemStatus'

 ✓ tests/inventory-transfers.test.js (5 tests) 252ms
stderr | tests/admin-menu.test.js > Módulo Admin — Menú > MENU-11 Impide borrar una categoría con platillos activos
PostgreSQL Query Error: error: La categoría tiene platillos activos
    at /app/node_modules/pg/lib/client.js:631:17
    at processTicksAndRejections (node:internal/process/task_queues:95:5)
    at executeQuery (/app/src/db/connection.js:51:28)
    at executeStoredProcedure (/app/src/db/connection.js:80:12)
    at Module.deleteCategorySmart (/app/src/models/admin-menu.model.js:28:5)
    at deleteCategory (/app/src/helpers/admin-menu.helper.js:46:9)
    at executeWorkflow (/app/src/engine/orchestrator.js:53:13)
    at /app/src/engine/schemaRouter.js:169:36
    at dispatch (file:///app/node_modules/hono/dist/compose.js:22:17)
    at /app/src/middleware/auth.middleware.js:66:35 {
  length: 184,
  severity: 'ERROR',
  code: 'P0001',
  detail: undefined,
  hint: undefined,
  position: undefined,
  internalPosition: undefined,
  internalQuery: undefined,
  where: 'PL/pgSQL function sp_delete_menu_category_smart(character varying) line 12 at RAISE',
  schema: undefined,
  table: undefined,
  column: undefined,
  dataType: undefined,
  constraint: undefined,
  file: 'pl_exec.c',
  line: '3905',
  routine: 'exec_stmt_raise'
}

stderr | tests/kitchen-kds.test.js > Módulo KDS — Tablero de Cocina > KDS-04 Rechaza status inválido (Gatekeeper 400)
[SchemaRouter] Execution Failed for /items/:itemId/status: AppError: Status inválido para la cocina
    at updateKitchenItemStatus (/app/src/helpers/kitchen.helper.js:177:15)
    at executeWorkflow (/app/src/engine/orchestrator.js:53:19)
    at /app/src/engine/schemaRouter.js:169:42
    at processTicksAndRejections (node:internal/process/task_queues:95:5)
    at dispatch (file:///app/node_modules/hono/dist/compose.js:22:17)
    at /app/src/middleware/auth.middleware.js:66:35
    at dispatch (file:///app/node_modules/hono/dist/compose.js:22:17)
    at cors2 (file:///app/node_modules/hono/dist/middleware/cors/index.js:79:5)
    at dispatch (file:///app/node_modules/hono/dist/compose.js:22:17)
    at file:///app/node_modules/hono/dist/hono-base.js:301:25 {
  statusCode: 400,
  status: 'fail',
  isOperational: true
}

stderr | tests/admin-menu.test.js > Módulo Admin — Menú > MENU-11 Impide borrar una categoría con platillos activos
[SchemaRouter] Execution Failed for /menu/categories/:code: AppError: La categoría tiene platillos activos
    at deleteCategory (/app/src/helpers/admin-menu.helper.js:49:43)
    at processTicksAndRejections (node:internal/process/task_queues:95:5)
    at executeWorkflow (/app/src/engine/orchestrator.js:53:13)
    at /app/src/engine/schemaRouter.js:169:36
    at dispatch (file:///app/node_modules/hono/dist/compose.js:22:17)
    at /app/src/middleware/auth.middleware.js:66:35
    at dispatch (file:///app/node_modules/hono/dist/compose.js:22:17)
    at cors2 (file:///app/node_modules/hono/dist/middleware/cors/index.js:79:5)
    at dispatch (file:///app/node_modules/hono/dist/compose.js:22:17)
    at file:///app/node_modules/hono/dist/hono-base.js:301:25 {
  statusCode: 409,
  status: 'fail',
  isOperational: true
}

stdout | tests/admin-menu.test.js > Módulo Admin — Menú > MENU-12 Elimina un platillo exitosamente
[Engine] Starting Workflow: undefined at node: delete_dish
[Engine] Step 1: Executing node 'delete_dish' with handler 'deleteDish'

stderr | tests/admin-floor.test.js > Módulo Admin — Gestión de Piso > PISO-12 Rechaza asignación si la zona no existe
PostgreSQL Query Error: error: Zona ZONA-FANTASMA no existe
    at /app/node_modules/pg/lib/client.js:631:17
    at processTicksAndRejections (node:internal/process/task_queues:95:5)
    at executeQuery (/app/src/db/connection.js:51:28)
    at executeStoredProcedure (/app/src/db/connection.js:80:12)
    at Module.createAssignmentRange (/app/src/models/admin-floor.model.js:58:5)
    at createAssignmentRangeHandler (/app/src/helpers/admin-floor.helper.js:127:9)
    at executeWorkflow (/app/src/engine/orchestrator.js:53:13)
    at /app/src/engine/schemaRouter.js:169:36
    at dispatch (file:///app/node_modules/hono/dist/compose.js:22:17)
    at /app/src/middleware/auth.middleware.js:66:35 {
  length: 217,
  severity: 'ERROR',
  code: 'P0002',
  detail: undefined,
  hint: undefined,
  position: undefined,
  internalPosition: undefined,
  internalQuery: undefined,
  where: 'PL/pgSQL function sp_create_assignment_range(character varying,character varying,character varying,date,date) line 8 at RAISE',
  schema: undefined,
  table: undefined,
  column: undefined,
  dataType: undefined,
  constraint: undefined,
  file: 'pl_exec.c',
  line: '3905',
  routine: 'exec_stmt_raise'
}

stdout | tests/kitchen-kds.test.js > Módulo KDS — Tablero de Cocina > KDS-05 Devuelve 404 si el item no puede avanzar por flujo incorrecto
[Engine] Starting Workflow: undefined at node: update_status
[Engine] Step 1: Executing node 'update_status' with handler 'updateKitchenItemStatus'

stderr | tests/menu-digital.test.js > Módulo Público — Menú Digital > PUB-04 Rechaza llamada si la mesa no existe
PostgreSQL Query Error: error: null value in column "table_id" of relation "waiter_calls" violates not-null constraint
    at /app/node_modules/pg/lib/client.js:631:17
    at processTicksAndRejections (node:internal/process/task_queues:95:5)
    at executeQuery (/app/src/db/connection.js:51:28)
    at Object.registerCall (/app/src/models/public-menu.model.js:47:25)
    at registerWaiterCall (/app/src/helpers/public-menu.helper.js:17:9)
    at executeWorkflow (/app/src/engine/orchestrator.js:53:13)
    at /app/src/engine/schemaRouter.js:169:36
    at dispatch (file:///app/node_modules/hono/dist/compose.js:22:17)
    at /app/src/middleware/auth.middleware.js:66:35
    at dispatch (file:///app/node_modules/hono/dist/compose.js:22:17) {
  length: 327,
  severity: 'ERROR',
  code: '23502',
  detail: 'Failing row contains (52e6f2d5-d4c3-4068-8ce8-99f10a649bc2, null, BILL, PENDING, 2026-03-19 17:27:56.377902+00, 2026-03-19 17:27:56.377902+00).',
  hint: undefined,
  position: undefined,
  internalPosition: undefined,
  internalQuery: undefined,
  where: undefined,
  schema: 'public',
  table: 'waiter_calls',
  column: 'table_id',
  dataType: undefined,
  constraint: undefined,
  file: 'execMain.c',
  line: '2023',
  routine: 'ExecConstraints'
}

stdout | tests/kitchen.test.js > Módulo Cocina — Recetario > COC-08 Actualiza la ficha técnica (método de preparación e imagen)
[Engine] Workflow 'undefined' completed successfully after 1 steps.

stderr | tests/admin-floor.test.js > Módulo Admin — Gestión de Piso > PISO-12 Rechaza asignación si la zona no existe
[SchemaRouter] Execution Failed for /assignments: AppError: La zona asignada no existe
    at createAssignmentRangeHandler (/app/src/helpers/admin-floor.helper.js:130:43)
    at processTicksAndRejections (node:internal/process/task_queues:95:5)
    at executeWorkflow (/app/src/engine/orchestrator.js:53:13)
    at /app/src/engine/schemaRouter.js:169:36
    at dispatch (file:///app/node_modules/hono/dist/compose.js:22:17)
    at /app/src/middleware/auth.middleware.js:66:35
    at dispatch (file:///app/node_modules/hono/dist/compose.js:22:17)
    at cors2 (file:///app/node_modules/hono/dist/middleware/cors/index.js:79:5)
    at dispatch (file:///app/node_modules/hono/dist/compose.js:22:17)
    at file:///app/node_modules/hono/dist/hono-base.js:301:25 {
  statusCode: 400,
  status: 'fail',
  isOperational: true
}

stdout | tests/admin-floor.test.js > Módulo Admin — Gestión de Piso > PISO-13 Recupera las asignaciones del día
[Engine] Starting Workflow: undefined at node: fetch_assignments
[Engine] Step 1: Executing node 'fetch_assignments' with handler 'getAssignments'

stdout | tests/kitchen.test.js > Módulo Cocina — Recetario > COC-08 Actualiza la ficha técnica (método de preparación e imagen)
[Engine] Starting Workflow: undefined at node: fetch_finished
[Engine] Step 1: Executing node 'fetch_finished' with handler 'getFinishedDishes'

stderr | tests/menu-digital.test.js > Módulo Público — Menú Digital > PUB-04 Rechaza llamada si la mesa no existe
[SchemaRouter] Execution Failed for /tables/:tableCode/call-waiter: Error: Mesa no encontrada o inválida.
    at registerWaiterCall (/app/src/helpers/public-menu.helper.js:23:25)
    at processTicksAndRejections (node:internal/process/task_queues:95:5)
    at executeWorkflow (/app/src/engine/orchestrator.js:53:13)
    at /app/src/engine/schemaRouter.js:169:36
    at dispatch (file:///app/node_modules/hono/dist/compose.js:22:17)
    at /app/src/middleware/auth.middleware.js:66:35
    at dispatch (file:///app/node_modules/hono/dist/compose.js:22:17)
    at cors2 (file:///app/node_modules/hono/dist/middleware/cors/index.js:79:5)
    at dispatch (file:///app/node_modules/hono/dist/compose.js:22:17)
    at file:///app/node_modules/hono/dist/hono-base.js:301:25 {
  statusCode: 404
}

stdout | tests/cashier.test.js > Módulo Caja > CAJA-06 Devuelve el tablero de mesas en AWAITING_PAYMENT
[Engine] Starting Workflow: undefined at node: fetch_board
[Engine] Step 1: Executing node 'fetch_board' with handler 'getCashierBoard'

stdout | tests/waiter.test.js > Módulo POS — Mesero > POS-05 Abre una mesa creando la cabecera de comanda
[Engine] Workflow 'undefined' completed successfully after 2 steps.

stderr | tests/kitchen-kds.test.js > Módulo KDS — Tablero de Cocina > KDS-05 Devuelve 404 si el item no puede avanzar por flujo incorrecto
PostgreSQL Query Error: error: El item no puede avanzar a PREPARING. Estado actual no es PENDING_KITCHEN.
    at /app/node_modules/pg/lib/client.js:631:17
    at processTicksAndRejections (node:internal/process/task_queues:95:5)
    at executeQuery (/app/src/db/connection.js:51:28)
    at executeStoredProcedure (/app/src/db/connection.js:80:12)
    at Module.setItemPreparing (/app/src/models/kitchen.model.js:75:5)
    at updateKitchenItemStatus (/app/src/helpers/kitchen.helper.js:184:13)
    at executeWorkflow (/app/src/engine/orchestrator.js:53:13)
    at /app/src/engine/schemaRouter.js:169:36
    at dispatch (file:///app/node_modules/hono/dist/compose.js:22:17)
    at /app/src/middleware/auth.middleware.js:66:35 {
  length: 198,
  severity: 'ERROR',
  code: 'P0001',
  detail: undefined,
  hint: undefined,
  position: undefined,
  internalPosition: undefined,
  internalQuery: undefined,
  where: 'PL/pgSQL function sp_kds_set_preparing(uuid) line 8 at RAISE',
  schema: undefined,
  table: undefined,
  column: undefined,
  dataType: undefined,
  constraint: undefined,
  file: 'pl_exec.c',
  line: '3905',
  routine: 'exec_stmt_raise'
}

stdout | tests/kitchen.test.js > Módulo Cocina — Recetario > COC-08 Actualiza la ficha técnica (método de preparación e imagen)
[Engine] Workflow 'undefined' completed successfully after 1 steps.

stdout | tests/admin-floor.test.js > Módulo Admin — Gestión de Piso > PISO-13 Recupera las asignaciones del día
[Engine] Workflow 'undefined' completed successfully after 1 steps.

stdout | tests/admin-menu.test.js > Módulo Admin — Menú > MENU-12 Elimina un platillo exitosamente
[Engine] Workflow 'undefined' completed successfully after 1 steps.

stdout | tests/waiter.test.js > Módulo POS — Mesero > POS-06 Devuelve la orden existente si la mesa ya está abierta (idempotente)
[Engine] Starting Workflow: undefined at node: open_session
[Engine] Step 1: Executing node 'open_session' with handler 'openTable'

stdout | tests/e2e-operacion.test.js > E2E — Operación Completa de un Turno > E2E-02 Mesero envía la comanda con un taco
[Engine] Workflow 'undefined' completed successfully after 2 steps.

stdout | tests/admin-floor.test.js > Módulo Admin — Gestión de Piso > PISO-14 Crea asignación SEMANA y genera 7 registros
[Engine] Starting Workflow: undefined at node: save_assignment
[Engine] Step 1: Executing node 'save_assignment' with handler 'saveAssignment'

stderr | tests/kitchen-kds.test.js > Módulo KDS — Tablero de Cocina > KDS-05 Devuelve 404 si el item no puede avanzar por flujo incorrecto
[SchemaRouter] Execution Failed for /items/:itemId/status: AppError: El item no puede avanzar a PREPARING. Estado actual no es PENDING_KITCHEN.
    at updateKitchenItemStatus (/app/src/helpers/kitchen.helper.js:194:19)
    at processTicksAndRejections (node:internal/process/task_queues:95:5)
    at executeWorkflow (/app/src/engine/orchestrator.js:53:13)
    at /app/src/engine/schemaRouter.js:169:36
    at dispatch (file:///app/node_modules/hono/dist/compose.js:22:17)
    at /app/src/middleware/auth.middleware.js:66:35
    at dispatch (file:///app/node_modules/hono/dist/compose.js:22:17)
    at cors2 (file:///app/node_modules/hono/dist/middleware/cors/index.js:79:5)
    at dispatch (file:///app/node_modules/hono/dist/compose.js:22:17)
    at file:///app/node_modules/hono/dist/hono-base.js:301:25 {
  statusCode: 404,
  status: 'fail',
  isOperational: true
}

 ✓ tests/admin-inventory.test.js (8 tests) 286ms
stdout | tests/cashier.test.js > Módulo Caja > CAJA-06 Devuelve el tablero de mesas en AWAITING_PAYMENT
[Engine] Workflow 'undefined' completed successfully after 2 steps.

stdout | tests/cashier.test.js > Módulo Caja > CAJA-07 Procesa el pago de una mesa y devuelve folio TKT-
[Engine] Starting Workflow: undefined at node: process_pay
[Engine] Step 1: Executing node 'process_pay' with handler 'processPayment'

stdout | tests/admin-employee.test.js > Módulo Admin — Empleados y Catálogos > EMP-07 Inserta múltiples empleados en una sola transacción
[Engine] Workflow 'undefined' completed successfully after 1 steps.

stdout | tests/e2e-operacion.test.js > E2E — Operación Completa de un Turno > E2E-03 Cocina avanza el item a PREPARING
[Engine] Starting Workflow: undefined at node: update_status
[Engine] Step 1: Executing node 'update_status' with handler 'updateKitchenItemStatus'

stdout | tests/admin-employee.test.js > Módulo Admin — Empleados y Catálogos > EMP-08 Webhook acepta un empleado válido y lo crea
[Engine] Starting Workflow: undefined at node: process_webhook
[Engine] Step 1: Executing node 'process_webhook' with handler 'processHrWebhook'

stdout | tests/admin-floor.test.js > Módulo Admin — Gestión de Piso > PISO-14 Crea asignación SEMANA y genera 7 registros
[Engine] Workflow 'undefined' completed successfully after 1 steps.

stdout | tests/admin-floor.test.js > Módulo Admin — Gestión de Piso > PISO-15 [Anti-Fatiga] Rechaza doble turno del mismo empleado en el mismo día (409)
[Engine] Starting Workflow: undefined at node: save_assignment
[Engine] Step 1: Executing node 'save_assignment' with handler 'saveAssignment'

stdout | tests/waiter.test.js > Módulo POS — Mesero > POS-06 Devuelve la orden existente si la mesa ya está abierta (idempotente)
[Engine] Workflow 'undefined' completed successfully after 2 steps.

 ✓ tests/admin-menu.test.js (12 tests) 309ms
stdout | tests/e2e-operacion.test.js > E2E — Operación Completa de un Turno > E2E-03 Cocina avanza el item a PREPARING
[Engine] Workflow 'undefined' completed successfully after 1 steps.

stdout | tests/waiter.test.js > Módulo POS — Mesero > POS-07 Rechaza abrir mesa si no existe
[Engine] Starting Workflow: undefined at node: open_session
[Engine] Step 1: Executing node 'open_session' with handler 'openTable'

stdout | tests/e2e-operacion.test.js > E2E — Operación Completa de un Turno > E2E-04 Cocina avanza el item a READY
[Engine] Starting Workflow: undefined at node: update_status
[Engine] Step 1: Executing node 'update_status' with handler 'updateKitchenItemStatus'

stderr | tests/admin-floor.test.js > Módulo Admin — Gestión de Piso > PISO-15 [Anti-Fatiga] Rechaza doble turno del mismo empleado en el mismo día (409)
PostgreSQL Query Error: error: duplicate key value violates unique constraint "uq_fatiga_empleado"
    at /app/node_modules/pg/lib/client.js:631:17
    at processTicksAndRejections (node:internal/process/task_queues:95:5)
    at executeQuery (/app/src/db/connection.js:51:28)
    at executeStoredProcedure (/app/src/db/connection.js:80:12)
    at Module.createAssignmentRange (/app/src/models/admin-floor.model.js:58:5)
    at createAssignmentRangeHandler (/app/src/helpers/admin-floor.helper.js:127:9)
    at executeWorkflow (/app/src/engine/orchestrator.js:53:13)
    at /app/src/engine/schemaRouter.js:169:36
    at dispatch (file:///app/node_modules/hono/dist/compose.js:22:17)
    at /app/src/middleware/auth.middleware.js:66:35 {
  length: 559,
  severity: 'ERROR',
  code: '23505',
  detail: 'Key (employee_number, assignment_date)=(TEST-EMP-01, 2026-03-19) already exists.',
  hint: undefined,
  position: undefined,
  internalPosition: undefined,
  internalQuery: undefined,
  where: 'SQL statement "INSERT INTO restaurant_assignments (employee_number, zone_id, shift, assignment_date)\n' +
    '        VALUES (p_emp, v_zone_id, p_shift, v_curr_date)"\n' +
    'PL/pgSQL function sp_create_assignment_range(character varying,character varying,character varying,date,date) line 12 at SQL statement',
  schema: 'public',
  table: 'restaurant_assignments',
  column: undefined,
  dataType: undefined,
  constraint: 'uq_fatiga_empleado',
  file: 'nbtinsert.c',
  line: '664',
  routine: '_bt_check_unique'
}

 ✓ tests/kitchen.test.js (8 tests) 321ms
stderr | tests/admin-floor.test.js > Módulo Admin — Gestión de Piso > PISO-15 [Anti-Fatiga] Rechaza doble turno del mismo empleado en el mismo día (409)
[SchemaRouter] Execution Failed for /assignments: AppError: COLISIÓN: El empleado ya tiene un turno asignado en el rango de fechas seleccionado.
    at createAssignmentRangeHandler (/app/src/helpers/admin-floor.helper.js:133:23)
    at processTicksAndRejections (node:internal/process/task_queues:95:5)
    at executeWorkflow (/app/src/engine/orchestrator.js:53:13)
    at /app/src/engine/schemaRouter.js:169:36
    at dispatch (file:///app/node_modules/hono/dist/compose.js:22:17)
    at /app/src/middleware/auth.middleware.js:66:35
    at dispatch (file:///app/node_modules/hono/dist/compose.js:22:17)
    at cors2 (file:///app/node_modules/hono/dist/middleware/cors/index.js:79:5)
    at dispatch (file:///app/node_modules/hono/dist/compose.js:22:17)
    at file:///app/node_modules/hono/dist/hono-base.js:301:25 {
  statusCode: 409,
  status: 'fail',
  isOperational: true
}

stderr | tests/waiter.test.js > Módulo POS — Mesero > POS-07 Rechaza abrir mesa si no existe
[SchemaRouter] Execution Failed for /waiters/tables/:tableCode/open: AppError: La mesa no existe o está inactiva
    at openTableHandler (/app/src/helpers/waiter.helper.js:54:40)
    at processTicksAndRejections (node:internal/process/task_queues:95:5)
    at executeWorkflow (/app/src/engine/orchestrator.js:53:13)
    at /app/src/engine/schemaRouter.js:169:36
    at dispatch (file:///app/node_modules/hono/dist/compose.js:22:17)
    at /app/src/middleware/auth.middleware.js:66:35
    at dispatch (file:///app/node_modules/hono/dist/compose.js:22:17)
    at cors2 (file:///app/node_modules/hono/dist/middleware/cors/index.js:79:5)
    at dispatch (file:///app/node_modules/hono/dist/compose.js:22:17)
    at file:///app/node_modules/hono/dist/hono-base.js:301:25 {
  statusCode: 404,
  status: 'fail',
  isOperational: true
}

stdout | tests/admin-floor.test.js > Módulo Admin — Gestión de Piso > PISO-16 [Sobrecupo] Rechaza si la zona ya está ocupada en ese turno (409)
[Engine] Starting Workflow: undefined at node: save_assignment
[Engine] Step 1: Executing node 'save_assignment' with handler 'saveAssignment'

stdout | tests/waiter.test.js > Módulo POS — Mesero > POS-08 Rechaza abrir mesa si el empleado no existe
[Engine] Starting Workflow: undefined at node: open_session
[Engine] Step 1: Executing node 'open_session' with handler 'openTable'

stdout | tests/e2e-operacion.test.js > E2E — Operación Completa de un Turno > E2E-04 Cocina avanza el item a READY
[Engine] Workflow 'undefined' completed successfully after 1 steps.

stdout | tests/cashier.test.js > Módulo Caja > CAJA-07 Procesa el pago de una mesa y devuelve folio TKT-
[Engine] Workflow 'undefined' completed successfully after 2 steps.

stdout | tests/e2e-operacion.test.js > E2E — Operación Completa de un Turno > E2E-05 Mesero recolecta el item listo en cocina
[Engine] Starting Workflow: undefined at node: collect_item
[Engine] Step 1: Executing node 'collect_item' with handler 'waiterCollectItem'

stderr | tests/admin-floor.test.js > Módulo Admin — Gestión de Piso > PISO-16 [Sobrecupo] Rechaza si la zona ya está ocupada en ese turno (409)
PostgreSQL Query Error: error: duplicate key value violates unique constraint "uq_sobrecupo_zona"
    at /app/node_modules/pg/lib/client.js:631:17
    at processTicksAndRejections (node:internal/process/task_queues:95:5)
    at executeQuery (/app/src/db/connection.js:51:28)
    at executeStoredProcedure (/app/src/db/connection.js:80:12)
    at Module.createAssignmentRange (/app/src/models/admin-floor.model.js:58:5)
    at createAssignmentRangeHandler (/app/src/helpers/admin-floor.helper.js:127:9)
    at executeWorkflow (/app/src/engine/orchestrator.js:53:13)
    at /app/src/engine/schemaRouter.js:169:36
    at dispatch (file:///app/node_modules/hono/dist/compose.js:22:17)
    at /app/src/middleware/auth.middleware.js:66:35 {
  length: 591,
  severity: 'ERROR',
  code: '23505',
  detail: 'Key (zone_id, shift, assignment_date)=(65c1984f-1858-47c7-a002-c965a8382203, MATUTINO, 2026-03-19) already exists.',
  hint: undefined,
  position: undefined,
  internalPosition: undefined,
  internalQuery: undefined,
  where: 'SQL statement "INSERT INTO restaurant_assignments (employee_number, zone_id, shift, assignment_date)\n' +
    '        VALUES (p_emp, v_zone_id, p_shift, v_curr_date)"\n' +
    'PL/pgSQL function sp_create_assignment_range(character varying,character varying,character varying,date,date) line 12 at SQL statement',
  schema: 'public',
  table: 'restaurant_assignments',
  column: undefined,
  dataType: undefined,
  constraint: 'uq_sobrecupo_zona',
  file: 'nbtinsert.c',
  line: '664',
  routine: '_bt_check_unique'
}

 ✓ tests/menu-digital.test.js (5 tests) 334ms
stderr | tests/admin-floor.test.js > Módulo Admin — Gestión de Piso > PISO-16 [Sobrecupo] Rechaza si la zona ya está ocupada en ese turno (409)
[SchemaRouter] Execution Failed for /assignments: AppError: COLISIÓN: La zona ya está ocupada por otro mesero en el rango de fechas seleccionado.
    at createAssignmentRangeHandler (/app/src/helpers/admin-floor.helper.js:136:23)
    at processTicksAndRejections (node:internal/process/task_queues:95:5)
    at executeWorkflow (/app/src/engine/orchestrator.js:53:13)
    at /app/src/engine/schemaRouter.js:169:36
    at dispatch (file:///app/node_modules/hono/dist/compose.js:22:17)
    at /app/src/middleware/auth.middleware.js:66:35
    at dispatch (file:///app/node_modules/hono/dist/compose.js:22:17)
    at cors2 (file:///app/node_modules/hono/dist/middleware/cors/index.js:79:5)
    at dispatch (file:///app/node_modules/hono/dist/compose.js:22:17)
    at file:///app/node_modules/hono/dist/hono-base.js:301:25 {
  statusCode: 409,
  status: 'fail',
  isOperational: true
}

stdout | tests/admin-employee.test.js > Módulo Admin — Empleados y Catálogos > EMP-08 Webhook acepta un empleado válido y lo crea
[Engine] Workflow 'undefined' completed successfully after 1 steps.

stdout | tests/admin-floor.test.js > Módulo Admin — Gestión de Piso > PISO-17 [Rollback Recurrencia] Aborta toda la semana si un día genera conflicto (409)
[Engine] Starting Workflow: undefined at node: save_assignment
[Engine] Step 1: Executing node 'save_assignment' with handler 'saveAssignment'

stdout | tests/admin-employee.test.js > Módulo Admin — Empleados y Catálogos > EMP-09 Webhook rechaza si la posición no existe
[Engine] Starting Workflow: undefined at node: process_webhook
[Engine] Step 1: Executing node 'process_webhook' with handler 'processHrWebhook'

stdout | tests/cashier.test.js > Módulo Caja > CAJA-08 Rechaza pago si la mesa no existe (400)
[Engine] Starting Workflow: undefined at node: process_pay
[Engine] Step 1: Executing node 'process_pay' with handler 'processPayment'

stderr | tests/waiter.test.js > Módulo POS — Mesero > POS-08 Rechaza abrir mesa si el empleado no existe
[SchemaRouter] Execution Failed for /waiters/tables/:tableCode/open: AppError: El empleado no existe o está inactivo
    at openTableHandler (/app/src/helpers/waiter.helper.js:58:43)
    at processTicksAndRejections (node:internal/process/task_queues:95:5)
    at executeWorkflow (/app/src/engine/orchestrator.js:53:13)
    at /app/src/engine/schemaRouter.js:169:36
    at dispatch (file:///app/node_modules/hono/dist/compose.js:22:17)
    at /app/src/middleware/auth.middleware.js:66:35
    at dispatch (file:///app/node_modules/hono/dist/compose.js:22:17)
    at cors2 (file:///app/node_modules/hono/dist/middleware/cors/index.js:79:5)
    at dispatch (file:///app/node_modules/hono/dist/compose.js:22:17)
    at file:///app/node_modules/hono/dist/hono-base.js:301:25 {
  statusCode: 404,
  status: 'fail',
  isOperational: true
}

stdout | tests/e2e-operacion.test.js > E2E — Operación Completa de un Turno > E2E-05 Mesero recolecta el item listo en cocina
[Engine] Workflow 'undefined' completed successfully after 2 steps.

stdout | tests/e2e-operacion.test.js > E2E — Operación Completa de un Turno > E2E-06 Mesero entrega el item en la mesa
[Engine] Starting Workflow: undefined at node: deliver_item
[Engine] Step 1: Executing node 'deliver_item' with handler 'waiterDeliverItem'

stderr | tests/admin-floor.test.js > Módulo Admin — Gestión de Piso > PISO-17 [Rollback Recurrencia] Aborta toda la semana si un día genera conflicto (409)
PostgreSQL Query Error: error: duplicate key value violates unique constraint "uq_sobrecupo_zona"
    at /app/node_modules/pg/lib/client.js:631:17
    at processTicksAndRejections (node:internal/process/task_queues:95:5)
    at executeQuery (/app/src/db/connection.js:51:28)
    at executeStoredProcedure (/app/src/db/connection.js:80:12)
    at Module.createAssignmentRange (/app/src/models/admin-floor.model.js:58:5)
    at createAssignmentRangeHandler (/app/src/helpers/admin-floor.helper.js:127:9)
    at executeWorkflow (/app/src/engine/orchestrator.js:53:13)
    at /app/src/engine/schemaRouter.js:169:36
    at dispatch (file:///app/node_modules/hono/dist/compose.js:22:17)
    at /app/src/middleware/auth.middleware.js:66:35 {
  length: 593,
  severity: 'ERROR',
  code: '23505',
  detail: 'Key (zone_id, shift, assignment_date)=(65c1984f-1858-47c7-a002-c965a8382203, VESPERTINO, 2026-03-19) already exists.',
  hint: undefined,
  position: undefined,
  internalPosition: undefined,
  internalQuery: undefined,
  where: 'SQL statement "INSERT INTO restaurant_assignments (employee_number, zone_id, shift, assignment_date)\n' +
    '        VALUES (p_emp, v_zone_id, p_shift, v_curr_date)"\n' +
    'PL/pgSQL function sp_create_assignment_range(character varying,character varying,character varying,date,date) line 12 at SQL statement',
  schema: 'public',
  table: 'restaurant_assignments',
  column: undefined,
  dataType: undefined,
  constraint: 'uq_sobrecupo_zona',
  file: 'nbtinsert.c',
  line: '664',
  routine: '_bt_check_unique'
}

stdout | tests/waiter.test.js > Módulo POS — Mesero > POS-09 Envía platillos a la comanda abierta
[Engine] Starting Workflow: undefined at node: process_order
[Engine] Step 1: Executing node 'process_order' with handler 'submitOrder'

stderr | tests/cashier.test.js > Módulo Caja > CAJA-08 Rechaza pago si la mesa no existe (400)
PostgreSQL Query Error: error: Mesa no encontrada o inactiva: MESA-FALSA
    at /app/node_modules/pg/lib/client.js:631:17
    at processTicksAndRejections (node:internal/process/task_queues:95:5)
    at executeQuery (/app/src/db/connection.js:51:28)
    at executeStoredProcedure (/app/src/db/connection.js:80:12)
    at processPayment (/app/src/models/cashier.model.js:28:5)
    at submitPayment (/app/src/helpers/cashier.helper.js:81:9)
    at executeWorkflow (/app/src/engine/orchestrator.js:53:13)
    at /app/src/engine/schemaRouter.js:169:36
    at dispatch (file:///app/node_modules/hono/dist/compose.js:22:17)
    at /app/src/middleware/auth.middleware.js:66:35 {
  length: 173,
  severity: 'ERROR',
  code: 'P0001',
  detail: undefined,
  hint: undefined,
  position: undefined,
  internalPosition: undefined,
  internalQuery: undefined,
  where: 'PL/pgSQL function sp_cashier_process_payment(jsonb) line 40 at RAISE',
  schema: undefined,
  table: undefined,
  column: undefined,
  dataType: undefined,
  constraint: undefined,
  file: 'pl_exec.c',
  line: '3905',
  routine: 'exec_stmt_raise'
}

stderr | tests/admin-floor.test.js > Módulo Admin — Gestión de Piso > PISO-17 [Rollback Recurrencia] Aborta toda la semana si un día genera conflicto (409)
[SchemaRouter] Execution Failed for /assignments: AppError: COLISIÓN: La zona ya está ocupada por otro mesero en el rango de fechas seleccionado.
    at createAssignmentRangeHandler (/app/src/helpers/admin-floor.helper.js:136:23)
    at processTicksAndRejections (node:internal/process/task_queues:95:5)
    at executeWorkflow (/app/src/engine/orchestrator.js:53:13)
    at /app/src/engine/schemaRouter.js:169:36
    at dispatch (file:///app/node_modules/hono/dist/compose.js:22:17)
    at /app/src/middleware/auth.middleware.js:66:35
    at dispatch (file:///app/node_modules/hono/dist/compose.js:22:17)
    at cors2 (file:///app/node_modules/hono/dist/middleware/cors/index.js:79:5)
    at dispatch (file:///app/node_modules/hono/dist/compose.js:22:17)
    at file:///app/node_modules/hono/dist/hono-base.js:301:25 {
  statusCode: 409,
  status: 'fail',
  isOperational: true
}

stdout | tests/admin-floor.test.js > Módulo Admin — Gestión de Piso > PISO-18 Elimina una asignación exitosamente
[Engine] Starting Workflow: undefined at node: fetch_assignments
[Engine] Step 1: Executing node 'fetch_assignments' with handler 'getAssignments'

stderr | tests/admin-employee.test.js > Módulo Admin — Empleados y Catálogos > EMP-09 Webhook rechaza si la posición no existe
[SchemaRouter] Execution Failed for /employees/webhook: AppError: Rechazado: La posición '99-99' no existe.
    at processHrWebhook (/app/src/helpers/admin-employee.helper.js:54:15)
    at processTicksAndRejections (node:internal/process/task_queues:95:5)
    at executeWorkflow (/app/src/engine/orchestrator.js:53:13)
    at /app/src/engine/schemaRouter.js:169:36
    at dispatch (file:///app/node_modules/hono/dist/compose.js:22:17)
    at /app/src/middleware/auth.middleware.js:66:35
    at dispatch (file:///app/node_modules/hono/dist/compose.js:22:17)
    at cors2 (file:///app/node_modules/hono/dist/middleware/cors/index.js:79:5)
    at dispatch (file:///app/node_modules/hono/dist/compose.js:22:17)
    at file:///app/node_modules/hono/dist/hono-base.js:301:25 {
  statusCode: 400,
  status: 'fail',
  isOperational: true
}

stderr | tests/cashier.test.js > Módulo Caja > CAJA-08 Rechaza pago si la mesa no existe (400)
[SchemaRouter] Execution Failed for /cashier/tables/:tableCode/pay: AppError: Mesa no encontrada o inactiva: MESA-FALSA
    at submitPayment (/app/src/helpers/cashier.helper.js:97:19)
    at processTicksAndRejections (node:internal/process/task_queues:95:5)
    at executeWorkflow (/app/src/engine/orchestrator.js:53:13)
    at /app/src/engine/schemaRouter.js:169:36
    at dispatch (file:///app/node_modules/hono/dist/compose.js:22:17)
    at /app/src/middleware/auth.middleware.js:66:35
    at dispatch (file:///app/node_modules/hono/dist/compose.js:22:17)
    at cors2 (file:///app/node_modules/hono/dist/middleware/cors/index.js:79:5)
    at dispatch (file:///app/node_modules/hono/dist/compose.js:22:17)
    at file:///app/node_modules/hono/dist/hono-base.js:301:25 {
  statusCode: 400,
  status: 'fail',
  isOperational: true
}

stdout | tests/admin-employee.test.js > Módulo Admin — Empleados y Catálogos > EMP-10 Webhook rechaza si la fecha de ingreso es más antigua que la registrada
[Engine] Starting Workflow: undefined at node: process_webhook
[Engine] Step 1: Executing node 'process_webhook' with handler 'processHrWebhook'

stdout | tests/cashier.test.js > Módulo Caja > CAJA-10 Devuelve el ticket por folio existente
[Engine] Starting Workflow: undefined at node: fetch_ticket
[Engine] Step 1: Executing node 'fetch_ticket' with handler 'getTicketByFolio'

stdout | tests/admin-floor.test.js > Módulo Admin — Gestión de Piso > PISO-18 Elimina una asignación exitosamente
[Engine] Workflow 'undefined' completed successfully after 1 steps.

stdout | tests/e2e-operacion.test.js > E2E — Operación Completa de un Turno > E2E-06 Mesero entrega el item en la mesa
[Engine] Workflow 'undefined' completed successfully after 2 steps.

stdout | tests/admin-floor.test.js > Módulo Admin — Gestión de Piso > PISO-18 Elimina una asignación exitosamente
[Engine] Starting Workflow: undefined at node: remove_assignment
[Engine] Step 1: Executing node 'remove_assignment' with handler 'deleteAssignment'

stdout | tests/e2e-operacion.test.js > E2E — Operación Completa de un Turno > E2E-07 Mesero cierra la mesa enviándola a AWAITING_PAYMENT
[Engine] Starting Workflow: undefined at node: close_session
[Engine] Step 1: Executing node 'close_session' with handler 'closeTable'

stdout | tests/cashier.test.js > Módulo Caja > CAJA-10 Devuelve el ticket por folio existente
[Engine] Workflow 'undefined' completed successfully after 2 steps.

stdout | tests/cashier.test.js > Módulo Caja > CAJA-11 Devuelve 404 para un folio inexistente
[Engine] Starting Workflow: undefined at node: fetch_ticket
[Engine] Step 1: Executing node 'fetch_ticket' with handler 'getTicketByFolio'

 ✓ tests/kitchen-kds.test.js (5 tests) 367ms
stdout | tests/admin-floor.test.js > Módulo Admin — Gestión de Piso > PISO-18 Elimina una asignación exitosamente
[Engine] Workflow 'undefined' completed successfully after 1 steps.

stderr | tests/admin-employee.test.js > Módulo Admin — Empleados y Catálogos > EMP-10 Webhook rechaza si la fecha de ingreso es más antigua que la registrada
[SchemaRouter] Execution Failed for /employees/webhook: AppError: Rechazado: Payload más antiguo que la BD.
    at processHrWebhook (/app/src/helpers/admin-employee.helper.js:64:41)
    at processTicksAndRejections (node:internal/process/task_queues:95:5)
    at executeWorkflow (/app/src/engine/orchestrator.js:53:13)
    at /app/src/engine/schemaRouter.js:169:36
    at dispatch (file:///app/node_modules/hono/dist/compose.js:22:17)
    at /app/src/middleware/auth.middleware.js:66:35
    at dispatch (file:///app/node_modules/hono/dist/compose.js:22:17)
    at cors2 (file:///app/node_modules/hono/dist/middleware/cors/index.js:79:5)
    at dispatch (file:///app/node_modules/hono/dist/compose.js:22:17)
    at file:///app/node_modules/hono/dist/hono-base.js:301:25 {
  statusCode: 400,
  status: 'fail',
  isOperational: true
}

stderr | tests/cashier.test.js > Módulo Caja > CAJA-11 Devuelve 404 para un folio inexistente
[SchemaRouter] Execution Failed for /cashier/tickets/:folio: AppError: Ticket no encontrado: TKT-NO-EXISTE-000
    at getTicketByFolio (/app/src/helpers/cashier.helper.js:48:24)
    at processTicksAndRejections (node:internal/process/task_queues:95:5)
    at executeWorkflow (/app/src/engine/orchestrator.js:53:13)
    at /app/src/engine/schemaRouter.js:169:36
    at dispatch (file:///app/node_modules/hono/dist/compose.js:22:17)
    at /app/src/middleware/auth.middleware.js:66:35
    at dispatch (file:///app/node_modules/hono/dist/compose.js:22:17)
    at cors2 (file:///app/node_modules/hono/dist/middleware/cors/index.js:79:5)
    at dispatch (file:///app/node_modules/hono/dist/compose.js:22:17)
    at file:///app/node_modules/hono/dist/hono-base.js:301:25 {
  statusCode: 404,
  status: 'fail',
  isOperational: true
}

stdout | tests/admin-floor.test.js > Módulo Admin — Gestión de Piso > PISO-19 Impide borrar una zona si tiene mesas activas
[Engine] Starting Workflow: undefined at node: smart_delete_zone
[Engine] Step 1: Executing node 'smart_delete_zone' with handler 'deleteZone'

stdout | tests/waiter.test.js > Módulo POS — Mesero > POS-09 Envía platillos a la comanda abierta
[Engine] Workflow 'undefined' completed successfully after 2 steps.

stdout | tests/cashier.test.js > Módulo Caja > CAJA-12 Devuelve el corte Z del día con resumen por método de pago
[Engine] Starting Workflow: undefined at node: fetch_corte
[Engine] Step 1: Executing node 'fetch_corte' with handler 'getCashierCorte'

stdout | tests/admin-employee.test.js > Módulo Admin — Empleados y Catálogos > EMP-11 Sincroniza catálogo de áreas y puestos desde RRHH
[Engine] Starting Workflow: undefined at node: process_hr_catalogs
[Engine] Step 1: Executing node 'process_hr_catalogs' with handler 'syncHrCatalogs'

stdout | tests/waiter.test.js > Módulo POS — Mesero > POS-10 Rechaza comanda si el arreglo de items está vacío (Gatekeeper 400)
[Engine] Starting Workflow: undefined at node: process_order
[Engine] Step 1: Executing node 'process_order' with handler 'submitOrder'

stderr | tests/waiter.test.js > Módulo POS — Mesero > POS-10 Rechaza comanda si el arreglo de items está vacío (Gatekeeper 400)
[SchemaRouter] Execution Failed for /waiters/tables/:tableCode/orders: AppError: El pedido debe incluir al menos un artículo
    at submitOrderHandler (/app/src/helpers/waiter.helper.js:86:15)
    at executeWorkflow (/app/src/engine/orchestrator.js:53:19)
    at /app/src/engine/schemaRouter.js:169:42
    at processTicksAndRejections (node:internal/process/task_queues:95:5)
    at dispatch (file:///app/node_modules/hono/dist/compose.js:22:17)
    at /app/src/middleware/auth.middleware.js:66:35
    at dispatch (file:///app/node_modules/hono/dist/compose.js:22:17)
    at cors2 (file:///app/node_modules/hono/dist/middleware/cors/index.js:79:5)
    at dispatch (file:///app/node_modules/hono/dist/compose.js:22:17)
    at file:///app/node_modules/hono/dist/hono-base.js:301:25 {
  statusCode: 400,
  status: 'fail',
  isOperational: true
}

stdout | tests/waiter.test.js > Módulo POS — Mesero > POS-11 Rechaza comanda si el código de platillo no existe
[Engine] Starting Workflow: undefined at node: process_order
[Engine] Step 1: Executing node 'process_order' with handler 'submitOrder'

stderr | tests/admin-floor.test.js > Módulo Admin — Gestión de Piso > PISO-19 Impide borrar una zona si tiene mesas activas
PostgreSQL Query Error: error: La zona tiene mesas activas
    at /app/node_modules/pg/lib/client.js:631:17
    at processTicksAndRejections (node:internal/process/task_queues:95:5)
    at executeQuery (/app/src/db/connection.js:51:28)
    at executeStoredProcedure (/app/src/db/connection.js:80:12)
    at Module.deleteZoneSmart (/app/src/models/admin-floor.model.js:23:5)
    at deleteZone (/app/src/helpers/admin-floor.helper.js:44:9)
    at executeWorkflow (/app/src/engine/orchestrator.js:53:13)
    at /app/src/engine/schemaRouter.js:169:36
    at dispatch (file:///app/node_modules/hono/dist/compose.js:22:17)
    at /app/src/middleware/auth.middleware.js:66:35 {
  length: 165,
  severity: 'ERROR',
  code: 'P0001',
  detail: undefined,
  hint: undefined,
  position: undefined,
  internalPosition: undefined,
  internalQuery: undefined,
  where: 'PL/pgSQL function sp_delete_zone_smart(character varying) line 12 at RAISE',
  schema: undefined,
  table: undefined,
  column: undefined,
  dataType: undefined,
  constraint: undefined,
  file: 'pl_exec.c',
  line: '3905',
  routine: 'exec_stmt_raise'
}

stdout | tests/cashier.test.js > Módulo Caja > CAJA-12 Devuelve el corte Z del día con resumen por método de pago
[Engine] Workflow 'undefined' completed successfully after 2 steps.

stderr | tests/admin-floor.test.js > Módulo Admin — Gestión de Piso > PISO-19 Impide borrar una zona si tiene mesas activas
[SchemaRouter] Execution Failed for /zones/:code: AppError: La zona tiene mesas activas
    at deleteZone (/app/src/helpers/admin-floor.helper.js:47:43)
    at processTicksAndRejections (node:internal/process/task_queues:95:5)
    at executeWorkflow (/app/src/engine/orchestrator.js:53:13)
    at /app/src/engine/schemaRouter.js:169:36
    at dispatch (file:///app/node_modules/hono/dist/compose.js:22:17)
    at /app/src/middleware/auth.middleware.js:66:35
    at dispatch (file:///app/node_modules/hono/dist/compose.js:22:17)
    at cors2 (file:///app/node_modules/hono/dist/middleware/cors/index.js:79:5)
    at dispatch (file:///app/node_modules/hono/dist/compose.js:22:17)
    at file:///app/node_modules/hono/dist/hono-base.js:301:25 {
  statusCode: 400,
  status: 'fail',
  isOperational: true
}

stdout | tests/admin-floor.test.js > Módulo Admin — Gestión de Piso > PISO-20 Borra una mesa exitosamente
[Engine] Starting Workflow: undefined at node: smart_delete_table
[Engine] Step 1: Executing node 'smart_delete_table' with handler 'deleteTable'

stdout | tests/admin-employee.test.js > Módulo Admin — Empleados y Catálogos > EMP-11 Sincroniza catálogo de áreas y puestos desde RRHH
[Engine] Workflow 'undefined' completed successfully after 1 steps.

stderr | tests/waiter.test.js > Módulo POS — Mesero > POS-11 Rechaza comanda si el código de platillo no existe
PostgreSQL Query Error: error: Platillo no encontrado: PLATILLO-FALSO
    at /app/node_modules/pg/lib/client.js:631:17
    at processTicksAndRejections (node:internal/process/task_queues:95:5)
    at executeQuery (/app/src/db/connection.js:51:28)
    at executeStoredProcedure (/app/src/db/connection.js:80:12)
    at Module.submitOrderSP (/app/src/models/waiter.model.js:114:5)
    at submitOrderHandler (/app/src/helpers/waiter.helper.js:90:9)
    at executeWorkflow (/app/src/engine/orchestrator.js:53:13)
    at /app/src/engine/schemaRouter.js:169:36
    at dispatch (file:///app/node_modules/hono/dist/compose.js:22:17)
    at /app/src/middleware/auth.middleware.js:66:35 {
  length: 163,
  severity: 'ERROR',
  code: 'P0001',
  detail: undefined,
  hint: undefined,
  position: undefined,
  internalPosition: undefined,
  internalQuery: undefined,
  where: 'PL/pgSQL function sp_pos_submit_order(jsonb) line 63 at RAISE',
  schema: undefined,
  table: undefined,
  column: undefined,
  dataType: undefined,
  constraint: undefined,
  file: 'pl_exec.c',
  line: '3905',
  routine: 'exec_stmt_raise'
}

stderr | tests/waiter.test.js > Módulo POS — Mesero > POS-11 Rechaza comanda si el código de platillo no existe
[SchemaRouter] Execution Failed for /waiters/tables/:tableCode/orders: AppError: Error al enviar la comanda
    at submitOrderHandler (/app/src/helpers/waiter.helper.js:96:15)
    at processTicksAndRejections (node:internal/process/task_queues:95:5)
    at executeWorkflow (/app/src/engine/orchestrator.js:53:13)
    at /app/src/engine/schemaRouter.js:169:36
    at dispatch (file:///app/node_modules/hono/dist/compose.js:22:17)
    at /app/src/middleware/auth.middleware.js:66:35
    at dispatch (file:///app/node_modules/hono/dist/compose.js:22:17)
    at cors2 (file:///app/node_modules/hono/dist/middleware/cors/index.js:79:5)
    at dispatch (file:///app/node_modules/hono/dist/compose.js:22:17)
    at file:///app/node_modules/hono/dist/hono-base.js:301:25 {
  statusCode: 500,
  status: 'error',
  isOperational: true
}

stdout | tests/waiter.test.js > Módulo POS — Mesero > POS-12 Devuelve el estado de la comanda de una mesa con sus items
[Engine] Starting Workflow: undefined at node: fetch_order_status
[Engine] Step 1: Executing node 'fetch_order_status' with handler 'getWaiterOrderStatus'

stdout | tests/admin-employee.test.js > Módulo Admin — Empleados y Catálogos > CAT-01 Devuelve el catálogo de áreas activas
[Engine] Starting Workflow: undefined at node: fetch_areas
[Engine] Step 1: Executing node 'fetch_areas' with handler 'getAreas'

stdout | tests/admin-floor.test.js > Módulo Admin — Gestión de Piso > PISO-20 Borra una mesa exitosamente
[Engine] Workflow 'undefined' completed successfully after 1 steps.

stdout | tests/admin-floor.test.js > Módulo Admin — Gestión de Piso > PISO-21 Borra la zona una vez que está vacía
[Engine] Starting Workflow: undefined at node: smart_delete_zone
[Engine] Step 1: Executing node 'smart_delete_zone' with handler 'deleteZone'

stdout | tests/e2e-operacion.test.js > E2E — Operación Completa de un Turno > E2E-07 Mesero cierra la mesa enviándola a AWAITING_PAYMENT
[Engine] Workflow 'undefined' completed successfully after 2 steps.

stdout | tests/admin-employee.test.js > Módulo Admin — Empleados y Catálogos > CAT-01 Devuelve el catálogo de áreas activas
[Engine] Workflow 'undefined' completed successfully after 1 steps.

stdout | tests/admin-employee.test.js > Módulo Admin — Empleados y Catálogos > CAT-02 Crea un área nueva
[Engine] Starting Workflow: undefined at node: create_area_node
[Engine] Step 1: Executing node 'create_area_node' with handler 'createArea'

stdout | tests/waiter.test.js > Módulo POS — Mesero > POS-12 Devuelve el estado de la comanda de una mesa con sus items
[Engine] Workflow 'undefined' completed successfully after 2 steps.

stdout | tests/e2e-operacion.test.js > E2E — Operación Completa de un Turno > E2E-08 El tablero de caja muestra la mesa en AWAITING_PAYMENT
[Engine] Starting Workflow: undefined at node: fetch_board
[Engine] Step 1: Executing node 'fetch_board' with handler 'getCashierBoard'

stdout | tests/admin-floor.test.js > Módulo Admin — Gestión de Piso > PISO-21 Borra la zona una vez que está vacía
[Engine] Workflow 'undefined' completed successfully after 1 steps.

stdout | tests/admin-employee.test.js > Módulo Admin — Empleados y Catálogos > CAT-02 Crea un área nueva
[Engine] Workflow 'undefined' completed successfully after 1 steps.

stdout | tests/e2e-operacion.test.js > E2E — Operación Completa de un Turno > E2E-08 El tablero de caja muestra la mesa en AWAITING_PAYMENT
[Engine] Workflow 'undefined' completed successfully after 2 steps.

stdout | tests/e2e-operacion.test.js > E2E — Operación Completa de un Turno > E2E-09 Cajero procesa el pago y obtiene folio
[Engine] Starting Workflow: undefined at node: process_pay
[Engine] Step 1: Executing node 'process_pay' with handler 'processPayment'

stdout | tests/admin-employee.test.js > Módulo Admin — Empleados y Catálogos > CAT-03 Actualiza el nombre de un área
[Engine] Starting Workflow: undefined at node: update_area_node
[Engine] Step 1: Executing node 'update_area_node' with handler 'updateArea'

stdout | tests/waiter.test.js > Módulo POS — Mesero > POS-13 El mesero recolecta un item PENDING_FLOOR y descuenta inventario
[Engine] Starting Workflow: undefined at node: collect_item
[Engine] Step 1: Executing node 'collect_item' with handler 'waiterCollectItem'

stdout | tests/admin-employee.test.js > Módulo Admin — Empleados y Catálogos > CAT-03 Actualiza el nombre de un área
[Engine] Workflow 'undefined' completed successfully after 1 steps.

 ✓ tests/admin-floor.test.js (21 tests) 440ms
stdout | tests/admin-employee.test.js > Módulo Admin — Empleados y Catálogos > CAT-04 Desactiva lógicamente un área
[Engine] Starting Workflow: undefined at node: deactivate_area_node
[Engine] Step 1: Executing node 'deactivate_area_node' with handler 'deactivateArea'

stdout | tests/waiter.test.js > Módulo POS — Mesero > POS-13 El mesero recolecta un item PENDING_FLOOR y descuenta inventario
[Engine] Workflow 'undefined' completed successfully after 2 steps.

stdout | tests/waiter.test.js > Módulo POS — Mesero > POS-14 Rechaza recolección si el item ya fue recolectado
[Engine] Starting Workflow: undefined at node: collect_item
[Engine] Step 1: Executing node 'collect_item' with handler 'waiterCollectItem'

stdout | tests/e2e-operacion.test.js > E2E — Operación Completa de un Turno > E2E-09 Cajero procesa el pago y obtiene folio
[Engine] Workflow 'undefined' completed successfully after 2 steps.

stderr | tests/waiter.test.js > Módulo POS — Mesero > POS-14 Rechaza recolección si el item ya fue recolectado
PostgreSQL Query Error: error: El item no está listo para recolección. Status actual: COLLECTED
    at /app/node_modules/pg/lib/client.js:631:17
    at processTicksAndRejections (node:internal/process/task_queues:95:5)
    at executeQuery (/app/src/db/connection.js:51:28)
    at executeStoredProcedure (/app/src/db/connection.js:80:12)
    at Module.collectItemSP (/app/src/models/waiter.model.js:129:5)
    at waiterCollectItem (/app/src/helpers/waiter.helper.js:139:9)
    at executeWorkflow (/app/src/engine/orchestrator.js:53:13)
    at /app/src/engine/schemaRouter.js:169:36
    at dispatch (file:///app/node_modules/hono/dist/compose.js:22:17)
    at /app/src/middleware/auth.middleware.js:66:35 {
  length: 208,
  severity: 'ERROR',
  code: 'P0001',
  detail: undefined,
  hint: undefined,
  position: undefined,
  internalPosition: undefined,
  internalQuery: undefined,
  where: 'PL/pgSQL function sp_pos_collect_item(uuid,character varying) line 40 at RAISE',
  schema: undefined,
  table: undefined,
  column: undefined,
  dataType: undefined,
  constraint: undefined,
  file: 'pl_exec.c',
  line: '3905',
  routine: 'exec_stmt_raise'
}

stdout | tests/admin-employee.test.js > Módulo Admin — Empleados y Catálogos > CAT-04 Desactiva lógicamente un área
[Engine] Workflow 'undefined' completed successfully after 1 steps.

stderr | tests/waiter.test.js > Módulo POS — Mesero > POS-14 Rechaza recolección si el item ya fue recolectado
[SchemaRouter] Execution Failed for /waiters/tables/:tableCode/items/:itemId/collect: AppError: Error al recolectar el artículo
    at waiterCollectItem (/app/src/helpers/waiter.helper.js:143:15)
    at processTicksAndRejections (node:internal/process/task_queues:95:5)
    at executeWorkflow (/app/src/engine/orchestrator.js:53:13)
    at /app/src/engine/schemaRouter.js:169:36
    at dispatch (file:///app/node_modules/hono/dist/compose.js:22:17)
    at /app/src/middleware/auth.middleware.js:66:35
    at dispatch (file:///app/node_modules/hono/dist/compose.js:22:17)
    at cors2 (file:///app/node_modules/hono/dist/middleware/cors/index.js:79:5)
    at dispatch (file:///app/node_modules/hono/dist/compose.js:22:17)
    at file:///app/node_modules/hono/dist/hono-base.js:301:25 {
  statusCode: 500,
  status: 'error',
  isOperational: true
}

stdout | tests/e2e-operacion.test.js > E2E — Operación Completa de un Turno > E2E-10 El ticket puede consultarse por su folio
[Engine] Starting Workflow: undefined at node: fetch_ticket
[Engine] Step 1: Executing node 'fetch_ticket' with handler 'getTicketByFolio'

 ✓ tests/cashier.test.js (12 tests) 473ms
stdout | tests/e2e-operacion.test.js > E2E — Operación Completa de un Turno > E2E-10 El ticket puede consultarse por su folio
[Engine] Workflow 'undefined' completed successfully after 2 steps.

stdout | tests/admin-employee.test.js > Módulo Admin — Empleados y Catálogos > CAT-05 Actualiza múltiples áreas en bulk
[Engine] Starting Workflow: undefined at node: bulk_update_areas_node
[Engine] Step 1: Executing node 'bulk_update_areas_node' with handler 'bulkUpdateAreas'

stdout | tests/waiter.test.js > Módulo POS — Mesero > POS-15 El mesero entrega un item COLLECTED en la mesa
[Engine] Starting Workflow: undefined at node: deliver_item
[Engine] Step 1: Executing node 'deliver_item' with handler 'waiterDeliverItem'

stdout | tests/admin-employee.test.js > Módulo Admin — Empleados y Catálogos > CAT-05 Actualiza múltiples áreas en bulk
[Engine] Workflow 'undefined' completed successfully after 1 steps.

stdout | tests/waiter.test.js > Módulo POS — Mesero > POS-15 El mesero entrega un item COLLECTED en la mesa
[Engine] Workflow 'undefined' completed successfully after 2 steps.

stdout | tests/waiter.test.js > Módulo POS — Mesero > POS-16 Rechaza entrega si el item ya fue entregado
[Engine] Starting Workflow: undefined at node: deliver_item
[Engine] Step 1: Executing node 'deliver_item' with handler 'waiterDeliverItem'

stdout | tests/admin-employee.test.js > Módulo Admin — Empleados y Catálogos > CAT-06 Desactiva múltiples áreas en bulk
[Engine] Starting Workflow: undefined at node: bulk_deactivate_areas_node
[Engine] Step 1: Executing node 'bulk_deactivate_areas_node' with handler 'bulkDeactivateAreas'

stderr | tests/waiter.test.js > Módulo POS — Mesero > POS-16 Rechaza entrega si el item ya fue entregado
PostgreSQL Query Error: error: El artículo no pudo ser entregado. Debe estar en estado COLLECTED.
    at /app/node_modules/pg/lib/client.js:631:17
    at processTicksAndRejections (node:internal/process/task_queues:95:5)
    at executeQuery (/app/src/db/connection.js:51:28)
    at executeStoredProcedure (/app/src/db/connection.js:80:12)
    at Module.deliverItem (/app/src/models/waiter.model.js:55:5)
    at deliverItemHandler (/app/src/helpers/waiter.helper.js:156:9)
    at executeWorkflow (/app/src/engine/orchestrator.js:53:13)
    at /app/src/engine/schemaRouter.js:169:36
    at dispatch (file:///app/node_modules/hono/dist/compose.js:22:17)
    at /app/src/middleware/auth.middleware.js:66:35 {
  length: 190,
  severity: 'ERROR',
  code: 'P0001',
  detail: undefined,
  hint: undefined,
  position: undefined,
  internalPosition: undefined,
  internalQuery: undefined,
  where: 'PL/pgSQL function sp_pos_deliver_item(uuid) line 7 at RAISE',
  schema: undefined,
  table: undefined,
  column: undefined,
  dataType: undefined,
  constraint: undefined,
  file: 'pl_exec.c',
  line: '3905',
  routine: 'exec_stmt_raise'
}

stderr | tests/waiter.test.js > Módulo POS — Mesero > POS-16 Rechaza entrega si el item ya fue entregado
[SchemaRouter] Execution Failed for /waiters/tables/:tableCode/items/:itemId/deliver: AppError: El artículo no pudo ser entregado. Debe estar en estado COLLECTED.
    at deliverItemHandler (/app/src/helpers/waiter.helper.js:161:19)
    at processTicksAndRejections (node:internal/process/task_queues:95:5)
    at executeWorkflow (/app/src/engine/orchestrator.js:53:13)
    at /app/src/engine/schemaRouter.js:169:36
    at dispatch (file:///app/node_modules/hono/dist/compose.js:22:17)
    at /app/src/middleware/auth.middleware.js:66:35
    at dispatch (file:///app/node_modules/hono/dist/compose.js:22:17)
    at cors2 (file:///app/node_modules/hono/dist/middleware/cors/index.js:79:5)
    at dispatch (file:///app/node_modules/hono/dist/compose.js:22:17)
    at file:///app/node_modules/hono/dist/hono-base.js:301:25 {
  statusCode: 400,
  status: 'fail',
  isOperational: true
}

stdout | tests/waiter.test.js > Módulo POS — Mesero > POS-17 Cierra la mesa enviando la orden a AWAITING_PAYMENT
[Engine] Starting Workflow: undefined at node: close_session
[Engine] Step 1: Executing node 'close_session' with handler 'closeTable'

stdout | tests/admin-employee.test.js > Módulo Admin — Empleados y Catálogos > CAT-06 Desactiva múltiples áreas en bulk
[Engine] Workflow 'undefined' completed successfully after 1 steps.

stdout | tests/admin-employee.test.js > Módulo Admin — Empleados y Catálogos > CAT-07 Devuelve el catálogo de puestos activos
[Engine] Starting Workflow: undefined at node: fetch_job_titles
[Engine] Step 1: Executing node 'fetch_job_titles' with handler 'getJobTitles'

stdout | tests/admin-employee.test.js > Módulo Admin — Empleados y Catálogos > CAT-07 Devuelve el catálogo de puestos activos
[Engine] Workflow 'undefined' completed successfully after 1 steps.

stdout | tests/admin-employee.test.js > Módulo Admin — Empleados y Catálogos > CAT-08 Crea un puesto nuevo
[Engine] Starting Workflow: undefined at node: create_job_title_node
[Engine] Step 1: Executing node 'create_job_title_node' with handler 'createJobTitle'

stdout | tests/admin-employee.test.js > Módulo Admin — Empleados y Catálogos > CAT-08 Crea un puesto nuevo
[Engine] Workflow 'undefined' completed successfully after 1 steps.

stdout | tests/waiter.test.js > Módulo POS — Mesero > POS-17 Cierra la mesa enviando la orden a AWAITING_PAYMENT
[Engine] Workflow 'undefined' completed successfully after 2 steps.

stdout | tests/admin-employee.test.js > Módulo Admin — Empleados y Catálogos > CAT-09 Actualiza el nombre de un puesto
[Engine] Starting Workflow: undefined at node: update_job_node
[Engine] Step 1: Executing node 'update_job_node' with handler 'updateJobTitle'

stdout | tests/waiter.test.js > Módulo POS — Mesero > POS-18 Rechaza cierre si la mesa no tiene orden abierta
[Engine] Starting Workflow: undefined at node: close_session
[Engine] Step 1: Executing node 'close_session' with handler 'closeTable'

stdout | tests/admin-employee.test.js > Módulo Admin — Empleados y Catálogos > CAT-09 Actualiza el nombre de un puesto
[Engine] Workflow 'undefined' completed successfully after 1 steps.

stdout | tests/admin-employee.test.js > Módulo Admin — Empleados y Catálogos > CAT-10 Desactiva lógicamente un puesto
[Engine] Starting Workflow: undefined at node: deactivate_job_node
[Engine] Step 1: Executing node 'deactivate_job_node' with handler 'deactivateJobTitle'

stderr | tests/waiter.test.js > Módulo POS — Mesero > POS-18 Rechaza cierre si la mesa no tiene orden abierta
[SchemaRouter] Execution Failed for /waiters/tables/:tableCode/close: AppError: No hay ninguna orden abierta en esta mesa
    at closeTableHandler (/app/src/helpers/waiter.helper.js:117:47)
    at processTicksAndRejections (node:internal/process/task_queues:95:5)
    at executeWorkflow (/app/src/engine/orchestrator.js:53:13)
    at /app/src/engine/schemaRouter.js:169:36
    at dispatch (file:///app/node_modules/hono/dist/compose.js:22:17)
    at /app/src/middleware/auth.middleware.js:66:35
    at dispatch (file:///app/node_modules/hono/dist/compose.js:22:17)
    at cors2 (file:///app/node_modules/hono/dist/middleware/cors/index.js:79:5)
    at dispatch (file:///app/node_modules/hono/dist/compose.js:22:17)
    at file:///app/node_modules/hono/dist/hono-base.js:301:25 {
  statusCode: 400,
  status: 'fail',
  isOperational: true
}

 ✓ tests/e2e-operacion.test.js (10 tests) 597ms
stdout | tests/waiter.test.js > Módulo POS — Mesero > POS-19 Rechaza cierre si el empleado no existe
[Engine] Starting Workflow: undefined at node: close_session
[Engine] Step 1: Executing node 'close_session' with handler 'closeTable'

stdout | tests/admin-employee.test.js > Módulo Admin — Empleados y Catálogos > CAT-10 Desactiva lógicamente un puesto
[Engine] Workflow 'undefined' completed successfully after 1 steps.

stdout | tests/admin-employee.test.js > Módulo Admin — Empleados y Catálogos > CAT-11 Actualiza múltiples puestos en bulk
[Engine] Starting Workflow: undefined at node: bulk_update_job_titles_node
[Engine] Step 1: Executing node 'bulk_update_job_titles_node' with handler 'bulkUpdateJobTitles'

stderr | tests/waiter.test.js > Módulo POS — Mesero > POS-19 Rechaza cierre si el empleado no existe
[SchemaRouter] Execution Failed for /waiters/tables/:tableCode/close: AppError: El empleado no existe o está inactivo
    at closeTableHandler (/app/src/helpers/waiter.helper.js:114:43)
    at processTicksAndRejections (node:internal/process/task_queues:95:5)
    at executeWorkflow (/app/src/engine/orchestrator.js:53:13)
    at /app/src/engine/schemaRouter.js:169:36
    at dispatch (file:///app/node_modules/hono/dist/compose.js:22:17)
    at /app/src/middleware/auth.middleware.js:66:35
    at dispatch (file:///app/node_modules/hono/dist/compose.js:22:17)
    at cors2 (file:///app/node_modules/hono/dist/middleware/cors/index.js:79:5)
    at dispatch (file:///app/node_modules/hono/dist/compose.js:22:17)
    at file:///app/node_modules/hono/dist/hono-base.js:301:25 {
  statusCode: 404,
  status: 'fail',
  isOperational: true
}

stdout | tests/admin-employee.test.js > Módulo Admin — Empleados y Catálogos > CAT-11 Actualiza múltiples puestos en bulk
[Engine] Workflow 'undefined' completed successfully after 1 steps.

stdout | tests/admin-employee.test.js > Módulo Admin — Empleados y Catálogos > CAT-12 Desactiva múltiples puestos en bulk
[Engine] Starting Workflow: undefined at node: bulk_deactivate_job_titles_node
[Engine] Step 1: Executing node 'bulk_deactivate_job_titles_node' with handler 'bulkDeactivateJobTitles'

stdout | tests/admin-employee.test.js > Módulo Admin — Empleados y Catálogos > CAT-12 Desactiva múltiples puestos en bulk
[Engine] Workflow 'undefined' completed successfully after 1 steps.

 ✓ tests/waiter.test.js (19 tests) 722ms
 ✓ tests/admin-employee.test.js (23 tests) 753ms

 Test Files  11 passed (11)
      Tests  128 passed (128)
   Start at  17:27:55
   Duration  1.48s (transform 2.33s, setup 0ms, import 6.08s, tests 4.86s, environment 2ms)

